<?xml version="1.0" encoding="ISO-8859-1" ?>
<link_info>
   <banner>MSP430 Linker PC v20.2.1.LTS</banner>
   <copyright>Copyright (c) 2003-2018 Texas Instruments Incorporated</copyright>
   <link_time>0x5f92f46b</link_time>
   <link_errors>0x0</link_errors>
   <output_file>Theremin Digital Signal Processing.out</output_file>
   <entry_point>
      <name>_c_int00_noargs_mpu</name>
      <address>0xbc32</address>
   </entry_point>
   <input_file_list>
      <input_file id="fl-2">
         <path>.\</path>
         <kind>object</kind>
         <file>ADC.obj</file>
         <name>ADC.obj</name>
      </input_file>
      <input_file id="fl-3">
         <path>.\</path>
         <kind>object</kind>
         <file>DAC.obj</file>
         <name>DAC.obj</name>
      </input_file>
      <input_file id="fl-4">
         <path>.\</path>
         <kind>object</kind>
         <file>InitHardwareSubsystems.obj</file>
         <name>InitHardwareSubsystems.obj</name>
      </input_file>
      <input_file id="fl-5">
         <path>.\</path>
         <kind>object</kind>
         <file>main.obj</file>
         <name>main.obj</name>
      </input_file>
      <input_file id="fl-6">
         <path>.\</path>
         <kind>object</kind>
         <file>test_pins.obj</file>
         <name>test_pins.obj</name>
      </input_file>
      <input_file id="fl-7">
         <path>.\</path>
         <kind>object</kind>
         <file>test_sine_wave.obj</file>
         <name>test_sine_wave.obj</name>
      </input_file>
      <input_file id="fl-d">
         <kind>object</kind>
         <file>&lt;internal&gt;</file>
         <name>&lt;internal&gt;</name>
      </input_file>
      <input_file id="fl-28">
         <path>D:\Program Files\ti\ccs\ccs\tools\compiler\ti-cgt-msp430_20.2.1.LTS\lib\</path>
         <kind>archive</kind>
         <file>rts430x_lc_sd_eabi.lib</file>
         <name>copy_decompress_lzss.c.obj</name>
      </input_file>
      <input_file id="fl-29">
         <path>D:\Program Files\ti\ccs\ccs\tools\compiler\ti-cgt-msp430_20.2.1.LTS\lib\</path>
         <kind>archive</kind>
         <file>rts430x_lc_sd_eabi.lib</file>
         <name>copy_decompress_none.c.obj</name>
      </input_file>
      <input_file id="fl-2a">
         <path>D:\Program Files\ti\ccs\ccs\tools\compiler\ti-cgt-msp430_20.2.1.LTS\lib\</path>
         <kind>archive</kind>
         <file>rts430x_lc_sd_eabi.lib</file>
         <name>int22.asm.obj</name>
      </input_file>
      <input_file id="fl-2b">
         <path>D:\Program Files\ti\ccs\ccs\tools\compiler\ti-cgt-msp430_20.2.1.LTS\lib\</path>
         <kind>archive</kind>
         <file>rts430x_lc_sd_eabi.lib</file>
         <name>isr_trap.asm.obj</name>
      </input_file>
      <input_file id="fl-2c">
         <path>D:\Program Files\ti\ccs\ccs\tools\compiler\ti-cgt-msp430_20.2.1.LTS\lib\</path>
         <kind>archive</kind>
         <file>rts430x_lc_sd_eabi.lib</file>
         <name>int23.asm.obj</name>
      </input_file>
      <input_file id="fl-2d">
         <path>D:\Program Files\ti\ccs\ccs\tools\compiler\ti-cgt-msp430_20.2.1.LTS\lib\</path>
         <kind>archive</kind>
         <file>rts430x_lc_sd_eabi.lib</file>
         <name>int24.asm.obj</name>
      </input_file>
      <input_file id="fl-2e">
         <path>D:\Program Files\ti\ccs\ccs\tools\compiler\ti-cgt-msp430_20.2.1.LTS\lib\</path>
         <kind>archive</kind>
         <file>rts430x_lc_sd_eabi.lib</file>
         <name>int25.asm.obj</name>
      </input_file>
      <input_file id="fl-2f">
         <path>D:\Program Files\ti\ccs\ccs\tools\compiler\ti-cgt-msp430_20.2.1.LTS\lib\</path>
         <kind>archive</kind>
         <file>rts430x_lc_sd_eabi.lib</file>
         <name>int26.asm.obj</name>
      </input_file>
      <input_file id="fl-30">
         <path>D:\Program Files\ti\ccs\ccs\tools\compiler\ti-cgt-msp430_20.2.1.LTS\lib\</path>
         <kind>archive</kind>
         <file>rts430x_lc_sd_eabi.lib</file>
         <name>int27.asm.obj</name>
      </input_file>
      <input_file id="fl-31">
         <path>D:\Program Files\ti\ccs\ccs\tools\compiler\ti-cgt-msp430_20.2.1.LTS\lib\</path>
         <kind>archive</kind>
         <file>rts430x_lc_sd_eabi.lib</file>
         <name>int28.asm.obj</name>
      </input_file>
      <input_file id="fl-32">
         <path>D:\Program Files\ti\ccs\ccs\tools\compiler\ti-cgt-msp430_20.2.1.LTS\lib\</path>
         <kind>archive</kind>
         <file>rts430x_lc_sd_eabi.lib</file>
         <name>int29.asm.obj</name>
      </input_file>
      <input_file id="fl-33">
         <path>D:\Program Files\ti\ccs\ccs\tools\compiler\ti-cgt-msp430_20.2.1.LTS\lib\</path>
         <kind>archive</kind>
         <file>rts430x_lc_sd_eabi.lib</file>
         <name>int30.asm.obj</name>
      </input_file>
      <input_file id="fl-34">
         <path>D:\Program Files\ti\ccs\ccs\tools\compiler\ti-cgt-msp430_20.2.1.LTS\lib\</path>
         <kind>archive</kind>
         <file>rts430x_lc_sd_eabi.lib</file>
         <name>int31.asm.obj</name>
      </input_file>
      <input_file id="fl-35">
         <path>D:\Program Files\ti\ccs\ccs\tools\compiler\ti-cgt-msp430_20.2.1.LTS\lib\</path>
         <kind>archive</kind>
         <file>rts430x_lc_sd_eabi.lib</file>
         <name>int32.asm.obj</name>
      </input_file>
      <input_file id="fl-36">
         <path>D:\Program Files\ti\ccs\ccs\tools\compiler\ti-cgt-msp430_20.2.1.LTS\lib\</path>
         <kind>archive</kind>
         <file>rts430x_lc_sd_eabi.lib</file>
         <name>int33.asm.obj</name>
      </input_file>
      <input_file id="fl-37">
         <path>D:\Program Files\ti\ccs\ccs\tools\compiler\ti-cgt-msp430_20.2.1.LTS\lib\</path>
         <kind>archive</kind>
         <file>rts430x_lc_sd_eabi.lib</file>
         <name>int34.asm.obj</name>
      </input_file>
      <input_file id="fl-38">
         <path>D:\Program Files\ti\ccs\ccs\tools\compiler\ti-cgt-msp430_20.2.1.LTS\lib\</path>
         <kind>archive</kind>
         <file>rts430x_lc_sd_eabi.lib</file>
         <name>int35.asm.obj</name>
      </input_file>
      <input_file id="fl-39">
         <path>D:\Program Files\ti\ccs\ccs\tools\compiler\ti-cgt-msp430_20.2.1.LTS\lib\</path>
         <kind>archive</kind>
         <file>rts430x_lc_sd_eabi.lib</file>
         <name>int36.asm.obj</name>
      </input_file>
      <input_file id="fl-3a">
         <path>D:\Program Files\ti\ccs\ccs\tools\compiler\ti-cgt-msp430_20.2.1.LTS\lib\</path>
         <kind>archive</kind>
         <file>rts430x_lc_sd_eabi.lib</file>
         <name>int37.asm.obj</name>
      </input_file>
      <input_file id="fl-3b">
         <path>D:\Program Files\ti\ccs\ccs\tools\compiler\ti-cgt-msp430_20.2.1.LTS\lib\</path>
         <kind>archive</kind>
         <file>rts430x_lc_sd_eabi.lib</file>
         <name>int38.asm.obj</name>
      </input_file>
      <input_file id="fl-3c">
         <path>D:\Program Files\ti\ccs\ccs\tools\compiler\ti-cgt-msp430_20.2.1.LTS\lib\</path>
         <kind>archive</kind>
         <file>rts430x_lc_sd_eabi.lib</file>
         <name>int39.asm.obj</name>
      </input_file>
      <input_file id="fl-3d">
         <path>D:\Program Files\ti\ccs\ccs\tools\compiler\ti-cgt-msp430_20.2.1.LTS\lib\</path>
         <kind>archive</kind>
         <file>rts430x_lc_sd_eabi.lib</file>
         <name>int40.asm.obj</name>
      </input_file>
      <input_file id="fl-3e">
         <path>D:\Program Files\ti\ccs\ccs\tools\compiler\ti-cgt-msp430_20.2.1.LTS\lib\</path>
         <kind>archive</kind>
         <file>rts430x_lc_sd_eabi.lib</file>
         <name>int41.asm.obj</name>
      </input_file>
      <input_file id="fl-3f">
         <path>D:\Program Files\ti\ccs\ccs\tools\compiler\ti-cgt-msp430_20.2.1.LTS\lib\</path>
         <kind>archive</kind>
         <file>rts430x_lc_sd_eabi.lib</file>
         <name>int42.asm.obj</name>
      </input_file>
      <input_file id="fl-40">
         <path>D:\Program Files\ti\ccs\ccs\tools\compiler\ti-cgt-msp430_20.2.1.LTS\lib\</path>
         <kind>archive</kind>
         <file>rts430x_lc_sd_eabi.lib</file>
         <name>int44.asm.obj</name>
      </input_file>
      <input_file id="fl-41">
         <path>D:\Program Files\ti\ccs\ccs\tools\compiler\ti-cgt-msp430_20.2.1.LTS\lib\</path>
         <kind>archive</kind>
         <file>rts430x_lc_sd_eabi.lib</file>
         <name>int45.asm.obj</name>
      </input_file>
      <input_file id="fl-42">
         <path>D:\Program Files\ti\ccs\ccs\tools\compiler\ti-cgt-msp430_20.2.1.LTS\lib\</path>
         <kind>archive</kind>
         <file>rts430x_lc_sd_eabi.lib</file>
         <name>copy_zero_init.c.obj</name>
      </input_file>
      <input_file id="fl-43">
         <path>D:\Program Files\ti\ccs\ccs\tools\compiler\ti-cgt-msp430_20.2.1.LTS\lib\</path>
         <kind>archive</kind>
         <file>rts430x_lc_sd_eabi.lib</file>
         <name>cpy_util.asm.obj</name>
      </input_file>
      <input_file id="fl-44">
         <path>D:\Program Files\ti\ccs\ccs\tools\compiler\ti-cgt-msp430_20.2.1.LTS\lib\</path>
         <kind>archive</kind>
         <file>rts430x_lc_sd_eabi.lib</file>
         <name>addd.c.obj</name>
      </input_file>
      <input_file id="fl-45">
         <path>D:\Program Files\ti\ccs\ccs\tools\compiler\ti-cgt-msp430_20.2.1.LTS\lib\</path>
         <kind>archive</kind>
         <file>rts430x_lc_sd_eabi.lib</file>
         <name>frcaddd.c.obj</name>
      </input_file>
      <input_file id="fl-46">
         <path>D:\Program Files\ti\ccs\ccs\tools\compiler\ti-cgt-msp430_20.2.1.LTS\lib\</path>
         <kind>archive</kind>
         <file>rts430x_lc_sd_eabi.lib</file>
         <name>renormd.c.obj</name>
      </input_file>
      <input_file id="fl-47">
         <path>D:\Program Files\ti\ccs\ccs\tools\compiler\ti-cgt-msp430_20.2.1.LTS\lib\</path>
         <kind>archive</kind>
         <file>rts430x_lc_sd_eabi.lib</file>
         <name>fs_add.asm.obj</name>
      </input_file>
      <input_file id="fl-48">
         <path>D:\Program Files\ti\ccs\ccs\tools\compiler\ti-cgt-msp430_20.2.1.LTS\lib\</path>
         <kind>archive</kind>
         <file>rts430x_lc_sd_eabi.lib</file>
         <name>divd.c.obj</name>
      </input_file>
      <input_file id="fl-49">
         <path>D:\Program Files\ti\ccs\ccs\tools\compiler\ti-cgt-msp430_20.2.1.LTS\lib\</path>
         <kind>archive</kind>
         <file>rts430x_lc_sd_eabi.lib</file>
         <name>frcdivd.c.obj</name>
      </input_file>
      <input_file id="fl-4a">
         <path>D:\Program Files\ti\ccs\ccs\tools\compiler\ti-cgt-msp430_20.2.1.LTS\lib\</path>
         <kind>archive</kind>
         <file>rts430x_lc_sd_eabi.lib</file>
         <name>div32s.asm.obj</name>
      </input_file>
      <input_file id="fl-4b">
         <path>D:\Program Files\ti\ccs\ccs\tools\compiler\ti-cgt-msp430_20.2.1.LTS\lib\</path>
         <kind>archive</kind>
         <file>rts430x_lc_sd_eabi.lib</file>
         <name>div16u.asm.obj</name>
      </input_file>
      <input_file id="fl-4c">
         <path>D:\Program Files\ti\ccs\ccs\tools\compiler\ti-cgt-msp430_20.2.1.LTS\lib\</path>
         <kind>archive</kind>
         <file>rts430x_lc_sd_eabi.lib</file>
         <name>div32u.asm.obj</name>
      </input_file>
      <input_file id="fl-4d">
         <path>D:\Program Files\ti\ccs\ccs\tools\compiler\ti-cgt-msp430_20.2.1.LTS\lib\</path>
         <kind>archive</kind>
         <file>rts430x_lc_sd_eabi.lib</file>
         <name>fixdi.c.obj</name>
      </input_file>
      <input_file id="fl-4e">
         <path>D:\Program Files\ti\ccs\ccs\tools\compiler\ti-cgt-msp430_20.2.1.LTS\lib\</path>
         <kind>archive</kind>
         <file>rts430x_lc_sd_eabi.lib</file>
         <name>fixdli.c.obj</name>
      </input_file>
      <input_file id="fl-4f">
         <path>D:\Program Files\ti\ccs\ccs\tools\compiler\ti-cgt-msp430_20.2.1.LTS\lib\</path>
         <kind>archive</kind>
         <file>rts430x_lc_sd_eabi.lib</file>
         <name>fixdu.c.obj</name>
      </input_file>
      <input_file id="fl-50">
         <path>D:\Program Files\ti\ccs\ccs\tools\compiler\ti-cgt-msp430_20.2.1.LTS\lib\</path>
         <kind>archive</kind>
         <file>rts430x_lc_sd_eabi.lib</file>
         <name>fixdul.c.obj</name>
      </input_file>
      <input_file id="fl-51">
         <path>D:\Program Files\ti\ccs\ccs\tools\compiler\ti-cgt-msp430_20.2.1.LTS\lib\</path>
         <kind>archive</kind>
         <file>rts430x_lc_sd_eabi.lib</file>
         <name>fs_tou.asm.obj</name>
      </input_file>
      <input_file id="fl-52">
         <path>D:\Program Files\ti\ccs\ccs\tools\compiler\ti-cgt-msp430_20.2.1.LTS\lib\</path>
         <kind>archive</kind>
         <file>rts430x_lc_sd_eabi.lib</file>
         <name>fs_itof.asm.obj</name>
      </input_file>
      <input_file id="fl-53">
         <path>D:\Program Files\ti\ccs\ccs\tools\compiler\ti-cgt-msp430_20.2.1.LTS\lib\</path>
         <kind>archive</kind>
         <file>rts430x_lc_sd_eabi.lib</file>
         <name>fltud.c.obj</name>
      </input_file>
      <input_file id="fl-54">
         <path>D:\Program Files\ti\ccs\ccs\tools\compiler\ti-cgt-msp430_20.2.1.LTS\lib\</path>
         <kind>archive</kind>
         <file>rts430x_lc_sd_eabi.lib</file>
         <name>fltuld.c.obj</name>
      </input_file>
      <input_file id="fl-55">
         <path>D:\Program Files\ti\ccs\ccs\tools\compiler\ti-cgt-msp430_20.2.1.LTS\lib\</path>
         <kind>archive</kind>
         <file>rts430x_lc_sd_eabi.lib</file>
         <name>mpyd.c.obj</name>
      </input_file>
      <input_file id="fl-56">
         <path>D:\Program Files\ti\ccs\ccs\tools\compiler\ti-cgt-msp430_20.2.1.LTS\lib\</path>
         <kind>archive</kind>
         <file>rts430x_lc_sd_eabi.lib</file>
         <name>frcmpyd.c.obj</name>
      </input_file>
      <input_file id="fl-57">
         <path>D:\Program Files\ti\ccs\ccs\tools\compiler\ti-cgt-msp430_20.2.1.LTS\lib\</path>
         <kind>archive</kind>
         <file>rts430x_lc_sd_eabi.lib</file>
         <name>mult16.asm.obj</name>
      </input_file>
      <input_file id="fl-58">
         <path>D:\Program Files\ti\ccs\ccs\tools\compiler\ti-cgt-msp430_20.2.1.LTS\lib\</path>
         <kind>archive</kind>
         <file>rts430x_lc_sd_eabi.lib</file>
         <name>mult16_f5hw.asm.obj</name>
      </input_file>
      <input_file id="fl-59">
         <path>D:\Program Files\ti\ccs\ccs\tools\compiler\ti-cgt-msp430_20.2.1.LTS\lib\</path>
         <kind>archive</kind>
         <file>rts430x_lc_sd_eabi.lib</file>
         <name>mult32.asm.obj</name>
      </input_file>
      <input_file id="fl-5a">
         <path>D:\Program Files\ti\ccs\ccs\tools\compiler\ti-cgt-msp430_20.2.1.LTS\lib\</path>
         <kind>archive</kind>
         <file>rts430x_lc_sd_eabi.lib</file>
         <name>mult32_f5hw.asm.obj</name>
      </input_file>
      <input_file id="fl-5b">
         <path>D:\Program Files\ti\ccs\ccs\tools\compiler\ti-cgt-msp430_20.2.1.LTS\lib\</path>
         <kind>archive</kind>
         <file>rts430x_lc_sd_eabi.lib</file>
         <name>mult64_f5hw.asm.obj</name>
      </input_file>
      <input_file id="fl-5c">
         <path>D:\Program Files\ti\ccs\ccs\tools\compiler\ti-cgt-msp430_20.2.1.LTS\lib\</path>
         <kind>archive</kind>
         <file>rts430x_lc_sd_eabi.lib</file>
         <name>mult1632_f5hw.asm.obj</name>
      </input_file>
      <input_file id="fl-5d">
         <path>D:\Program Files\ti\ccs\ccs\tools\compiler\ti-cgt-msp430_20.2.1.LTS\lib\</path>
         <kind>archive</kind>
         <file>rts430x_lc_sd_eabi.lib</file>
         <name>mult3264_f5hw.asm.obj</name>
      </input_file>
      <input_file id="fl-5e">
         <path>D:\Program Files\ti\ccs\ccs\tools\compiler\ti-cgt-msp430_20.2.1.LTS\lib\</path>
         <kind>archive</kind>
         <file>rts430x_lc_sd_eabi.lib</file>
         <name>lsl32.asm.obj</name>
      </input_file>
      <input_file id="fl-5f">
         <path>D:\Program Files\ti\ccs\ccs\tools\compiler\ti-cgt-msp430_20.2.1.LTS\lib\</path>
         <kind>archive</kind>
         <file>rts430x_lc_sd_eabi.lib</file>
         <name>asr32.asm.obj</name>
      </input_file>
      <input_file id="fl-60">
         <path>D:\Program Files\ti\ccs\ccs\tools\compiler\ti-cgt-msp430_20.2.1.LTS\lib\</path>
         <kind>archive</kind>
         <file>rts430x_lc_sd_eabi.lib</file>
         <name>lsr32.asm.obj</name>
      </input_file>
      <input_file id="fl-61">
         <path>D:\Program Files\ti\ccs\ccs\tools\compiler\ti-cgt-msp430_20.2.1.LTS\lib\</path>
         <kind>archive</kind>
         <file>rts430x_lc_sd_eabi.lib</file>
         <name>lsr64.c.obj</name>
      </input_file>
      <input_file id="fl-62">
         <path>D:\Program Files\ti\ccs\ccs\tools\compiler\ti-cgt-msp430_20.2.1.LTS\lib\</path>
         <kind>archive</kind>
         <file>rts430x_lc_sd_eabi.lib</file>
         <name>subd.c.obj</name>
      </input_file>
      <input_file id="fl-63">
         <path>D:\Program Files\ti\ccs\ccs\tools\compiler\ti-cgt-msp430_20.2.1.LTS\lib\</path>
         <kind>archive</kind>
         <file>rts430x_lc_sd_eabi.lib</file>
         <name>boot.c.obj</name>
      </input_file>
      <input_file id="fl-64">
         <path>D:\Program Files\ti\ccs\ccs\ccs_base\msp430\lib\FR2xx\</path>
         <kind>archive</kind>
         <file>FRWP_INIT_LIB_CCS_msp430_large_code_small_data.lib</file>
         <name>frwp_init.obj</name>
      </input_file>
      <input_file id="fl-65">
         <path>D:\Program Files\ti\ccs\ccs\tools\compiler\ti-cgt-msp430_20.2.1.LTS\lib\</path>
         <kind>archive</kind>
         <file>rts430x_lc_sd_eabi.lib</file>
         <name>args_main.c.obj</name>
      </input_file>
      <input_file id="fl-66">
         <path>D:\Program Files\ti\ccs\ccs\tools\compiler\ti-cgt-msp430_20.2.1.LTS\lib\</path>
         <kind>archive</kind>
         <file>rts430x_lc_sd_eabi.lib</file>
         <name>autoinit.c.obj</name>
      </input_file>
      <input_file id="fl-67">
         <path>D:\Program Files\ti\ccs\ccs\tools\compiler\ti-cgt-msp430_20.2.1.LTS\lib\</path>
         <kind>archive</kind>
         <file>rts430x_lc_sd_eabi.lib</file>
         <name>startup.c.obj</name>
      </input_file>
      <input_file id="fl-68">
         <path>D:\Program Files\ti\ccs\ccs\tools\compiler\ti-cgt-msp430_20.2.1.LTS\lib\</path>
         <kind>archive</kind>
         <file>rts430x_lc_sd_eabi.lib</file>
         <name>pre_init.c.obj</name>
      </input_file>
      <input_file id="fl-69">
         <path>D:\Program Files\ti\ccs\ccs\tools\compiler\ti-cgt-msp430_20.2.1.LTS\lib\</path>
         <kind>archive</kind>
         <file>rts430x_lc_sd_eabi.lib</file>
         <name>cpy_tbl.c.obj</name>
      </input_file>
      <input_file id="fl-6a">
         <path>D:\Program Files\ti\ccs\ccs\tools\compiler\ti-cgt-msp430_20.2.1.LTS\lib\</path>
         <kind>archive</kind>
         <file>rts430x_lc_sd_eabi.lib</file>
         <name>exit.c.obj</name>
      </input_file>
      <input_file id="fl-6b">
         <path>D:\Program Files\ti\ccs\ccs\tools\compiler\ti-cgt-msp430_20.2.1.LTS\lib\</path>
         <kind>archive</kind>
         <file>rts430x_lc_sd_eabi.lib</file>
         <name>exit_gvars.c.obj</name>
      </input_file>
      <input_file id="fl-6c">
         <path>D:\Program Files\ti\ccs\ccs\tools\compiler\ti-cgt-msp430_20.2.1.LTS\lib\</path>
         <kind>archive</kind>
         <file>rts430x_lc_sd_eabi.lib</file>
         <name>_lock.c.obj</name>
      </input_file>
      <input_file id="fl-6d">
         <path>D:\Program Files\ti\ccs\ccs\tools\compiler\ti-cgt-msp430_20.2.1.LTS\lib\</path>
         <kind>archive</kind>
         <file>rts430x_lc_sd_eabi.lib</file>
         <name>e_log.c.obj</name>
      </input_file>
      <input_file id="fl-6e">
         <path>D:\Program Files\ti\ccs\ccs\tools\compiler\ti-cgt-msp430_20.2.1.LTS\lib\</path>
         <kind>archive</kind>
         <file>rts430x_lc_sd_eabi.lib</file>
         <name>cmpd.c.obj</name>
      </input_file>
      <input_file id="fl-6f">
         <path>D:\Program Files\ti\ccs\ccs\tools\compiler\ti-cgt-msp430_20.2.1.LTS\lib\</path>
         <kind>archive</kind>
         <file>rts430x_lc_sd_eabi.lib</file>
         <name>fltlid.c.obj</name>
      </input_file>
      <input_file id="fl-70">
         <path>D:\Program Files\ti\ccs\ccs\tools\compiler\ti-cgt-msp430_20.2.1.LTS\lib\</path>
         <kind>archive</kind>
         <file>rts430x_lc_sd_eabi.lib</file>
         <name>errno.c.obj</name>
      </input_file>
      <input_file id="fl-71">
         <path>D:\Program Files\ti\ccs\ccs\tools\compiler\ti-cgt-msp430_20.2.1.LTS\lib\</path>
         <kind>archive</kind>
         <file>rts430x_lc_sd_eabi.lib</file>
         <name>memcpy.c.obj</name>
      </input_file>
      <input_file id="fl-72">
         <path>D:\Program Files\ti\ccs\ccs\tools\compiler\ti-cgt-msp430_20.2.1.LTS\lib\</path>
         <kind>archive</kind>
         <file>rts430x_lc_sd_eabi.lib</file>
         <name>e_pow.c.obj</name>
      </input_file>
      <input_file id="fl-73">
         <path>D:\Program Files\ti\ccs\ccs\tools\compiler\ti-cgt-msp430_20.2.1.LTS\lib\</path>
         <kind>archive</kind>
         <file>rts430x_lc_sd_eabi.lib</file>
         <name>negd.c.obj</name>
      </input_file>
      <input_file id="fl-74">
         <path>D:\Program Files\ti\ccs\ccs\tools\compiler\ti-cgt-msp430_20.2.1.LTS\lib\</path>
         <kind>archive</kind>
         <file>rts430x_lc_sd_eabi.lib</file>
         <name>s_scalbn.c.obj</name>
      </input_file>
      <input_file id="fl-75">
         <path>D:\Program Files\ti\ccs\ccs\tools\compiler\ti-cgt-msp430_20.2.1.LTS\lib\</path>
         <kind>archive</kind>
         <file>rts430x_lc_sd_eabi.lib</file>
         <name>s_copysign.c.obj</name>
      </input_file>
      <input_file id="fl-76">
         <path>D:\Program Files\ti\ccs\ccs\tools\compiler\ti-cgt-msp430_20.2.1.LTS\lib\</path>
         <kind>archive</kind>
         <file>rts430x_lc_sd_eabi.lib</file>
         <name>e_sqrt.c.obj</name>
      </input_file>
   </input_file_list>
   <object_component_list>
      <object_component id="oc-7d8">
         <name>__TI_handler_table</name>
         <load_address>0x8000</load_address>
         <run_address>0x8000</run_address>
         <size>0xc</size>
      </object_component>
      <object_component id="oc-7da">
         <name>.cinit..bss.load</name>
         <load_address>0x800c</load_address>
         <run_address>0x800c</run_address>
         <size>0x6</size>
      </object_component>
      <object_component id="oc-7db">
         <name>.cinit..data.load</name>
         <load_address>0x8012</load_address>
         <run_address>0x8012</run_address>
         <size>0x6</size>
      </object_component>
      <object_component id="oc-7d9">
         <name>__TI_cinit_table</name>
         <load_address>0x8018</load_address>
         <run_address>0x8018</run_address>
         <size>0x10</size>
      </object_component>
      <object_component id="oc-778">
         <name>.binit</name>
         <load_address>0x8028</load_address>
         <run_address>0x8028</run_address>
         <size>0x0</size>
      </object_component>
      <object_component id="oc-501">
         <name>.const:SinusoidArray</name>
         <load_address>0x8028</load_address>
         <run_address>0x8028</run_address>
         <size>0x200</size>
         <input_file_ref idref="fl-3"/>
      </object_component>
      <object_component id="oc-710">
         <name>.const:bp</name>
         <load_address>0x8228</load_address>
         <run_address>0x8228</run_address>
         <size>0x10</size>
         <input_file_ref idref="fl-72"/>
      </object_component>
      <object_component id="oc-713">
         <name>.const:dp_h</name>
         <load_address>0x8238</load_address>
         <run_address>0x8238</run_address>
         <size>0x10</size>
         <input_file_ref idref="fl-72"/>
      </object_component>
      <object_component id="oc-716">
         <name>.const:dp_l</name>
         <load_address>0x8248</load_address>
         <run_address>0x8248</run_address>
         <size>0x10</size>
         <input_file_ref idref="fl-72"/>
      </object_component>
      <object_component id="oc-69f">
         <name>.text:pow</name>
         <load_address>0x8258</load_address>
         <run_address>0x8258</run_address>
         <size>0x1130</size>
         <input_file_ref idref="fl-72"/>
      </object_component>
      <object_component id="oc-602">
         <name>.text:log</name>
         <load_address>0x9388</load_address>
         <run_address>0x9388</run_address>
         <size>0x626</size>
         <input_file_ref idref="fl-6d"/>
      </object_component>
      <object_component id="oc-691">
         <name>.text:__TI_frcdivd</name>
         <load_address>0x99ae</load_address>
         <run_address>0x99ae</run_address>
         <size>0x466</size>
         <input_file_ref idref="fl-49"/>
      </object_component>
      <object_component id="oc-679">
         <name>.text:__mspabi_addd</name>
         <load_address>0x9e14</load_address>
         <run_address>0x9e14</run_address>
         <size>0x2de</size>
         <input_file_ref idref="fl-44"/>
      </object_component>
      <object_component id="oc-704">
         <name>.text:sqrt</name>
         <load_address>0xa0f2</load_address>
         <run_address>0xa0f2</run_address>
         <size>0x2dc</size>
         <input_file_ref idref="fl-76"/>
      </object_component>
      <object_component id="oc-561">
         <name>.text:__TI_frcmpyd</name>
         <load_address>0xa3ce</load_address>
         <run_address>0xa3ce</run_address>
         <size>0x280</size>
         <input_file_ref idref="fl-56"/>
      </object_component>
      <object_component id="oc-504">
         <name>.text:__mspabi_mpyd</name>
         <load_address>0xa64e</load_address>
         <run_address>0xa64e</run_address>
         <size>0x264</size>
         <input_file_ref idref="fl-55"/>
      </object_component>
      <object_component id="oc-6e5">
         <name>.text:__TI_frcaddd</name>
         <load_address>0xa8b2</load_address>
         <run_address>0xa8b2</run_address>
         <size>0x248</size>
         <input_file_ref idref="fl-45"/>
      </object_component>
      <object_component id="oc-608">
         <name>.text:__mspabi_divd</name>
         <load_address>0xaafa</load_address>
         <run_address>0xaafa</run_address>
         <size>0x220</size>
         <input_file_ref idref="fl-48"/>
      </object_component>
      <object_component id="oc-719">
         <name>.text:scalbn</name>
         <load_address>0xad1a</load_address>
         <run_address>0xad1a</run_address>
         <size>0x158</size>
         <input_file_ref idref="fl-74"/>
      </object_component>
      <object_component id="oc-515">
         <name>.text</name>
         <load_address>0xae72</load_address>
         <run_address>0xae72</run_address>
         <size>0x132</size>
         <input_file_ref idref="fl-47"/>
      </object_component>
      <object_component id="oc-66">
         <name>.text:decompress:lzss:__TI_decompress_lzss</name>
         <load_address>0xafa4</load_address>
         <run_address>0xafa4</run_address>
         <size>0xee</size>
         <input_file_ref idref="fl-28"/>
      </object_component>
      <object_component id="oc-685">
         <name>.text:__mspabi_cmpd</name>
         <load_address>0xb092</load_address>
         <run_address>0xb092</run_address>
         <size>0xd8</size>
         <input_file_ref idref="fl-6e"/>
      </object_component>
      <object_component id="oc-741">
         <name>.text:__TI_renormd</name>
         <load_address>0xb16a</load_address>
         <run_address>0xb16a</run_address>
         <size>0xb2</size>
         <input_file_ref idref="fl-46"/>
      </object_component>
      <object_component id="oc-57f">
         <name>.text:init_Constants</name>
         <load_address>0xb21c</load_address>
         <run_address>0xb21c</run_address>
         <size>0xb0</size>
         <input_file_ref idref="fl-5"/>
      </object_component>
      <object_component id="oc-67f">
         <name>.text:__mspabi_fltlid</name>
         <load_address>0xb2cc</load_address>
         <run_address>0xb2cc</run_address>
         <size>0x9e</size>
         <input_file_ref idref="fl-6f"/>
      </object_component>
      <object_component id="oc-558">
         <name>.text:__mspabi_fltuld</name>
         <load_address>0xb36a</load_address>
         <run_address>0xb36a</run_address>
         <size>0x80</size>
         <input_file_ref idref="fl-54"/>
      </object_component>
      <object_component id="oc-619">
         <name>.text:calc_freq</name>
         <load_address>0xb3ea</load_address>
         <run_address>0xb3ea</run_address>
         <size>0x78</size>
         <input_file_ref idref="fl-3"/>
      </object_component>
      <object_component id="oc-627">
         <name>.text:init_ADC</name>
         <load_address>0xb462</load_address>
         <run_address>0xb462</run_address>
         <size>0x6e</size>
         <input_file_ref idref="fl-4"/>
      </object_component>
      <object_component id="oc-5bc">
         <name>.text:__TI_auto_init_nobinit_nopinit_hold_wdt:__TI_auto_init_nobinit_nopinit_hold_wdt</name>
         <load_address>0xb4d0</load_address>
         <run_address>0xb4d0</run_address>
         <size>0x6a</size>
         <input_file_ref idref="fl-66"/>
      </object_component>
      <object_component id="oc-721">
         <name>.text:__mspabi_fixdul</name>
         <load_address>0xb53a</load_address>
         <run_address>0xb53a</run_address>
         <size>0x68</size>
         <input_file_ref idref="fl-50"/>
      </object_component>
      <object_component id="oc-56e">
         <name>.text:__mspabi_fixdli</name>
         <load_address>0xb5a2</load_address>
         <run_address>0xb5a2</run_address>
         <size>0x66</size>
         <input_file_ref idref="fl-4e"/>
      </object_component>
      <object_component id="oc-579">
         <name>.text:init_CS</name>
         <load_address>0xb608</load_address>
         <run_address>0xb608</run_address>
         <size>0x5e</size>
         <input_file_ref idref="fl-5"/>
      </object_component>
      <object_component id="oc-728">
         <name>.text</name>
         <load_address>0xb666</load_address>
         <run_address>0xb666</run_address>
         <size>0x58</size>
         <input_file_ref idref="fl-4c"/>
      </object_component>
      <object_component id="oc-62d">
         <name>.text:init_DAC</name>
         <load_address>0xb6be</load_address>
         <run_address>0xb6be</run_address>
         <size>0x52</size>
         <input_file_ref idref="fl-4"/>
      </object_component>
      <object_component id="oc-61f">
         <name>.text:calc_period</name>
         <load_address>0xb710</load_address>
         <run_address>0xb710</run_address>
         <size>0x50</size>
         <input_file_ref idref="fl-3"/>
      </object_component>
      <object_component id="oc-51a">
         <name>.text</name>
         <load_address>0xb760</load_address>
         <run_address>0xb760</run_address>
         <size>0x46</size>
         <input_file_ref idref="fl-51"/>
      </object_component>
      <object_component id="oc-48f">
         <name>.text:__memcpy_far</name>
         <load_address>0xb7a6</load_address>
         <run_address>0xb7a6</run_address>
         <size>0x40</size>
         <input_file_ref idref="fl-43"/>
      </object_component>
      <object_component id="oc-6ac">
         <name>.text</name>
         <load_address>0xb7e6</load_address>
         <run_address>0xb7e6</run_address>
         <size>0x40</size>
         <input_file_ref idref="fl-4a"/>
      </object_component>
      <object_component id="oc-4a6">
         <name>.text:decompress:ZI:__TI_zero_init_nomemset:__TI_zero_init_nomemset</name>
         <load_address>0xb826</load_address>
         <run_address>0xb826</run_address>
         <size>0x3e</size>
         <input_file_ref idref="fl-42"/>
      </object_component>
      <object_component id="oc-5ed">
         <name>.text:l_asr_const</name>
         <load_address>0xb864</load_address>
         <run_address>0xb864</run_address>
         <size>0x3e</size>
         <input_file_ref idref="fl-5f"/>
      </object_component>
      <object_component id="oc-5e1">
         <name>.text:l_lsl_const</name>
         <load_address>0xb8a2</load_address>
         <run_address>0xb8a2</run_address>
         <size>0x3e</size>
         <input_file_ref idref="fl-5e"/>
      </object_component>
      <object_component id="oc-5e6">
         <name>.text:l_lsr_const</name>
         <load_address>0xb8e0</load_address>
         <run_address>0xb8e0</run_address>
         <size>0x3e</size>
         <input_file_ref idref="fl-60"/>
      </object_component>
      <object_component id="oc-53f">
         <name>.text:__mpu_init</name>
         <load_address>0xb91e</load_address>
         <run_address>0xb91e</run_address>
         <size>0x3c</size>
         <input_file_ref idref="fl-64"/>
      </object_component>
      <object_component id="oc-6c">
         <name>.text:decompress:none:__TI_decompress_none</name>
         <load_address>0xb95a</load_address>
         <run_address>0xb95a</run_address>
         <size>0x3c</size>
         <input_file_ref idref="fl-29"/>
      </object_component>
      <object_component id="oc-510">
         <name>.text</name>
         <load_address>0xb996</load_address>
         <run_address>0xb996</run_address>
         <size>0x36</size>
         <input_file_ref idref="fl-52"/>
      </object_component>
      <object_component id="oc-610">
         <name>.text:__mspabi_subd</name>
         <load_address>0xb9cc</load_address>
         <run_address>0xb9cc</run_address>
         <size>0x2e</size>
         <input_file_ref idref="fl-62"/>
      </object_component>
      <object_component id="oc-75a">
         <name>.text:copysign</name>
         <load_address>0xb9fa</load_address>
         <run_address>0xb9fa</run_address>
         <size>0x2e</size>
         <input_file_ref idref="fl-75"/>
      </object_component>
      <object_component id="oc-70a">
         <name>.text:__mspabi_negd</name>
         <load_address>0xba28</load_address>
         <run_address>0xba28</run_address>
         <size>0x2a</size>
         <input_file_ref idref="fl-73"/>
      </object_component>
      <object_component id="oc-50a">
         <name>.text:__mspabi_fixdi</name>
         <load_address>0xba52</load_address>
         <run_address>0xba52</run_address>
         <size>0x28</size>
         <input_file_ref idref="fl-4d"/>
      </object_component>
      <object_component id="oc-52d">
         <name>.text:main</name>
         <load_address>0xba7a</load_address>
         <run_address>0xba7a</run_address>
         <size>0x28</size>
         <input_file_ref idref="fl-5"/>
      </object_component>
      <object_component id="oc-5f2">
         <name>.text</name>
         <load_address>0xbaa2</load_address>
         <run_address>0xbaa2</run_address>
         <size>0x24</size>
         <input_file_ref idref="fl-5a"/>
      </object_component>
      <object_component id="oc-585">
         <name>.text:init_GlobalVariables</name>
         <load_address>0xbac6</load_address>
         <run_address>0xbac6</run_address>
         <size>0x22</size>
         <input_file_ref idref="fl-5"/>
      </object_component>
      <object_component id="oc-58b">
         <name>.text:ConfigureTimerB0</name>
         <load_address>0xbae8</load_address>
         <run_address>0xbae8</run_address>
         <size>0x1e</size>
         <input_file_ref idref="fl-3"/>
      </object_component>
      <object_component id="oc-69a">
         <name>.text</name>
         <load_address>0xbb06</load_address>
         <run_address>0xbb06</run_address>
         <size>0x18</size>
         <input_file_ref idref="fl-58"/>
      </object_component>
      <object_component id="oc-633">
         <name>.text:init_Switch</name>
         <load_address>0xbb1e</load_address>
         <run_address>0xbb1e</run_address>
         <size>0x16</size>
         <input_file_ref idref="fl-4"/>
      </object_component>
      <object_component id="oc-4f4">
         <name>.text</name>
         <load_address>0xbb34</load_address>
         <run_address>0xbb34</run_address>
         <size>0x16</size>
         <input_file_ref idref="fl-4b"/>
      </object_component>
      <object_component id="oc-6a5">
         <name>.text:__mspabi_fixdu</name>
         <load_address>0xbb4a</load_address>
         <run_address>0xbb4a</run_address>
         <size>0x12</size>
         <input_file_ref idref="fl-4f"/>
      </object_component>
      <object_component id="oc-6fa">
         <name>.text:l_asr</name>
         <load_address>0xbb5c</load_address>
         <run_address>0xbb5c</run_address>
         <size>0x10</size>
         <input_file_ref idref="fl-5f"/>
      </object_component>
      <object_component id="oc-6ff">
         <name>.text:l_lsl</name>
         <load_address>0xbb6c</load_address>
         <run_address>0xbb6c</run_address>
         <size>0x10</size>
         <input_file_ref idref="fl-5e"/>
      </object_component>
      <object_component id="oc-5fb">
         <name>.text:l_lsr</name>
         <load_address>0xbb7c</load_address>
         <run_address>0xbb7c</run_address>
         <size>0x10</size>
         <input_file_ref idref="fl-60"/>
      </object_component>
      <object_component id="oc-591">
         <name>.text:init_HardwareSubsystems</name>
         <load_address>0xbb8c</load_address>
         <run_address>0xbb8c</run_address>
         <size>0xe</size>
         <input_file_ref idref="fl-4"/>
      </object_component>
      <object_component id="oc-4fb">
         <name>.text:__mspabi_fltud</name>
         <load_address>0xbb9a</load_address>
         <run_address>0xbb9a</run_address>
         <size>0x6</size>
         <input_file_ref idref="fl-53"/>
      </object_component>
      <object_component id="oc-598">
         <name>.text:abort</name>
         <load_address>0xbba0</load_address>
         <run_address>0xbba0</run_address>
         <size>0x6</size>
         <input_file_ref idref="fl-6a"/>
      </object_component>
      <object_component id="oc-527">
         <name>.text:_system_pre_init</name>
         <load_address>0xbba6</load_address>
         <run_address>0xbba6</run_address>
         <size>0x4</size>
         <input_file_ref idref="fl-68"/>
      </object_component>
      <object_component id="oc-64c">
         <name>.text:_system_post_cinit</name>
         <load_address>0xbbaa</load_address>
         <run_address>0xbbaa</run_address>
         <size>0x2</size>
         <input_file_ref idref="fl-67"/>
      </object_component>
      <object_component id="oc-4a0">
         <name>.text:_isr:TimerB0ISR</name>
         <load_address>0xbbac</load_address>
         <run_address>0xbbac</run_address>
         <size>0x86</size>
         <input_file_ref idref="fl-3"/>
      </object_component>
      <object_component id="oc-4d0">
         <name>.text:_isr:_c_int00_noargs_mpu</name>
         <load_address>0xbc32</load_address>
         <run_address>0xbc32</run_address>
         <size>0x20</size>
         <input_file_ref idref="fl-63"/>
      </object_component>
      <object_component id="oc-49b">
         <name>.text:_isr:__TI_ISR_TRAP</name>
         <load_address>0xbc52</load_address>
         <run_address>0xbc52</run_address>
         <size>0x8</size>
         <input_file_ref idref="fl-2b"/>
      </object_component>
      <object_component id="oc-60e">
         <name>.common:min_freq_steps</name>
         <uninitialized>true</uninitialized>
         <run_address>0x2008</run_address>
         <size>0x8</size>
      </object_component>
      <object_component id="oc-60f">
         <name>.common:max_freq_steps</name>
         <uninitialized>true</uninitialized>
         <run_address>0x2000</run_address>
         <size>0x8</size>
      </object_component>
      <object_component id="oc-616">
         <name>.common:freq_step_range</name>
         <uninitialized>true</uninitialized>
         <run_address>0x2014</run_address>
         <size>0x2</size>
      </object_component>
      <object_component id="oc-4fa">
         <name>.common:volume_range_data</name>
         <uninitialized>true</uninitialized>
         <run_address>0x201c</run_address>
         <size>0x2</size>
      </object_component>
      <object_component id="oc-618">
         <name>.common:pitch_range_data</name>
         <uninitialized>true</uninitialized>
         <run_address>0x2018</run_address>
         <size>0x2</size>
      </object_component>
      <object_component id="oc-4ed">
         <name>.common:DAC_period</name>
         <uninitialized>true</uninitialized>
         <run_address>0x2010</run_address>
         <size>0x2</size>
      </object_component>
      <object_component id="oc-4f2">
         <name>.common:next_sine_value</name>
         <uninitialized>true</uninitialized>
         <run_address>0x2016</run_address>
         <size>0x2</size>
      </object_component>
      <object_component id="oc-4f3">
         <name>.common:samps_per_cycle</name>
         <uninitialized>true</uninitialized>
         <run_address>0x201a</run_address>
         <size>0x2</size>
      </object_component>
      <object_component id="oc-4f9">
         <name>.common:current_array_index</name>
         <uninitialized>true</uninitialized>
         <run_address>0x2012</run_address>
         <size>0x2</size>
      </object_component>
      <object_component id="oc-676">
         <name>.data</name>
         <load_address>0x201e</load_address>
         <run_address>0x201e</run_address>
         <size>0x2</size>
         <input_file_ref idref="fl-70"/>
      </object_component>
      <object_component id="oc-480">
         <name>.stack</name>
         <uninitialized>true</uninitialized>
         <run_address>0x2f60</run_address>
         <size>0x2</size>
         <input_file_ref idref="fl-63"/>
      </object_component>
      <object_component id="oc-7dc">
         <name>.stack</name>
         <uninitialized>true</uninitialized>
         <run_address>0x2f60</run_address>
         <size>0x0</size>
      </object_component>
      <object_component id="oc-72">
         <name>.int22</name>
         <load_address>0xffce</load_address>
         <run_address>0xffce</run_address>
         <size>0x2</size>
         <input_file_ref idref="fl-2a"/>
      </object_component>
      <object_component id="oc-73">
         <name>.int23</name>
         <load_address>0xffd0</load_address>
         <run_address>0xffd0</run_address>
         <size>0x2</size>
         <input_file_ref idref="fl-2c"/>
      </object_component>
      <object_component id="oc-74">
         <name>.int24</name>
         <load_address>0xffd2</load_address>
         <run_address>0xffd2</run_address>
         <size>0x2</size>
         <input_file_ref idref="fl-2d"/>
      </object_component>
      <object_component id="oc-75">
         <name>.int25</name>
         <load_address>0xffd4</load_address>
         <run_address>0xffd4</run_address>
         <size>0x2</size>
         <input_file_ref idref="fl-2e"/>
      </object_component>
      <object_component id="oc-76">
         <name>.int26</name>
         <load_address>0xffd6</load_address>
         <run_address>0xffd6</run_address>
         <size>0x2</size>
         <input_file_ref idref="fl-2f"/>
      </object_component>
      <object_component id="oc-77">
         <name>.int27</name>
         <load_address>0xffd8</load_address>
         <run_address>0xffd8</run_address>
         <size>0x2</size>
         <input_file_ref idref="fl-30"/>
      </object_component>
      <object_component id="oc-78">
         <name>.int28</name>
         <load_address>0xffda</load_address>
         <run_address>0xffda</run_address>
         <size>0x2</size>
         <input_file_ref idref="fl-31"/>
      </object_component>
      <object_component id="oc-79">
         <name>.int29</name>
         <load_address>0xffdc</load_address>
         <run_address>0xffdc</run_address>
         <size>0x2</size>
         <input_file_ref idref="fl-32"/>
      </object_component>
      <object_component id="oc-7a">
         <name>.int30</name>
         <load_address>0xffde</load_address>
         <run_address>0xffde</run_address>
         <size>0x2</size>
         <input_file_ref idref="fl-33"/>
      </object_component>
      <object_component id="oc-7b">
         <name>.int31</name>
         <load_address>0xffe0</load_address>
         <run_address>0xffe0</run_address>
         <size>0x2</size>
         <input_file_ref idref="fl-34"/>
      </object_component>
      <object_component id="oc-7c">
         <name>.int32</name>
         <load_address>0xffe2</load_address>
         <run_address>0xffe2</run_address>
         <size>0x2</size>
         <input_file_ref idref="fl-35"/>
      </object_component>
      <object_component id="oc-7d">
         <name>.int33</name>
         <load_address>0xffe4</load_address>
         <run_address>0xffe4</run_address>
         <size>0x2</size>
         <input_file_ref idref="fl-36"/>
      </object_component>
      <object_component id="oc-7e">
         <name>.int34</name>
         <load_address>0xffe6</load_address>
         <run_address>0xffe6</run_address>
         <size>0x2</size>
         <input_file_ref idref="fl-37"/>
      </object_component>
      <object_component id="oc-7f">
         <name>.int35</name>
         <load_address>0xffe8</load_address>
         <run_address>0xffe8</run_address>
         <size>0x2</size>
         <input_file_ref idref="fl-38"/>
      </object_component>
      <object_component id="oc-80">
         <name>.int36</name>
         <load_address>0xffea</load_address>
         <run_address>0xffea</run_address>
         <size>0x2</size>
         <input_file_ref idref="fl-39"/>
      </object_component>
      <object_component id="oc-81">
         <name>.int37</name>
         <load_address>0xffec</load_address>
         <run_address>0xffec</run_address>
         <size>0x2</size>
         <input_file_ref idref="fl-3a"/>
      </object_component>
      <object_component id="oc-82">
         <name>.int38</name>
         <load_address>0xffee</load_address>
         <run_address>0xffee</run_address>
         <size>0x2</size>
         <input_file_ref idref="fl-3b"/>
      </object_component>
      <object_component id="oc-83">
         <name>.int39</name>
         <load_address>0xfff0</load_address>
         <run_address>0xfff0</run_address>
         <size>0x2</size>
         <input_file_ref idref="fl-3c"/>
      </object_component>
      <object_component id="oc-84">
         <name>.int40</name>
         <load_address>0xfff2</load_address>
         <run_address>0xfff2</run_address>
         <size>0x2</size>
         <input_file_ref idref="fl-3d"/>
      </object_component>
      <object_component id="oc-85">
         <name>.int41</name>
         <load_address>0xfff4</load_address>
         <run_address>0xfff4</run_address>
         <size>0x2</size>
         <input_file_ref idref="fl-3e"/>
      </object_component>
      <object_component id="oc-86">
         <name>.int42</name>
         <load_address>0xfff6</load_address>
         <run_address>0xfff6</run_address>
         <size>0x2</size>
         <input_file_ref idref="fl-3f"/>
      </object_component>
      <object_component id="oc-87">
         <name>.int43</name>
         <load_address>0xfff8</load_address>
         <run_address>0xfff8</run_address>
         <size>0x2</size>
         <input_file_ref idref="fl-3"/>
      </object_component>
      <object_component id="oc-88">
         <name>.int44</name>
         <load_address>0xfffa</load_address>
         <run_address>0xfffa</run_address>
         <size>0x2</size>
         <input_file_ref idref="fl-40"/>
      </object_component>
      <object_component id="oc-89">
         <name>.int45</name>
         <load_address>0xfffc</load_address>
         <run_address>0xfffc</run_address>
         <size>0x2</size>
         <input_file_ref idref="fl-41"/>
      </object_component>
      <object_component id="oc-483">
         <name>.reset</name>
         <load_address>0xfffe</load_address>
         <run_address>0xfffe</run_address>
         <size>0x2</size>
         <input_file_ref idref="fl-63"/>
      </object_component>
      <object_component id="oc-4ee">
         <name>.debug_info</name>
         <load_address>0x0</load_address>
         <run_address>0x0</run_address>
         <size>0x3d3</size>
         <input_file_ref idref="fl-3"/>
      </object_component>
      <object_component id="oc-502">
         <name>.debug_info</name>
         <load_address>0x3d3</load_address>
         <run_address>0x3d3</run_address>
         <size>0x124</size>
         <input_file_ref idref="fl-3"/>
      </object_component>
      <object_component id="oc-621">
         <name>.debug_info</name>
         <load_address>0x4f7</load_address>
         <run_address>0x4f7</run_address>
         <size>0x1ab</size>
         <input_file_ref idref="fl-3"/>
      </object_component>
      <object_component id="oc-61a">
         <name>.debug_info</name>
         <load_address>0x6a2</load_address>
         <run_address>0x6a2</run_address>
         <size>0x214</size>
         <input_file_ref idref="fl-3"/>
      </object_component>
      <object_component id="oc-4a1">
         <name>.debug_info</name>
         <load_address>0x8b6</load_address>
         <run_address>0x8b6</run_address>
         <size>0x1eb</size>
         <input_file_ref idref="fl-3"/>
      </object_component>
      <object_component id="oc-58c">
         <name>.debug_info</name>
         <load_address>0xaa1</load_address>
         <run_address>0xaa1</run_address>
         <size>0x152</size>
         <input_file_ref idref="fl-3"/>
      </object_component>
      <object_component id="oc-550">
         <name>.debug_info</name>
         <load_address>0xbf3</load_address>
         <run_address>0xbf3</run_address>
         <size>0x26b</size>
         <input_file_ref idref="fl-3"/>
      </object_component>
      <object_component id="oc-48a">
         <name>.debug_info</name>
         <load_address>0xe5e</load_address>
         <run_address>0xe5e</run_address>
         <size>0x84</size>
         <input_file_ref idref="fl-3"/>
      </object_component>
      <object_component id="oc-5dc">
         <name>.debug_info</name>
         <load_address>0xee2</load_address>
         <run_address>0xee2</run_address>
         <size>0x282</size>
         <input_file_ref idref="fl-3"/>
      </object_component>
      <object_component id="oc-634">
         <name>.debug_info</name>
         <load_address>0x1164</load_address>
         <run_address>0x1164</run_address>
         <size>0x181</size>
         <input_file_ref idref="fl-4"/>
      </object_component>
      <object_component id="oc-62b">
         <name>.debug_info</name>
         <load_address>0x12e5</load_address>
         <run_address>0x12e5</run_address>
         <size>0x17b</size>
         <input_file_ref idref="fl-4"/>
      </object_component>
      <object_component id="oc-62e">
         <name>.debug_info</name>
         <load_address>0x1460</load_address>
         <run_address>0x1460</run_address>
         <size>0x17b</size>
         <input_file_ref idref="fl-4"/>
      </object_component>
      <object_component id="oc-592">
         <name>.debug_info</name>
         <load_address>0x15db</load_address>
         <run_address>0x15db</run_address>
         <size>0x1c9</size>
         <input_file_ref idref="fl-4"/>
      </object_component>
      <object_component id="oc-4f0">
         <name>.debug_info</name>
         <load_address>0x17a4</load_address>
         <run_address>0x17a4</run_address>
         <size>0x64e</size>
         <input_file_ref idref="fl-5"/>
      </object_component>
      <object_component id="oc-57b">
         <name>.debug_info</name>
         <load_address>0x1df2</load_address>
         <run_address>0x1df2</run_address>
         <size>0x143</size>
         <input_file_ref idref="fl-5"/>
      </object_component>
      <object_component id="oc-581">
         <name>.debug_info</name>
         <load_address>0x1f35</load_address>
         <run_address>0x1f35</run_address>
         <size>0x1ca</size>
         <input_file_ref idref="fl-5"/>
      </object_component>
      <object_component id="oc-587">
         <name>.debug_info</name>
         <load_address>0x20ff</load_address>
         <run_address>0x20ff</run_address>
         <size>0x17f</size>
         <input_file_ref idref="fl-5"/>
      </object_component>
      <object_component id="oc-52e">
         <name>.debug_info</name>
         <load_address>0x227e</load_address>
         <run_address>0x227e</run_address>
         <size>0x1ae</size>
         <input_file_ref idref="fl-5"/>
      </object_component>
      <object_component id="oc-69">
         <name>.debug_info</name>
         <load_address>0x242c</load_address>
         <run_address>0x242c</run_address>
         <size>0x2b8</size>
         <input_file_ref idref="fl-28"/>
      </object_component>
      <object_component id="oc-549">
         <name>.debug_info</name>
         <load_address>0x26e4</load_address>
         <run_address>0x26e4</run_address>
         <size>0x46</size>
         <input_file_ref idref="fl-28"/>
      </object_component>
      <object_component id="oc-4e4">
         <name>.debug_info</name>
         <load_address>0x272a</load_address>
         <run_address>0x272a</run_address>
         <size>0x39</size>
         <input_file_ref idref="fl-28"/>
      </object_component>
      <object_component id="oc-485">
         <name>.debug_info</name>
         <load_address>0x2763</load_address>
         <run_address>0x2763</run_address>
         <size>0x60</size>
         <input_file_ref idref="fl-28"/>
      </object_component>
      <object_component id="oc-49a">
         <name>.debug_info</name>
         <load_address>0x27c3</load_address>
         <run_address>0x27c3</run_address>
         <size>0x1da</size>
         <input_file_ref idref="fl-29"/>
      </object_component>
      <object_component id="oc-6d">
         <name>.debug_info</name>
         <load_address>0x299d</load_address>
         <run_address>0x299d</run_address>
         <size>0x1f2</size>
         <input_file_ref idref="fl-29"/>
      </object_component>
      <object_component id="oc-495">
         <name>.debug_info</name>
         <load_address>0x2b8f</load_address>
         <run_address>0x2b8f</run_address>
         <size>0x46</size>
         <input_file_ref idref="fl-29"/>
      </object_component>
      <object_component id="oc-49d">
         <name>.debug_info</name>
         <load_address>0x2bd5</load_address>
         <run_address>0x2bd5</run_address>
         <size>0x10f</size>
         <input_file_ref idref="fl-2b"/>
      </object_component>
      <object_component id="oc-4aa">
         <name>.debug_info</name>
         <load_address>0x2ce4</load_address>
         <run_address>0x2ce4</run_address>
         <size>0x1d3</size>
         <input_file_ref idref="fl-42"/>
      </object_component>
      <object_component id="oc-521">
         <name>.debug_info</name>
         <load_address>0x2eb7</load_address>
         <run_address>0x2eb7</run_address>
         <size>0x46</size>
         <input_file_ref idref="fl-42"/>
      </object_component>
      <object_component id="oc-490">
         <name>.debug_info</name>
         <load_address>0x2efd</load_address>
         <run_address>0x2efd</run_address>
         <size>0x121</size>
         <input_file_ref idref="fl-43"/>
      </object_component>
      <object_component id="oc-6ec">
         <name>.debug_info</name>
         <load_address>0x301e</load_address>
         <run_address>0x301e</run_address>
         <size>0x1a2</size>
         <input_file_ref idref="fl-44"/>
      </object_component>
      <object_component id="oc-67a">
         <name>.debug_info</name>
         <load_address>0x31c0</load_address>
         <run_address>0x31c0</run_address>
         <size>0x228</size>
         <input_file_ref idref="fl-44"/>
      </object_component>
      <object_component id="oc-568">
         <name>.debug_info</name>
         <load_address>0x33e8</load_address>
         <run_address>0x33e8</run_address>
         <size>0x94</size>
         <input_file_ref idref="fl-44"/>
      </object_component>
      <object_component id="oc-748">
         <name>.debug_info</name>
         <load_address>0x347c</load_address>
         <run_address>0x347c</run_address>
         <size>0x19b</size>
         <input_file_ref idref="fl-45"/>
      </object_component>
      <object_component id="oc-6e7">
         <name>.debug_info</name>
         <load_address>0x3617</load_address>
         <run_address>0x3617</run_address>
         <size>0x2bc</size>
         <input_file_ref idref="fl-45"/>
      </object_component>
      <object_component id="oc-76e">
         <name>.debug_info</name>
         <load_address>0x38d3</load_address>
         <run_address>0x38d3</run_address>
         <size>0x16d</size>
         <input_file_ref idref="fl-46"/>
      </object_component>
      <object_component id="oc-744">
         <name>.debug_info</name>
         <load_address>0x3a40</load_address>
         <run_address>0x3a40</run_address>
         <size>0x1dd</size>
         <input_file_ref idref="fl-46"/>
      </object_component>
      <object_component id="oc-516">
         <name>.debug_info</name>
         <load_address>0x3c1d</load_address>
         <run_address>0x3c1d</run_address>
         <size>0x121</size>
         <input_file_ref idref="fl-47"/>
      </object_component>
      <object_component id="oc-698">
         <name>.debug_info</name>
         <load_address>0x3d3e</load_address>
         <run_address>0x3d3e</run_address>
         <size>0x19d</size>
         <input_file_ref idref="fl-48"/>
      </object_component>
      <object_component id="oc-609">
         <name>.debug_info</name>
         <load_address>0x3edb</load_address>
         <run_address>0x3edb</run_address>
         <size>0x252</size>
         <input_file_ref idref="fl-48"/>
      </object_component>
      <object_component id="oc-6f6">
         <name>.debug_info</name>
         <load_address>0x412d</load_address>
         <run_address>0x412d</run_address>
         <size>0x16d</size>
         <input_file_ref idref="fl-49"/>
      </object_component>
      <object_component id="oc-693">
         <name>.debug_info</name>
         <load_address>0x429a</load_address>
         <run_address>0x429a</run_address>
         <size>0x5bd</size>
         <input_file_ref idref="fl-49"/>
      </object_component>
      <object_component id="oc-6ad">
         <name>.debug_info</name>
         <load_address>0x4857</load_address>
         <run_address>0x4857</run_address>
         <size>0x138</size>
         <input_file_ref idref="fl-4a"/>
      </object_component>
      <object_component id="oc-4f6">
         <name>.debug_info</name>
         <load_address>0x498f</load_address>
         <run_address>0x498f</run_address>
         <size>0x121</size>
         <input_file_ref idref="fl-4b"/>
      </object_component>
      <object_component id="oc-72a">
         <name>.debug_info</name>
         <load_address>0x4ab0</load_address>
         <run_address>0x4ab0</run_address>
         <size>0x123</size>
         <input_file_ref idref="fl-4c"/>
      </object_component>
      <object_component id="oc-50e">
         <name>.debug_info</name>
         <load_address>0x4bd3</load_address>
         <run_address>0x4bd3</run_address>
         <size>0x17c</size>
         <input_file_ref idref="fl-4d"/>
      </object_component>
      <object_component id="oc-56f">
         <name>.debug_info</name>
         <load_address>0x4d4f</load_address>
         <run_address>0x4d4f</run_address>
         <size>0x1b0</size>
         <input_file_ref idref="fl-4e"/>
      </object_component>
      <object_component id="oc-6a6">
         <name>.debug_info</name>
         <load_address>0x4eff</load_address>
         <run_address>0x4eff</run_address>
         <size>0x176</size>
         <input_file_ref idref="fl-4f"/>
      </object_component>
      <object_component id="oc-722">
         <name>.debug_info</name>
         <load_address>0x5075</load_address>
         <run_address>0x5075</run_address>
         <size>0x1b0</size>
         <input_file_ref idref="fl-50"/>
      </object_component>
      <object_component id="oc-51c">
         <name>.debug_info</name>
         <load_address>0x5225</load_address>
         <run_address>0x5225</run_address>
         <size>0x12f</size>
         <input_file_ref idref="fl-51"/>
      </object_component>
      <object_component id="oc-512">
         <name>.debug_info</name>
         <load_address>0x5354</load_address>
         <run_address>0x5354</run_address>
         <size>0x12a</size>
         <input_file_ref idref="fl-52"/>
      </object_component>
      <object_component id="oc-4fc">
         <name>.debug_info</name>
         <load_address>0x547e</load_address>
         <run_address>0x547e</run_address>
         <size>0x166</size>
         <input_file_ref idref="fl-53"/>
      </object_component>
      <object_component id="oc-5ec">
         <name>.debug_info</name>
         <load_address>0x55e4</load_address>
         <run_address>0x55e4</run_address>
         <size>0x166</size>
         <input_file_ref idref="fl-54"/>
      </object_component>
      <object_component id="oc-55a">
         <name>.debug_info</name>
         <load_address>0x574a</load_address>
         <run_address>0x574a</run_address>
         <size>0x1c1</size>
         <input_file_ref idref="fl-54"/>
      </object_component>
      <object_component id="oc-56d">
         <name>.debug_info</name>
         <load_address>0x590b</load_address>
         <run_address>0x590b</run_address>
         <size>0x19d</size>
         <input_file_ref idref="fl-55"/>
      </object_component>
      <object_component id="oc-505">
         <name>.debug_info</name>
         <load_address>0x5aa8</load_address>
         <run_address>0x5aa8</run_address>
         <size>0x263</size>
         <input_file_ref idref="fl-55"/>
      </object_component>
      <object_component id="oc-5f8">
         <name>.debug_info</name>
         <load_address>0x5d0b</load_address>
         <run_address>0x5d0b</run_address>
         <size>0x16d</size>
         <input_file_ref idref="fl-56"/>
      </object_component>
      <object_component id="oc-562">
         <name>.debug_info</name>
         <load_address>0x5e78</load_address>
         <run_address>0x5e78</run_address>
         <size>0x33d</size>
         <input_file_ref idref="fl-56"/>
      </object_component>
      <object_component id="oc-69c">
         <name>.debug_info</name>
         <load_address>0x61b5</load_address>
         <run_address>0x61b5</run_address>
         <size>0x130</size>
         <input_file_ref idref="fl-58"/>
      </object_component>
      <object_component id="oc-5f3">
         <name>.debug_info</name>
         <load_address>0x62e5</load_address>
         <run_address>0x62e5</run_address>
         <size>0x130</size>
         <input_file_ref idref="fl-5a"/>
      </object_component>
      <object_component id="oc-701">
         <name>.debug_info</name>
         <load_address>0x6415</load_address>
         <run_address>0x6415</run_address>
         <size>0x120</size>
         <input_file_ref idref="fl-5e"/>
      </object_component>
      <object_component id="oc-5e2">
         <name>.debug_info</name>
         <load_address>0x6535</load_address>
         <run_address>0x6535</run_address>
         <size>0x126</size>
         <input_file_ref idref="fl-5e"/>
      </object_component>
      <object_component id="oc-6fc">
         <name>.debug_info</name>
         <load_address>0x665b</load_address>
         <run_address>0x665b</run_address>
         <size>0x120</size>
         <input_file_ref idref="fl-5f"/>
      </object_component>
      <object_component id="oc-5ef">
         <name>.debug_info</name>
         <load_address>0x677b</load_address>
         <run_address>0x677b</run_address>
         <size>0x126</size>
         <input_file_ref idref="fl-5f"/>
      </object_component>
      <object_component id="oc-5fe">
         <name>.debug_info</name>
         <load_address>0x68a1</load_address>
         <run_address>0x68a1</run_address>
         <size>0x120</size>
         <input_file_ref idref="fl-60"/>
      </object_component>
      <object_component id="oc-5e7">
         <name>.debug_info</name>
         <load_address>0x69c1</load_address>
         <run_address>0x69c1</run_address>
         <size>0x126</size>
         <input_file_ref idref="fl-60"/>
      </object_component>
      <object_component id="oc-613">
         <name>.debug_info</name>
         <load_address>0x6ae7</load_address>
         <run_address>0x6ae7</run_address>
         <size>0x1a3</size>
         <input_file_ref idref="fl-62"/>
      </object_component>
      <object_component id="oc-481">
         <name>.debug_info</name>
         <load_address>0x6c8a</load_address>
         <run_address>0x6c8a</run_address>
         <size>0x100</size>
         <input_file_ref idref="fl-63"/>
      </object_component>
      <object_component id="oc-4d2">
         <name>.debug_info</name>
         <load_address>0x6d8a</load_address>
         <run_address>0x6d8a</run_address>
         <size>0x193</size>
         <input_file_ref idref="fl-63"/>
      </object_component>
      <object_component id="oc-541">
         <name>.debug_info</name>
         <load_address>0x6f1d</load_address>
         <run_address>0x6f1d</run_address>
         <size>0x1ae</size>
         <input_file_ref idref="fl-64"/>
      </object_component>
      <object_component id="oc-5d7">
         <name>.debug_info</name>
         <load_address>0x70cb</load_address>
         <run_address>0x70cb</run_address>
         <size>0x18b</size>
         <input_file_ref idref="fl-64"/>
      </object_component>
      <object_component id="oc-653">
         <name>.debug_info</name>
         <load_address>0x7256</load_address>
         <run_address>0x7256</run_address>
         <size>0x409</size>
         <input_file_ref idref="fl-66"/>
      </object_component>
      <object_component id="oc-5be">
         <name>.debug_info</name>
         <load_address>0x765f</load_address>
         <run_address>0x765f</run_address>
         <size>0x216</size>
         <input_file_ref idref="fl-66"/>
      </object_component>
      <object_component id="oc-6cc">
         <name>.debug_info</name>
         <load_address>0x7875</load_address>
         <run_address>0x7875</run_address>
         <size>0x39</size>
         <input_file_ref idref="fl-66"/>
      </object_component>
      <object_component id="oc-6de">
         <name>.debug_info</name>
         <load_address>0x78ae</load_address>
         <run_address>0x78ae</run_address>
         <size>0x2c</size>
         <input_file_ref idref="fl-66"/>
      </object_component>
      <object_component id="oc-65e">
         <name>.debug_info</name>
         <load_address>0x78da</load_address>
         <run_address>0x78da</run_address>
         <size>0x2c</size>
         <input_file_ref idref="fl-66"/>
      </object_component>
      <object_component id="oc-6d1">
         <name>.debug_info</name>
         <load_address>0x7906</load_address>
         <run_address>0x7906</run_address>
         <size>0xcd</size>
         <input_file_ref idref="fl-66"/>
      </object_component>
      <object_component id="oc-64d">
         <name>.debug_info</name>
         <load_address>0x79d3</load_address>
         <run_address>0x79d3</run_address>
         <size>0x150</size>
         <input_file_ref idref="fl-67"/>
      </object_component>
      <object_component id="oc-528">
         <name>.debug_info</name>
         <load_address>0x7b23</load_address>
         <run_address>0x7b23</run_address>
         <size>0x153</size>
         <input_file_ref idref="fl-68"/>
      </object_component>
      <object_component id="oc-59c">
         <name>.debug_info</name>
         <load_address>0x7c76</load_address>
         <run_address>0x7c76</run_address>
         <size>0x122</size>
         <input_file_ref idref="fl-6a"/>
      </object_component>
      <object_component id="oc-603">
         <name>.debug_info</name>
         <load_address>0x7d98</load_address>
         <run_address>0x7d98</run_address>
         <size>0x799</size>
         <input_file_ref idref="fl-6d"/>
      </object_component>
      <object_component id="oc-6f0">
         <name>.debug_info</name>
         <load_address>0x8531</load_address>
         <run_address>0x8531</run_address>
         <size>0x46</size>
         <input_file_ref idref="fl-6d"/>
      </object_component>
      <object_component id="oc-68c">
         <name>.debug_info</name>
         <load_address>0x8577</load_address>
         <run_address>0x8577</run_address>
         <size>0x39</size>
         <input_file_ref idref="fl-6d"/>
      </object_component>
      <object_component id="oc-686">
         <name>.debug_info</name>
         <load_address>0x85b0</load_address>
         <run_address>0x85b0</run_address>
         <size>0x1cf</size>
         <input_file_ref idref="fl-6e"/>
      </object_component>
      <object_component id="oc-6ee">
         <name>.debug_info</name>
         <load_address>0x877f</load_address>
         <run_address>0x877f</run_address>
         <size>0x166</size>
         <input_file_ref idref="fl-6f"/>
      </object_component>
      <object_component id="oc-681">
         <name>.debug_info</name>
         <load_address>0x88e5</load_address>
         <run_address>0x88e5</run_address>
         <size>0x1f3</size>
         <input_file_ref idref="fl-6f"/>
      </object_component>
      <object_component id="oc-677">
         <name>.debug_info</name>
         <load_address>0x8ad8</load_address>
         <run_address>0x8ad8</run_address>
         <size>0xfe</size>
         <input_file_ref idref="fl-70"/>
      </object_component>
      <object_component id="oc-720">
         <name>.debug_info</name>
         <load_address>0x8bd6</load_address>
         <run_address>0x8bd6</run_address>
         <size>0x1cc</size>
         <input_file_ref idref="fl-72"/>
      </object_component>
      <object_component id="oc-711">
         <name>.debug_info</name>
         <load_address>0x8da2</load_address>
         <run_address>0x8da2</run_address>
         <size>0xf8</size>
         <input_file_ref idref="fl-72"/>
      </object_component>
      <object_component id="oc-714">
         <name>.debug_info</name>
         <load_address>0x8e9a</load_address>
         <run_address>0x8e9a</run_address>
         <size>0xfc</size>
         <input_file_ref idref="fl-72"/>
      </object_component>
      <object_component id="oc-717">
         <name>.debug_info</name>
         <load_address>0x8f96</load_address>
         <run_address>0x8f96</run_address>
         <size>0xfc</size>
         <input_file_ref idref="fl-72"/>
      </object_component>
      <object_component id="oc-6a1">
         <name>.debug_info</name>
         <load_address>0x9092</load_address>
         <run_address>0x9092</run_address>
         <size>0x110b</size>
         <input_file_ref idref="fl-72"/>
      </object_component>
      <object_component id="oc-70c">
         <name>.debug_info</name>
         <load_address>0xa19d</load_address>
         <run_address>0xa19d</run_address>
         <size>0x163</size>
         <input_file_ref idref="fl-73"/>
      </object_component>
      <object_component id="oc-761">
         <name>.debug_info</name>
         <load_address>0xa300</load_address>
         <run_address>0xa300</run_address>
         <size>0x1ab</size>
         <input_file_ref idref="fl-74"/>
      </object_component>
      <object_component id="oc-71a">
         <name>.debug_info</name>
         <load_address>0xa4ab</load_address>
         <run_address>0xa4ab</run_address>
         <size>0x1de</size>
         <input_file_ref idref="fl-74"/>
      </object_component>
      <object_component id="oc-762">
         <name>.debug_info</name>
         <load_address>0xa689</load_address>
         <run_address>0xa689</run_address>
         <size>0x2c</size>
         <input_file_ref idref="fl-74"/>
      </object_component>
      <object_component id="oc-75b">
         <name>.debug_info</name>
         <load_address>0xa6b5</load_address>
         <run_address>0xa6b5</run_address>
         <size>0x16b</size>
         <input_file_ref idref="fl-75"/>
      </object_component>
      <object_component id="oc-752">
         <name>.debug_info</name>
         <load_address>0xa820</load_address>
         <run_address>0xa820</run_address>
         <size>0x178</size>
         <input_file_ref idref="fl-76"/>
      </object_component>
      <object_component id="oc-708">
         <name>.debug_info</name>
         <load_address>0xa998</load_address>
         <run_address>0xa998</run_address>
         <size>0x300</size>
         <input_file_ref idref="fl-76"/>
      </object_component>
      <object_component id="oc-7dd">
         <name>.debug_info</name>
         <load_address>0xac98</load_address>
         <run_address>0xac98</run_address>
         <size>0xea</size>
      </object_component>
      <object_component id="oc-54f">
         <name>.debug_line</name>
         <load_address>0x0</load_address>
         <run_address>0x0</run_address>
         <size>0xf0</size>
         <input_file_ref idref="fl-3"/>
      </object_component>
      <object_component id="oc-560">
         <name>.debug_line</name>
         <load_address>0xf0</load_address>
         <run_address>0xf0</run_address>
         <size>0x2c</size>
         <input_file_ref idref="fl-3"/>
      </object_component>
      <object_component id="oc-620">
         <name>.debug_line</name>
         <load_address>0x11c</load_address>
         <run_address>0x11c</run_address>
         <size>0x4a</size>
         <input_file_ref idref="fl-3"/>
      </object_component>
      <object_component id="oc-61d">
         <name>.debug_line</name>
         <load_address>0x166</load_address>
         <run_address>0x166</run_address>
         <size>0x43</size>
         <input_file_ref idref="fl-3"/>
      </object_component>
      <object_component id="oc-4a4">
         <name>.debug_line</name>
         <load_address>0x1a9</load_address>
         <run_address>0x1a9</run_address>
         <size>0x46</size>
         <input_file_ref idref="fl-3"/>
      </object_component>
      <object_component id="oc-590">
         <name>.debug_line</name>
         <load_address>0x1ef</load_address>
         <run_address>0x1ef</run_address>
         <size>0x43</size>
         <input_file_ref idref="fl-3"/>
      </object_component>
      <object_component id="oc-553">
         <name>.debug_line</name>
         <load_address>0x232</load_address>
         <run_address>0x232</run_address>
         <size>0x7c</size>
         <input_file_ref idref="fl-3"/>
      </object_component>
      <object_component id="oc-48d">
         <name>.debug_line</name>
         <load_address>0x2ae</load_address>
         <run_address>0x2ae</run_address>
         <size>0x20</size>
         <input_file_ref idref="fl-3"/>
      </object_component>
      <object_component id="oc-5df">
         <name>.debug_line</name>
         <load_address>0x2ce</load_address>
         <run_address>0x2ce</run_address>
         <size>0x80</size>
         <input_file_ref idref="fl-3"/>
      </object_component>
      <object_component id="oc-638">
         <name>.debug_line</name>
         <load_address>0x34e</load_address>
         <run_address>0x34e</run_address>
         <size>0x57</size>
         <input_file_ref idref="fl-4"/>
      </object_component>
      <object_component id="oc-628">
         <name>.debug_line</name>
         <load_address>0x3a5</load_address>
         <run_address>0x3a5</run_address>
         <size>0x60</size>
         <input_file_ref idref="fl-4"/>
      </object_component>
      <object_component id="oc-632">
         <name>.debug_line</name>
         <load_address>0x405</load_address>
         <run_address>0x405</run_address>
         <size>0x5d</size>
         <input_file_ref idref="fl-4"/>
      </object_component>
      <object_component id="oc-595">
         <name>.debug_line</name>
         <load_address>0x462</load_address>
         <run_address>0x462</run_address>
         <size>0x54</size>
         <input_file_ref idref="fl-4"/>
      </object_component>
      <object_component id="oc-556">
         <name>.debug_line</name>
         <load_address>0x4b6</load_address>
         <run_address>0x4b6</run_address>
         <size>0x11b</size>
         <input_file_ref idref="fl-5"/>
      </object_component>
      <object_component id="oc-57a">
         <name>.debug_line</name>
         <load_address>0x5d1</load_address>
         <run_address>0x5d1</run_address>
         <size>0x57</size>
         <input_file_ref idref="fl-5"/>
      </object_component>
      <object_component id="oc-580">
         <name>.debug_line</name>
         <load_address>0x628</load_address>
         <run_address>0x628</run_address>
         <size>0x45</size>
         <input_file_ref idref="fl-5"/>
      </object_component>
      <object_component id="oc-586">
         <name>.debug_line</name>
         <load_address>0x66d</load_address>
         <run_address>0x66d</run_address>
         <size>0x46</size>
         <input_file_ref idref="fl-5"/>
      </object_component>
      <object_component id="oc-532">
         <name>.debug_line</name>
         <load_address>0x6b3</load_address>
         <run_address>0x6b3</run_address>
         <size>0x49</size>
         <input_file_ref idref="fl-5"/>
      </object_component>
      <object_component id="oc-67">
         <name>.debug_line</name>
         <load_address>0x6fc</load_address>
         <run_address>0x6fc</run_address>
         <size>0x9d</size>
         <input_file_ref idref="fl-28"/>
      </object_component>
      <object_component id="oc-54c">
         <name>.debug_line</name>
         <load_address>0x799</load_address>
         <run_address>0x799</run_address>
         <size>0x9a</size>
         <input_file_ref idref="fl-28"/>
      </object_component>
      <object_component id="oc-4e7">
         <name>.debug_line</name>
         <load_address>0x833</load_address>
         <run_address>0x833</run_address>
         <size>0x96</size>
         <input_file_ref idref="fl-28"/>
      </object_component>
      <object_component id="oc-488">
         <name>.debug_line</name>
         <load_address>0x8c9</load_address>
         <run_address>0x8c9</run_address>
         <size>0x3a</size>
         <input_file_ref idref="fl-28"/>
      </object_component>
      <object_component id="oc-4eb">
         <name>.debug_line</name>
         <load_address>0x903</load_address>
         <run_address>0x903</run_address>
         <size>0x3a</size>
         <input_file_ref idref="fl-29"/>
      </object_component>
      <object_component id="oc-71">
         <name>.debug_line</name>
         <load_address>0x93d</load_address>
         <run_address>0x93d</run_address>
         <size>0x50</size>
         <input_file_ref idref="fl-29"/>
      </object_component>
      <object_component id="oc-498">
         <name>.debug_line</name>
         <load_address>0x98d</load_address>
         <run_address>0x98d</run_address>
         <size>0x3a</size>
         <input_file_ref idref="fl-29"/>
      </object_component>
      <object_component id="oc-49c">
         <name>.debug_line</name>
         <load_address>0x9c7</load_address>
         <run_address>0x9c7</run_address>
         <size>0x3d</size>
         <input_file_ref idref="fl-2b"/>
      </object_component>
      <object_component id="oc-4a9">
         <name>.debug_line</name>
         <load_address>0xa04</load_address>
[...]
      </symbol>
      <symbol id="sm-517">
         <name>__TI_decompress_none</name>
         <value>0xb95a</value>
         <object_component_ref idref="oc-6c"/>
      </symbol>
      <symbol id="sm-51a">
         <name>__TI_int22</name>
         <value>0xffce</value>
         <object_component_ref idref="oc-72"/>
      </symbol>
      <symbol id="sm-522">
         <name>__TI_ISR_TRAP</name>
         <value>0xbc52</value>
         <object_component_ref idref="oc-49b"/>
      </symbol>
      <symbol id="sm-525">
         <name>__TI_int23</name>
         <value>0xffd0</value>
         <object_component_ref idref="oc-73"/>
      </symbol>
      <symbol id="sm-528">
         <name>__TI_int24</name>
         <value>0xffd2</value>
         <object_component_ref idref="oc-74"/>
      </symbol>
      <symbol id="sm-52b">
         <name>__TI_int25</name>
         <value>0xffd4</value>
         <object_component_ref idref="oc-75"/>
      </symbol>
      <symbol id="sm-52e">
         <name>__TI_int26</name>
         <value>0xffd6</value>
         <object_component_ref idref="oc-76"/>
      </symbol>
      <symbol id="sm-531">
         <name>__TI_int27</name>
         <value>0xffd8</value>
         <object_component_ref idref="oc-77"/>
      </symbol>
      <symbol id="sm-534">
         <name>__TI_int28</name>
         <value>0xffda</value>
         <object_component_ref idref="oc-78"/>
      </symbol>
      <symbol id="sm-537">
         <name>__TI_int29</name>
         <value>0xffdc</value>
         <object_component_ref idref="oc-79"/>
      </symbol>
      <symbol id="sm-53a">
         <name>__TI_int30</name>
         <value>0xffde</value>
         <object_component_ref idref="oc-7a"/>
      </symbol>
      <symbol id="sm-53d">
         <name>__TI_int31</name>
         <value>0xffe0</value>
         <object_component_ref idref="oc-7b"/>
      </symbol>
      <symbol id="sm-540">
         <name>__TI_int32</name>
         <value>0xffe2</value>
         <object_component_ref idref="oc-7c"/>
      </symbol>
      <symbol id="sm-543">
         <name>__TI_int33</name>
         <value>0xffe4</value>
         <object_component_ref idref="oc-7d"/>
      </symbol>
      <symbol id="sm-546">
         <name>__TI_int34</name>
         <value>0xffe6</value>
         <object_component_ref idref="oc-7e"/>
      </symbol>
      <symbol id="sm-549">
         <name>__TI_int35</name>
         <value>0xffe8</value>
         <object_component_ref idref="oc-7f"/>
      </symbol>
      <symbol id="sm-54c">
         <name>__TI_int36</name>
         <value>0xffea</value>
         <object_component_ref idref="oc-80"/>
      </symbol>
      <symbol id="sm-54f">
         <name>__TI_int37</name>
         <value>0xffec</value>
         <object_component_ref idref="oc-81"/>
      </symbol>
      <symbol id="sm-552">
         <name>__TI_int38</name>
         <value>0xffee</value>
         <object_component_ref idref="oc-82"/>
      </symbol>
      <symbol id="sm-555">
         <name>__TI_int39</name>
         <value>0xfff0</value>
         <object_component_ref idref="oc-83"/>
      </symbol>
      <symbol id="sm-558">
         <name>__TI_int40</name>
         <value>0xfff2</value>
         <object_component_ref idref="oc-84"/>
      </symbol>
      <symbol id="sm-55b">
         <name>__TI_int41</name>
         <value>0xfff4</value>
         <object_component_ref idref="oc-85"/>
      </symbol>
      <symbol id="sm-55e">
         <name>__TI_int42</name>
         <value>0xfff6</value>
         <object_component_ref idref="oc-86"/>
      </symbol>
      <symbol id="sm-561">
         <name>__TI_int44</name>
         <value>0xfffa</value>
         <object_component_ref idref="oc-88"/>
      </symbol>
      <symbol id="sm-564">
         <name>__TI_int45</name>
         <value>0xfffc</value>
         <object_component_ref idref="oc-89"/>
      </symbol>
      <symbol id="sm-574">
         <name>__TI_zero_init_nomemset</name>
         <value>0xb826</value>
         <object_component_ref idref="oc-4a6"/>
      </symbol>
      <symbol id="sm-57f">
         <name>__memcpy_far</name>
         <value>0xb7a6</value>
         <object_component_ref idref="oc-48f"/>
      </symbol>
      <symbol id="sm-5a6">
         <name>__mspabi_addd</name>
         <value>0x9e14</value>
         <object_component_ref idref="oc-679"/>
      </symbol>
      <symbol id="sm-5c7">
         <name>__TI_frcaddd</name>
         <value>0xa8b2</value>
         <object_component_ref idref="oc-6e5"/>
      </symbol>
      <symbol id="sm-5db">
         <name>__TI_renormd</name>
         <value>0xb16a</value>
         <object_component_ref idref="oc-741"/>
      </symbol>
      <symbol id="sm-5f6">
         <name>__mspabi_subf</name>
         <value>0xae72</value>
         <object_component_ref idref="oc-515"/>
      </symbol>
      <symbol id="sm-5f7">
         <name>__mspabi_addf</name>
         <value>0xae78</value>
         <object_component_ref idref="oc-515"/>
      </symbol>
      <symbol id="sm-618">
         <name>__mspabi_divd</name>
         <value>0xaafa</value>
         <object_component_ref idref="oc-608"/>
      </symbol>
      <symbol id="sm-633">
         <name>__TI_frcdivd</name>
         <value>0x99ae</value>
         <object_component_ref idref="oc-691"/>
      </symbol>
      <symbol id="sm-63f">
         <name>__mspabi_remli</name>
         <value>0xb7e6</value>
         <object_component_ref idref="oc-6ac"/>
      </symbol>
      <symbol id="sm-640">
         <name>__mspabi_divli</name>
         <value>0xb7e6</value>
         <object_component_ref idref="oc-6ac"/>
      </symbol>
      <symbol id="sm-64a">
         <name>__mspabi_remu</name>
         <value>0xbb34</value>
         <object_component_ref idref="oc-4f4"/>
      </symbol>
      <symbol id="sm-64b">
         <name>__mspabi_divu</name>
         <value>0xbb34</value>
         <object_component_ref idref="oc-4f4"/>
      </symbol>
      <symbol id="sm-659">
         <name>__mspabi_remul</name>
         <value>0xb666</value>
         <object_component_ref idref="oc-728"/>
      </symbol>
      <symbol id="sm-65a">
         <name>__mspabi_divul</name>
         <value>0xb666</value>
         <object_component_ref idref="oc-728"/>
      </symbol>
      <symbol id="sm-667">
         <name>__mspabi_fixdi</name>
         <value>0xba52</value>
         <object_component_ref idref="oc-50a"/>
      </symbol>
      <symbol id="sm-676">
         <name>__mspabi_fixdli</name>
         <value>0xb5a2</value>
         <object_component_ref idref="oc-56e"/>
      </symbol>
      <symbol id="sm-681">
         <name>__mspabi_fixdu</name>
         <value>0xbb4a</value>
         <object_component_ref idref="oc-6a5"/>
      </symbol>
      <symbol id="sm-691">
         <name>__mspabi_fixdul</name>
         <value>0xb53a</value>
         <object_component_ref idref="oc-721"/>
      </symbol>
      <symbol id="sm-6a0">
         <name>__mspabi_fixfu</name>
         <value>0xb760</value>
         <object_component_ref idref="oc-51a"/>
      </symbol>
      <symbol id="sm-6ad">
         <name>__mspabi_fltif</name>
         <value>0xb996</value>
         <object_component_ref idref="oc-510"/>
      </symbol>
      <symbol id="sm-6b6">
         <name>__mspabi_fltud</name>
         <value>0xbb9a</value>
         <object_component_ref idref="oc-4fb"/>
      </symbol>
      <symbol id="sm-6cb">
         <name>__mspabi_fltuld</name>
         <value>0xb36a</value>
         <object_component_ref idref="oc-558"/>
      </symbol>
      <symbol id="sm-6ec">
         <name>__mspabi_mpyd</name>
         <value>0xa64e</value>
         <object_component_ref idref="oc-504"/>
      </symbol>
      <symbol id="sm-6fc">
         <name>__TI_frcmpyd</name>
         <value>0xa3ce</value>
         <object_component_ref idref="oc-561"/>
      </symbol>
      <symbol id="sm-705">
         <name>__mspabi_mpyi_f5hw</name>
         <value>0xbb06</value>
         <object_component_ref idref="oc-69a"/>
      </symbol>
      <symbol id="sm-70e">
         <name>__mspabi_mpyl_f5hw</name>
         <value>0xbaa2</value>
         <object_component_ref idref="oc-5f2"/>
      </symbol>
      <symbol id="sm-721">
         <name>__mspabi_slll_9</name>
         <value>0xb8ba</value>
         <object_component_ref idref="oc-5e1"/>
      </symbol>
      <symbol id="sm-722">
         <name>__mspabi_slll_8</name>
         <value>0xb8be</value>
         <object_component_ref idref="oc-5e1"/>
      </symbol>
      <symbol id="sm-723">
         <name>__mspabi_slll_7</name>
         <value>0xb8c2</value>
         <object_component_ref idref="oc-5e1"/>
      </symbol>
      <symbol id="sm-724">
         <name>__mspabi_slll_6</name>
         <value>0xb8c6</value>
         <object_component_ref idref="oc-5e1"/>
      </symbol>
      <symbol id="sm-725">
         <name>__mspabi_slll_5</name>
         <value>0xb8ca</value>
         <object_component_ref idref="oc-5e1"/>
      </symbol>
      <symbol id="sm-726">
         <name>__mspabi_slll_4</name>
         <value>0xb8ce</value>
         <object_component_ref idref="oc-5e1"/>
      </symbol>
      <symbol id="sm-727">
         <name>__mspabi_slll_3</name>
         <value>0xb8d2</value>
         <object_component_ref idref="oc-5e1"/>
      </symbol>
      <symbol id="sm-728">
         <name>__mspabi_slll_2</name>
         <value>0xb8d6</value>
         <object_component_ref idref="oc-5e1"/>
      </symbol>
      <symbol id="sm-729">
         <name>__mspabi_slll_1</name>
         <value>0xb8da</value>
         <object_component_ref idref="oc-5e1"/>
      </symbol>
      <symbol id="sm-72a">
         <name>__mspabi_slll</name>
         <value>0xbb6c</value>
         <object_component_ref idref="oc-6ff"/>
      </symbol>
      <symbol id="sm-72b">
         <name>__mspabi_slll_15</name>
         <value>0xb8a2</value>
         <object_component_ref idref="oc-5e1"/>
      </symbol>
      <symbol id="sm-72c">
         <name>__mspabi_slll_14</name>
         <value>0xb8a6</value>
         <object_component_ref idref="oc-5e1"/>
      </symbol>
      <symbol id="sm-72d">
         <name>__mspabi_slll_13</name>
         <value>0xb8aa</value>
         <object_component_ref idref="oc-5e1"/>
      </symbol>
      <symbol id="sm-72e">
         <name>__mspabi_slll_12</name>
         <value>0xb8ae</value>
         <object_component_ref idref="oc-5e1"/>
      </symbol>
      <symbol id="sm-72f">
         <name>__mspabi_slll_11</name>
         <value>0xb8b2</value>
         <object_component_ref idref="oc-5e1"/>
      </symbol>
      <symbol id="sm-730">
         <name>__mspabi_slll_10</name>
         <value>0xb8b6</value>
         <object_component_ref idref="oc-5e1"/>
      </symbol>
      <symbol id="sm-740">
         <name>__mspabi_sral</name>
         <value>0xbb5c</value>
         <object_component_ref idref="oc-6fa"/>
      </symbol>
      <symbol id="sm-741">
         <name>__mspabi_sral_15</name>
         <value>0xb864</value>
         <object_component_ref idref="oc-5ed"/>
      </symbol>
      <symbol id="sm-742">
         <name>__mspabi_sral_14</name>
         <value>0xb868</value>
         <object_component_ref idref="oc-5ed"/>
      </symbol>
      <symbol id="sm-743">
         <name>__mspabi_sral_13</name>
         <value>0xb86c</value>
         <object_component_ref idref="oc-5ed"/>
      </symbol>
      <symbol id="sm-744">
         <name>__mspabi_sral_12</name>
         <value>0xb870</value>
         <object_component_ref idref="oc-5ed"/>
      </symbol>
      <symbol id="sm-745">
         <name>__mspabi_sral_11</name>
         <value>0xb874</value>
         <object_component_ref idref="oc-5ed"/>
      </symbol>
      <symbol id="sm-746">
         <name>__mspabi_sral_10</name>
         <value>0xb878</value>
         <object_component_ref idref="oc-5ed"/>
      </symbol>
      <symbol id="sm-747">
         <name>__mspabi_sral_8</name>
         <value>0xb880</value>
         <object_component_ref idref="oc-5ed"/>
      </symbol>
      <symbol id="sm-748">
         <name>__mspabi_sral_9</name>
         <value>0xb87c</value>
         <object_component_ref idref="oc-5ed"/>
      </symbol>
      <symbol id="sm-749">
         <name>__mspabi_sral_6</name>
         <value>0xb888</value>
         <object_component_ref idref="oc-5ed"/>
      </symbol>
      <symbol id="sm-74a">
         <name>__mspabi_sral_7</name>
         <value>0xb884</value>
         <object_component_ref idref="oc-5ed"/>
      </symbol>
      <symbol id="sm-74b">
         <name>__mspabi_sral_4</name>
         <value>0xb890</value>
         <object_component_ref idref="oc-5ed"/>
      </symbol>
      <symbol id="sm-74c">
         <name>__mspabi_sral_5</name>
         <value>0xb88c</value>
         <object_component_ref idref="oc-5ed"/>
      </symbol>
      <symbol id="sm-74d">
         <name>__mspabi_sral_2</name>
         <value>0xb898</value>
         <object_component_ref idref="oc-5ed"/>
      </symbol>
      <symbol id="sm-74e">
         <name>__mspabi_sral_3</name>
         <value>0xb894</value>
         <object_component_ref idref="oc-5ed"/>
      </symbol>
      <symbol id="sm-74f">
         <name>__mspabi_sral_1</name>
         <value>0xb89c</value>
         <object_component_ref idref="oc-5ed"/>
      </symbol>
      <symbol id="sm-75f">
         <name>__mspabi_srll_8</name>
         <value>0xb8fc</value>
         <object_component_ref idref="oc-5e6"/>
      </symbol>
      <symbol id="sm-760">
         <name>__mspabi_srll_9</name>
         <value>0xb8f8</value>
         <object_component_ref idref="oc-5e6"/>
      </symbol>
      <symbol id="sm-761">
         <name>__mspabi_srll_6</name>
         <value>0xb904</value>
         <object_component_ref idref="oc-5e6"/>
      </symbol>
      <symbol id="sm-762">
         <name>__mspabi_srll_7</name>
         <value>0xb900</value>
         <object_component_ref idref="oc-5e6"/>
      </symbol>
      <symbol id="sm-763">
         <name>__mspabi_srll_4</name>
         <value>0xb90c</value>
         <object_component_ref idref="oc-5e6"/>
      </symbol>
      <symbol id="sm-764">
         <name>__mspabi_srll_5</name>
         <value>0xb908</value>
         <object_component_ref idref="oc-5e6"/>
      </symbol>
      <symbol id="sm-765">
         <name>__mspabi_srll_2</name>
         <value>0xb914</value>
         <object_component_ref idref="oc-5e6"/>
      </symbol>
      <symbol id="sm-766">
         <name>__mspabi_srll_3</name>
         <value>0xb910</value>
         <object_component_ref idref="oc-5e6"/>
      </symbol>
      <symbol id="sm-767">
         <name>__mspabi_srll_1</name>
         <value>0xb918</value>
         <object_component_ref idref="oc-5e6"/>
      </symbol>
      <symbol id="sm-768">
         <name>__mspabi_srll_15</name>
         <value>0xb8e0</value>
         <object_component_ref idref="oc-5e6"/>
      </symbol>
      <symbol id="sm-769">
         <name>__mspabi_srll_14</name>
         <value>0xb8e4</value>
         <object_component_ref idref="oc-5e6"/>
      </symbol>
      <symbol id="sm-76a">
         <name>__mspabi_srll_13</name>
         <value>0xb8e8</value>
         <object_component_ref idref="oc-5e6"/>
      </symbol>
      <symbol id="sm-76b">
         <name>__mspabi_srll_12</name>
         <value>0xb8ec</value>
         <object_component_ref idref="oc-5e6"/>
      </symbol>
      <symbol id="sm-76c">
         <name>__mspabi_srll_11</name>
         <value>0xb8f0</value>
         <object_component_ref idref="oc-5e6"/>
      </symbol>
      <symbol id="sm-76d">
         <name>__mspabi_srll_10</name>
         <value>0xb8f4</value>
         <object_component_ref idref="oc-5e6"/>
      </symbol>
      <symbol id="sm-76e">
         <name>__mspabi_srll</name>
         <value>0xbb7c</value>
         <object_component_ref idref="oc-5fb"/>
      </symbol>
      <symbol id="sm-778">
         <name>__mspabi_subd</name>
         <value>0xb9cc</value>
         <object_component_ref idref="oc-610"/>
      </symbol>
      <symbol id="sm-788">
         <name>_c_int00_noargs_mpu</name>
         <value>0xbc32</value>
         <object_component_ref idref="oc-4d0"/>
      </symbol>
      <symbol id="sm-789">
         <name>_stack</name>
         <value>0x2f60</value>
         <object_component_ref idref="oc-480"/>
      </symbol>
      <symbol id="sm-78a">
         <name>_reset_vector</name>
         <value>0xfffe</value>
         <object_component_ref idref="oc-483"/>
      </symbol>
      <symbol id="sm-798">
         <name>__mpu_init</name>
         <value>0xb91e</value>
         <object_component_ref idref="oc-53f"/>
      </symbol>
      <symbol id="sm-7bb">
         <name>__TI_auto_init_nobinit_nopinit_hold_wdt</name>
         <value>0xb4d0</value>
         <object_component_ref idref="oc-5bc"/>
      </symbol>
      <symbol id="sm-7c4">
         <name>_system_post_cinit</name>
         <value>0xbbaa</value>
         <object_component_ref idref="oc-64c"/>
      </symbol>
      <symbol id="sm-7cd">
         <name>_system_pre_init</name>
         <value>0xbba6</value>
         <object_component_ref idref="oc-527"/>
      </symbol>
      <symbol id="sm-7d8">
         <name>C$$EXIT</name>
         <value>0xbba0</value>
         <object_component_ref idref="oc-598"/>
      </symbol>
      <symbol id="sm-7d9">
         <name>abort</name>
         <value>0xbba0</value>
         <object_component_ref idref="oc-598"/>
      </symbol>
      <symbol id="sm-819">
         <name>log</name>
         <value>0x9388</value>
         <object_component_ref idref="oc-602"/>
      </symbol>
      <symbol id="sm-81a">
         <name>logl</name>
         <value>0x9388</value>
         <object_component_ref idref="oc-602"/>
      </symbol>
      <symbol id="sm-834">
         <name>__mspabi_cmpd</name>
         <value>0xb092</value>
         <object_component_ref idref="oc-685"/>
      </symbol>
      <symbol id="sm-84c">
         <name>__mspabi_fltlid</name>
         <value>0xb2cc</value>
         <object_component_ref idref="oc-67f"/>
      </symbol>
      <symbol id="sm-853">
         <name>errno</name>
         <value>0x201e</value>
         <object_component_ref idref="oc-676"/>
      </symbol>
      <symbol id="sm-8e1">
         <name>pow</name>
         <value>0x8258</value>
         <object_component_ref idref="oc-69f"/>
      </symbol>
      <symbol id="sm-8e2">
         <name>powl</name>
         <value>0x8258</value>
         <object_component_ref idref="oc-69f"/>
      </symbol>
      <symbol id="sm-8eb">
         <name>__mspabi_negd</name>
         <value>0xba28</value>
         <object_component_ref idref="oc-70a"/>
      </symbol>
      <symbol id="sm-909">
         <name>scalbn</name>
         <value>0xad1a</value>
         <object_component_ref idref="oc-719"/>
      </symbol>
      <symbol id="sm-90a">
         <name>scalbnl</name>
         <value>0xad1a</value>
         <object_component_ref idref="oc-719"/>
      </symbol>
      <symbol id="sm-90b">
         <name>ldexpl</name>
         <value>0xad1a</value>
         <object_component_ref idref="oc-719"/>
      </symbol>
      <symbol id="sm-90c">
         <name>ldexp</name>
         <value>0xad1a</value>
         <object_component_ref idref="oc-719"/>
      </symbol>
      <symbol id="sm-915">
         <name>copysign</name>
         <value>0xb9fa</value>
         <object_component_ref idref="oc-75a"/>
      </symbol>
      <symbol id="sm-916">
         <name>copysignl</name>
         <value>0xb9fa</value>
         <object_component_ref idref="oc-75a"/>
      </symbol>
      <symbol id="sm-941">
         <name>sqrtl</name>
         <value>0xa0f2</value>
         <object_component_ref idref="oc-704"/>
      </symbol>
      <symbol id="sm-942">
         <name>sqrt</name>
         <value>0xa0f2</value>
         <object_component_ref idref="oc-704"/>
      </symbol>
   </symbol_table>
   <title>Link successful</title>
</link_info>
