<?xml version="1.0" encoding="ISO-8859-1" ?>
<link_info>
   <banner>MSP430 Linker PC v20.2.1.LTS</banner>
   <copyright>Copyright (c) 2003-2018 Texas Instruments Incorporated</copyright>
   <link_time>0x5fa8774d</link_time>
   <link_errors>0x0</link_errors>
   <output_file>Theremin Digital Signal Processing.out</output_file>
   <entry_point>
      <name>_c_int00_noargs_mpu</name>
      <address>0xbb48</address>
   </entry_point>
   <input_file_list>
      <input_file id="fl-2">
         <path>.\</path>
         <kind>object</kind>
         <file>ADC.obj</file>
         <name>ADC.obj</name>
      </input_file>
      <input_file id="fl-3">
         <path>.\</path>
         <kind>object</kind>
         <file>DAC.obj</file>
         <name>DAC.obj</name>
      </input_file>
      <input_file id="fl-4">
         <path>.\</path>
         <kind>object</kind>
         <file>InitHardwareSubsystems.obj</file>
         <name>InitHardwareSubsystems.obj</name>
      </input_file>
      <input_file id="fl-5">
         <path>.\</path>
         <kind>object</kind>
         <file>main.obj</file>
         <name>main.obj</name>
      </input_file>
      <input_file id="fl-6">
         <path>.\</path>
         <kind>object</kind>
         <file>test_functions.obj</file>
         <name>test_functions.obj</name>
      </input_file>
      <input_file id="fl-c">
         <kind>object</kind>
         <file>&lt;internal&gt;</file>
         <name>&lt;internal&gt;</name>
      </input_file>
      <input_file id="fl-27">
         <path>D:\Program Files\ti\ccs\ccs\tools\compiler\ti-cgt-msp430_20.2.1.LTS\lib\</path>
         <kind>archive</kind>
         <file>rts430x_lc_sd_eabi.lib</file>
         <name>copy_decompress_lzss.c.obj</name>
      </input_file>
      <input_file id="fl-28">
         <path>D:\Program Files\ti\ccs\ccs\tools\compiler\ti-cgt-msp430_20.2.1.LTS\lib\</path>
         <kind>archive</kind>
         <file>rts430x_lc_sd_eabi.lib</file>
         <name>copy_decompress_none.c.obj</name>
      </input_file>
      <input_file id="fl-29">
         <path>D:\Program Files\ti\ccs\ccs\tools\compiler\ti-cgt-msp430_20.2.1.LTS\lib\</path>
         <kind>archive</kind>
         <file>rts430x_lc_sd_eabi.lib</file>
         <name>int22.asm.obj</name>
      </input_file>
      <input_file id="fl-2a">
         <path>D:\Program Files\ti\ccs\ccs\tools\compiler\ti-cgt-msp430_20.2.1.LTS\lib\</path>
         <kind>archive</kind>
         <file>rts430x_lc_sd_eabi.lib</file>
         <name>isr_trap.asm.obj</name>
      </input_file>
      <input_file id="fl-2b">
         <path>D:\Program Files\ti\ccs\ccs\tools\compiler\ti-cgt-msp430_20.2.1.LTS\lib\</path>
         <kind>archive</kind>
         <file>rts430x_lc_sd_eabi.lib</file>
         <name>int23.asm.obj</name>
      </input_file>
      <input_file id="fl-2c">
         <path>D:\Program Files\ti\ccs\ccs\tools\compiler\ti-cgt-msp430_20.2.1.LTS\lib\</path>
         <kind>archive</kind>
         <file>rts430x_lc_sd_eabi.lib</file>
         <name>int24.asm.obj</name>
      </input_file>
      <input_file id="fl-2d">
         <path>D:\Program Files\ti\ccs\ccs\tools\compiler\ti-cgt-msp430_20.2.1.LTS\lib\</path>
         <kind>archive</kind>
         <file>rts430x_lc_sd_eabi.lib</file>
         <name>int25.asm.obj</name>
      </input_file>
      <input_file id="fl-2e">
         <path>D:\Program Files\ti\ccs\ccs\tools\compiler\ti-cgt-msp430_20.2.1.LTS\lib\</path>
         <kind>archive</kind>
         <file>rts430x_lc_sd_eabi.lib</file>
         <name>int26.asm.obj</name>
      </input_file>
      <input_file id="fl-2f">
         <path>D:\Program Files\ti\ccs\ccs\tools\compiler\ti-cgt-msp430_20.2.1.LTS\lib\</path>
         <kind>archive</kind>
         <file>rts430x_lc_sd_eabi.lib</file>
         <name>int27.asm.obj</name>
      </input_file>
      <input_file id="fl-30">
         <path>D:\Program Files\ti\ccs\ccs\tools\compiler\ti-cgt-msp430_20.2.1.LTS\lib\</path>
         <kind>archive</kind>
         <file>rts430x_lc_sd_eabi.lib</file>
         <name>int28.asm.obj</name>
      </input_file>
      <input_file id="fl-31">
         <path>D:\Program Files\ti\ccs\ccs\tools\compiler\ti-cgt-msp430_20.2.1.LTS\lib\</path>
         <kind>archive</kind>
         <file>rts430x_lc_sd_eabi.lib</file>
         <name>int29.asm.obj</name>
      </input_file>
      <input_file id="fl-32">
         <path>D:\Program Files\ti\ccs\ccs\tools\compiler\ti-cgt-msp430_20.2.1.LTS\lib\</path>
         <kind>archive</kind>
         <file>rts430x_lc_sd_eabi.lib</file>
         <name>int30.asm.obj</name>
      </input_file>
      <input_file id="fl-33">
         <path>D:\Program Files\ti\ccs\ccs\tools\compiler\ti-cgt-msp430_20.2.1.LTS\lib\</path>
         <kind>archive</kind>
         <file>rts430x_lc_sd_eabi.lib</file>
         <name>int31.asm.obj</name>
      </input_file>
      <input_file id="fl-34">
         <path>D:\Program Files\ti\ccs\ccs\tools\compiler\ti-cgt-msp430_20.2.1.LTS\lib\</path>
         <kind>archive</kind>
         <file>rts430x_lc_sd_eabi.lib</file>
         <name>int32.asm.obj</name>
      </input_file>
      <input_file id="fl-35">
         <path>D:\Program Files\ti\ccs\ccs\tools\compiler\ti-cgt-msp430_20.2.1.LTS\lib\</path>
         <kind>archive</kind>
         <file>rts430x_lc_sd_eabi.lib</file>
         <name>int33.asm.obj</name>
      </input_file>
      <input_file id="fl-36">
         <path>D:\Program Files\ti\ccs\ccs\tools\compiler\ti-cgt-msp430_20.2.1.LTS\lib\</path>
         <kind>archive</kind>
         <file>rts430x_lc_sd_eabi.lib</file>
         <name>int34.asm.obj</name>
      </input_file>
      <input_file id="fl-37">
         <path>D:\Program Files\ti\ccs\ccs\tools\compiler\ti-cgt-msp430_20.2.1.LTS\lib\</path>
         <kind>archive</kind>
         <file>rts430x_lc_sd_eabi.lib</file>
         <name>int35.asm.obj</name>
      </input_file>
      <input_file id="fl-38">
         <path>D:\Program Files\ti\ccs\ccs\tools\compiler\ti-cgt-msp430_20.2.1.LTS\lib\</path>
         <kind>archive</kind>
         <file>rts430x_lc_sd_eabi.lib</file>
         <name>int36.asm.obj</name>
      </input_file>
      <input_file id="fl-39">
         <path>D:\Program Files\ti\ccs\ccs\tools\compiler\ti-cgt-msp430_20.2.1.LTS\lib\</path>
         <kind>archive</kind>
         <file>rts430x_lc_sd_eabi.lib</file>
         <name>int37.asm.obj</name>
      </input_file>
      <input_file id="fl-3a">
         <path>D:\Program Files\ti\ccs\ccs\tools\compiler\ti-cgt-msp430_20.2.1.LTS\lib\</path>
         <kind>archive</kind>
         <file>rts430x_lc_sd_eabi.lib</file>
         <name>int38.asm.obj</name>
      </input_file>
      <input_file id="fl-3b">
         <path>D:\Program Files\ti\ccs\ccs\tools\compiler\ti-cgt-msp430_20.2.1.LTS\lib\</path>
         <kind>archive</kind>
         <file>rts430x_lc_sd_eabi.lib</file>
         <name>int39.asm.obj</name>
      </input_file>
      <input_file id="fl-3c">
         <path>D:\Program Files\ti\ccs\ccs\tools\compiler\ti-cgt-msp430_20.2.1.LTS\lib\</path>
         <kind>archive</kind>
         <file>rts430x_lc_sd_eabi.lib</file>
         <name>int40.asm.obj</name>
      </input_file>
      <input_file id="fl-3d">
         <path>D:\Program Files\ti\ccs\ccs\tools\compiler\ti-cgt-msp430_20.2.1.LTS\lib\</path>
         <kind>archive</kind>
         <file>rts430x_lc_sd_eabi.lib</file>
         <name>int42.asm.obj</name>
      </input_file>
      <input_file id="fl-3e">
         <path>D:\Program Files\ti\ccs\ccs\tools\compiler\ti-cgt-msp430_20.2.1.LTS\lib\</path>
         <kind>archive</kind>
         <file>rts430x_lc_sd_eabi.lib</file>
         <name>int44.asm.obj</name>
      </input_file>
      <input_file id="fl-3f">
         <path>D:\Program Files\ti\ccs\ccs\tools\compiler\ti-cgt-msp430_20.2.1.LTS\lib\</path>
         <kind>archive</kind>
         <file>rts430x_lc_sd_eabi.lib</file>
         <name>int45.asm.obj</name>
      </input_file>
      <input_file id="fl-40">
         <path>D:\Program Files\ti\ccs\ccs\tools\compiler\ti-cgt-msp430_20.2.1.LTS\lib\</path>
         <kind>archive</kind>
         <file>rts430x_lc_sd_eabi.lib</file>
         <name>copy_zero_init.c.obj</name>
      </input_file>
      <input_file id="fl-41">
         <path>D:\Program Files\ti\ccs\ccs\tools\compiler\ti-cgt-msp430_20.2.1.LTS\lib\</path>
         <kind>archive</kind>
         <file>rts430x_lc_sd_eabi.lib</file>
         <name>cpy_util.asm.obj</name>
      </input_file>
      <input_file id="fl-42">
         <path>D:\Program Files\ti\ccs\ccs\tools\compiler\ti-cgt-msp430_20.2.1.LTS\lib\</path>
         <kind>archive</kind>
         <file>rts430x_lc_sd_eabi.lib</file>
         <name>addd.c.obj</name>
      </input_file>
      <input_file id="fl-43">
         <path>D:\Program Files\ti\ccs\ccs\tools\compiler\ti-cgt-msp430_20.2.1.LTS\lib\</path>
         <kind>archive</kind>
         <file>rts430x_lc_sd_eabi.lib</file>
         <name>frcaddd.c.obj</name>
      </input_file>
      <input_file id="fl-44">
         <path>D:\Program Files\ti\ccs\ccs\tools\compiler\ti-cgt-msp430_20.2.1.LTS\lib\</path>
         <kind>archive</kind>
         <file>rts430x_lc_sd_eabi.lib</file>
         <name>renormd.c.obj</name>
      </input_file>
      <input_file id="fl-45">
         <path>D:\Program Files\ti\ccs\ccs\tools\compiler\ti-cgt-msp430_20.2.1.LTS\lib\</path>
         <kind>archive</kind>
         <file>rts430x_lc_sd_eabi.lib</file>
         <name>divd.c.obj</name>
      </input_file>
      <input_file id="fl-46">
         <path>D:\Program Files\ti\ccs\ccs\tools\compiler\ti-cgt-msp430_20.2.1.LTS\lib\</path>
         <kind>archive</kind>
         <file>rts430x_lc_sd_eabi.lib</file>
         <name>frcdivd.c.obj</name>
      </input_file>
      <input_file id="fl-47">
         <path>D:\Program Files\ti\ccs\ccs\tools\compiler\ti-cgt-msp430_20.2.1.LTS\lib\</path>
         <kind>archive</kind>
         <file>rts430x_lc_sd_eabi.lib</file>
         <name>div32s.asm.obj</name>
      </input_file>
      <input_file id="fl-48">
         <path>D:\Program Files\ti\ccs\ccs\tools\compiler\ti-cgt-msp430_20.2.1.LTS\lib\</path>
         <kind>archive</kind>
         <file>rts430x_lc_sd_eabi.lib</file>
         <name>div16u.asm.obj</name>
      </input_file>
      <input_file id="fl-49">
         <path>D:\Program Files\ti\ccs\ccs\tools\compiler\ti-cgt-msp430_20.2.1.LTS\lib\</path>
         <kind>archive</kind>
         <file>rts430x_lc_sd_eabi.lib</file>
         <name>div32u.asm.obj</name>
      </input_file>
      <input_file id="fl-4a">
         <path>D:\Program Files\ti\ccs\ccs\tools\compiler\ti-cgt-msp430_20.2.1.LTS\lib\</path>
         <kind>archive</kind>
         <file>rts430x_lc_sd_eabi.lib</file>
         <name>fixdi.c.obj</name>
      </input_file>
      <input_file id="fl-4b">
         <path>D:\Program Files\ti\ccs\ccs\tools\compiler\ti-cgt-msp430_20.2.1.LTS\lib\</path>
         <kind>archive</kind>
         <file>rts430x_lc_sd_eabi.lib</file>
         <name>fixdli.c.obj</name>
      </input_file>
      <input_file id="fl-4c">
         <path>D:\Program Files\ti\ccs\ccs\tools\compiler\ti-cgt-msp430_20.2.1.LTS\lib\</path>
         <kind>archive</kind>
         <file>rts430x_lc_sd_eabi.lib</file>
         <name>fixdu.c.obj</name>
      </input_file>
      <input_file id="fl-4d">
         <path>D:\Program Files\ti\ccs\ccs\tools\compiler\ti-cgt-msp430_20.2.1.LTS\lib\</path>
         <kind>archive</kind>
         <file>rts430x_lc_sd_eabi.lib</file>
         <name>fixdul.c.obj</name>
      </input_file>
      <input_file id="fl-4e">
         <path>D:\Program Files\ti\ccs\ccs\tools\compiler\ti-cgt-msp430_20.2.1.LTS\lib\</path>
         <kind>archive</kind>
         <file>rts430x_lc_sd_eabi.lib</file>
         <name>fltud.c.obj</name>
      </input_file>
      <input_file id="fl-4f">
         <path>D:\Program Files\ti\ccs\ccs\tools\compiler\ti-cgt-msp430_20.2.1.LTS\lib\</path>
         <kind>archive</kind>
         <file>rts430x_lc_sd_eabi.lib</file>
         <name>fltuld.c.obj</name>
      </input_file>
      <input_file id="fl-50">
         <path>D:\Program Files\ti\ccs\ccs\tools\compiler\ti-cgt-msp430_20.2.1.LTS\lib\</path>
         <kind>archive</kind>
         <file>rts430x_lc_sd_eabi.lib</file>
         <name>mpyd.c.obj</name>
      </input_file>
      <input_file id="fl-51">
         <path>D:\Program Files\ti\ccs\ccs\tools\compiler\ti-cgt-msp430_20.2.1.LTS\lib\</path>
         <kind>archive</kind>
         <file>rts430x_lc_sd_eabi.lib</file>
         <name>frcmpyd.c.obj</name>
      </input_file>
      <input_file id="fl-52">
         <path>D:\Program Files\ti\ccs\ccs\tools\compiler\ti-cgt-msp430_20.2.1.LTS\lib\</path>
         <kind>archive</kind>
         <file>rts430x_lc_sd_eabi.lib</file>
         <name>mult16.asm.obj</name>
      </input_file>
      <input_file id="fl-53">
         <path>D:\Program Files\ti\ccs\ccs\tools\compiler\ti-cgt-msp430_20.2.1.LTS\lib\</path>
         <kind>archive</kind>
         <file>rts430x_lc_sd_eabi.lib</file>
         <name>mult16_f5hw.asm.obj</name>
      </input_file>
      <input_file id="fl-54">
         <path>D:\Program Files\ti\ccs\ccs\tools\compiler\ti-cgt-msp430_20.2.1.LTS\lib\</path>
         <kind>archive</kind>
         <file>rts430x_lc_sd_eabi.lib</file>
         <name>mult32.asm.obj</name>
      </input_file>
      <input_file id="fl-55">
         <path>D:\Program Files\ti\ccs\ccs\tools\compiler\ti-cgt-msp430_20.2.1.LTS\lib\</path>
         <kind>archive</kind>
         <file>rts430x_lc_sd_eabi.lib</file>
         <name>mult32_f5hw.asm.obj</name>
      </input_file>
      <input_file id="fl-56">
         <path>D:\Program Files\ti\ccs\ccs\tools\compiler\ti-cgt-msp430_20.2.1.LTS\lib\</path>
         <kind>archive</kind>
         <file>rts430x_lc_sd_eabi.lib</file>
         <name>mult64_f5hw.asm.obj</name>
      </input_file>
      <input_file id="fl-57">
         <path>D:\Program Files\ti\ccs\ccs\tools\compiler\ti-cgt-msp430_20.2.1.LTS\lib\</path>
         <kind>archive</kind>
         <file>rts430x_lc_sd_eabi.lib</file>
         <name>mult1632_f5hw.asm.obj</name>
      </input_file>
      <input_file id="fl-58">
         <path>D:\Program Files\ti\ccs\ccs\tools\compiler\ti-cgt-msp430_20.2.1.LTS\lib\</path>
         <kind>archive</kind>
         <file>rts430x_lc_sd_eabi.lib</file>
         <name>mult3264_f5hw.asm.obj</name>
      </input_file>
      <input_file id="fl-59">
         <path>D:\Program Files\ti\ccs\ccs\tools\compiler\ti-cgt-msp430_20.2.1.LTS\lib\</path>
         <kind>archive</kind>
         <file>rts430x_lc_sd_eabi.lib</file>
         <name>lsl32.asm.obj</name>
      </input_file>
      <input_file id="fl-5a">
         <path>D:\Program Files\ti\ccs\ccs\tools\compiler\ti-cgt-msp430_20.2.1.LTS\lib\</path>
         <kind>archive</kind>
         <file>rts430x_lc_sd_eabi.lib</file>
         <name>asr32.asm.obj</name>
      </input_file>
      <input_file id="fl-5b">
         <path>D:\Program Files\ti\ccs\ccs\tools\compiler\ti-cgt-msp430_20.2.1.LTS\lib\</path>
         <kind>archive</kind>
         <file>rts430x_lc_sd_eabi.lib</file>
         <name>lsr32.asm.obj</name>
      </input_file>
      <input_file id="fl-5c">
         <path>D:\Program Files\ti\ccs\ccs\tools\compiler\ti-cgt-msp430_20.2.1.LTS\lib\</path>
         <kind>archive</kind>
         <file>rts430x_lc_sd_eabi.lib</file>
         <name>lsr64.c.obj</name>
      </input_file>
      <input_file id="fl-5d">
         <path>D:\Program Files\ti\ccs\ccs\tools\compiler\ti-cgt-msp430_20.2.1.LTS\lib\</path>
         <kind>archive</kind>
         <file>rts430x_lc_sd_eabi.lib</file>
         <name>subd.c.obj</name>
      </input_file>
      <input_file id="fl-5e">
         <path>D:\Program Files\ti\ccs\ccs\tools\compiler\ti-cgt-msp430_20.2.1.LTS\lib\</path>
         <kind>archive</kind>
         <file>rts430x_lc_sd_eabi.lib</file>
         <name>boot.c.obj</name>
      </input_file>
      <input_file id="fl-5f">
         <path>D:\Program Files\ti\ccs\ccs\ccs_base\msp430\lib\FR2xx\</path>
         <kind>archive</kind>
         <file>FRWP_INIT_LIB_CCS_msp430_large_code_small_data.lib</file>
         <name>frwp_init.obj</name>
      </input_file>
      <input_file id="fl-60">
         <path>D:\Program Files\ti\ccs\ccs\tools\compiler\ti-cgt-msp430_20.2.1.LTS\lib\</path>
         <kind>archive</kind>
         <file>rts430x_lc_sd_eabi.lib</file>
         <name>args_main.c.obj</name>
      </input_file>
      <input_file id="fl-61">
         <path>D:\Program Files\ti\ccs\ccs\tools\compiler\ti-cgt-msp430_20.2.1.LTS\lib\</path>
         <kind>archive</kind>
         <file>rts430x_lc_sd_eabi.lib</file>
         <name>autoinit.c.obj</name>
      </input_file>
      <input_file id="fl-62">
         <path>D:\Program Files\ti\ccs\ccs\tools\compiler\ti-cgt-msp430_20.2.1.LTS\lib\</path>
         <kind>archive</kind>
         <file>rts430x_lc_sd_eabi.lib</file>
         <name>startup.c.obj</name>
      </input_file>
      <input_file id="fl-63">
         <path>D:\Program Files\ti\ccs\ccs\tools\compiler\ti-cgt-msp430_20.2.1.LTS\lib\</path>
         <kind>archive</kind>
         <file>rts430x_lc_sd_eabi.lib</file>
         <name>pre_init.c.obj</name>
      </input_file>
      <input_file id="fl-64">
         <path>D:\Program Files\ti\ccs\ccs\tools\compiler\ti-cgt-msp430_20.2.1.LTS\lib\</path>
         <kind>archive</kind>
         <file>rts430x_lc_sd_eabi.lib</file>
         <name>cpy_tbl.c.obj</name>
      </input_file>
      <input_file id="fl-65">
         <path>D:\Program Files\ti\ccs\ccs\tools\compiler\ti-cgt-msp430_20.2.1.LTS\lib\</path>
         <kind>archive</kind>
         <file>rts430x_lc_sd_eabi.lib</file>
         <name>exit.c.obj</name>
      </input_file>
      <input_file id="fl-66">
         <path>D:\Program Files\ti\ccs\ccs\tools\compiler\ti-cgt-msp430_20.2.1.LTS\lib\</path>
         <kind>archive</kind>
         <file>rts430x_lc_sd_eabi.lib</file>
         <name>exit_gvars.c.obj</name>
      </input_file>
      <input_file id="fl-67">
         <path>D:\Program Files\ti\ccs\ccs\tools\compiler\ti-cgt-msp430_20.2.1.LTS\lib\</path>
         <kind>archive</kind>
         <file>rts430x_lc_sd_eabi.lib</file>
         <name>_lock.c.obj</name>
      </input_file>
      <input_file id="fl-68">
         <path>D:\Program Files\ti\ccs\ccs\tools\compiler\ti-cgt-msp430_20.2.1.LTS\lib\</path>
         <kind>archive</kind>
         <file>rts430x_lc_sd_eabi.lib</file>
         <name>e_log.c.obj</name>
      </input_file>
      <input_file id="fl-69">
         <path>D:\Program Files\ti\ccs\ccs\tools\compiler\ti-cgt-msp430_20.2.1.LTS\lib\</path>
         <kind>archive</kind>
         <file>rts430x_lc_sd_eabi.lib</file>
         <name>cmpd.c.obj</name>
      </input_file>
      <input_file id="fl-6a">
         <path>D:\Program Files\ti\ccs\ccs\tools\compiler\ti-cgt-msp430_20.2.1.LTS\lib\</path>
         <kind>archive</kind>
         <file>rts430x_lc_sd_eabi.lib</file>
         <name>fltlid.c.obj</name>
      </input_file>
      <input_file id="fl-6b">
         <path>D:\Program Files\ti\ccs\ccs\tools\compiler\ti-cgt-msp430_20.2.1.LTS\lib\</path>
         <kind>archive</kind>
         <file>rts430x_lc_sd_eabi.lib</file>
         <name>errno.c.obj</name>
      </input_file>
      <input_file id="fl-6c">
         <path>D:\Program Files\ti\ccs\ccs\tools\compiler\ti-cgt-msp430_20.2.1.LTS\lib\</path>
         <kind>archive</kind>
         <file>rts430x_lc_sd_eabi.lib</file>
         <name>memcpy.c.obj</name>
      </input_file>
      <input_file id="fl-6d">
         <path>D:\Program Files\ti\ccs\ccs\tools\compiler\ti-cgt-msp430_20.2.1.LTS\lib\</path>
         <kind>archive</kind>
         <file>rts430x_lc_sd_eabi.lib</file>
         <name>e_pow.c.obj</name>
      </input_file>
      <input_file id="fl-6e">
         <path>D:\Program Files\ti\ccs\ccs\tools\compiler\ti-cgt-msp430_20.2.1.LTS\lib\</path>
         <kind>archive</kind>
         <file>rts430x_lc_sd_eabi.lib</file>
         <name>negd.c.obj</name>
      </input_file>
      <input_file id="fl-6f">
         <path>D:\Program Files\ti\ccs\ccs\tools\compiler\ti-cgt-msp430_20.2.1.LTS\lib\</path>
         <kind>archive</kind>
         <file>rts430x_lc_sd_eabi.lib</file>
         <name>s_scalbn.c.obj</name>
      </input_file>
      <input_file id="fl-70">
         <path>D:\Program Files\ti\ccs\ccs\tools\compiler\ti-cgt-msp430_20.2.1.LTS\lib\</path>
         <kind>archive</kind>
         <file>rts430x_lc_sd_eabi.lib</file>
         <name>s_copysign.c.obj</name>
      </input_file>
      <input_file id="fl-71">
         <path>D:\Program Files\ti\ccs\ccs\tools\compiler\ti-cgt-msp430_20.2.1.LTS\lib\</path>
         <kind>archive</kind>
         <file>rts430x_lc_sd_eabi.lib</file>
         <name>e_sqrt.c.obj</name>
      </input_file>
   </input_file_list>
   <object_component_list>
      <object_component id="oc-7df">
         <name>__TI_handler_table</name>
         <load_address>0x8000</load_address>
         <run_address>0x8000</run_address>
         <size>0xc</size>
      </object_component>
      <object_component id="oc-7e1">
         <name>.cinit..bss.load</name>
         <load_address>0x800c</load_address>
         <run_address>0x800c</run_address>
         <size>0x6</size>
      </object_component>
      <object_component id="oc-7e2">
         <name>.cinit..data.load</name>
         <load_address>0x8012</load_address>
         <run_address>0x8012</run_address>
         <size>0x6</size>
      </object_component>
      <object_component id="oc-7e0">
         <name>__TI_cinit_table</name>
         <load_address>0x8018</load_address>
         <run_address>0x8018</run_address>
         <size>0x10</size>
      </object_component>
      <object_component id="oc-77f">
         <name>.binit</name>
         <load_address>0x8028</load_address>
         <run_address>0x8028</run_address>
         <size>0x0</size>
      </object_component>
      <object_component id="oc-56b">
         <name>.const:SinusoidArray</name>
         <load_address>0x8028</load_address>
         <run_address>0x8028</run_address>
         <size>0x200</size>
         <input_file_ref idref="fl-3"/>
      </object_component>
      <object_component id="oc-710">
         <name>.const:bp</name>
         <load_address>0x8228</load_address>
         <run_address>0x8228</run_address>
         <size>0x10</size>
         <input_file_ref idref="fl-6d"/>
      </object_component>
      <object_component id="oc-713">
         <name>.const:dp_h</name>
         <load_address>0x8238</load_address>
         <run_address>0x8238</run_address>
         <size>0x10</size>
         <input_file_ref idref="fl-6d"/>
      </object_component>
      <object_component id="oc-716">
         <name>.const:dp_l</name>
         <load_address>0x8248</load_address>
         <run_address>0x8248</run_address>
         <size>0x10</size>
         <input_file_ref idref="fl-6d"/>
      </object_component>
      <object_component id="oc-687">
         <name>.text:pow</name>
         <load_address>0x8258</load_address>
         <run_address>0x8258</run_address>
         <size>0x1130</size>
         <input_file_ref idref="fl-6d"/>
      </object_component>
      <object_component id="oc-5c4">
         <name>.text:log</name>
         <load_address>0x9388</load_address>
         <run_address>0x9388</run_address>
         <size>0x626</size>
         <input_file_ref idref="fl-68"/>
      </object_component>
      <object_component id="oc-66e">
         <name>.text:__TI_frcdivd</name>
         <load_address>0x99ae</load_address>
         <run_address>0x99ae</run_address>
         <size>0x466</size>
         <input_file_ref idref="fl-46"/>
      </object_component>
      <object_component id="oc-656">
         <name>.text:__mspabi_addd</name>
         <load_address>0x9e14</load_address>
         <run_address>0x9e14</run_address>
         <size>0x2de</size>
         <input_file_ref idref="fl-42"/>
      </object_component>
      <object_component id="oc-704">
         <name>.text:sqrt</name>
         <load_address>0xa0f2</load_address>
         <run_address>0xa0f2</run_address>
         <size>0x2dc</size>
         <input_file_ref idref="fl-71"/>
      </object_component>
      <object_component id="oc-612">
         <name>.text:__TI_frcmpyd</name>
         <load_address>0xa3ce</load_address>
         <run_address>0xa3ce</run_address>
         <size>0x280</size>
         <input_file_ref idref="fl-51"/>
      </object_component>
      <object_component id="oc-56e">
         <name>.text:__mspabi_mpyd</name>
         <load_address>0xa64e</load_address>
         <run_address>0xa64e</run_address>
         <size>0x264</size>
         <input_file_ref idref="fl-50"/>
      </object_component>
      <object_component id="oc-6e3">
         <name>.text:__TI_frcaddd</name>
         <load_address>0xa8b2</load_address>
         <run_address>0xa8b2</run_address>
         <size>0x248</size>
         <input_file_ref idref="fl-43"/>
      </object_component>
      <object_component id="oc-5ca">
         <name>.text:__mspabi_divd</name>
         <load_address>0xaafa</load_address>
         <run_address>0xaafa</run_address>
         <size>0x220</size>
         <input_file_ref idref="fl-45"/>
      </object_component>
      <object_component id="oc-719">
         <name>.text:scalbn</name>
         <load_address>0xad1a</load_address>
         <run_address>0xad1a</run_address>
         <size>0x158</size>
         <input_file_ref idref="fl-6f"/>
      </object_component>
      <object_component id="oc-66">
         <name>.text:decompress:lzss:__TI_decompress_lzss</name>
         <load_address>0xae72</load_address>
         <run_address>0xae72</run_address>
         <size>0xee</size>
         <input_file_ref idref="fl-27"/>
      </object_component>
      <object_component id="oc-662">
         <name>.text:__mspabi_cmpd</name>
         <load_address>0xaf60</load_address>
         <run_address>0xaf60</run_address>
         <size>0xd8</size>
         <input_file_ref idref="fl-69"/>
      </object_component>
      <object_component id="oc-748">
         <name>.text:__TI_renormd</name>
         <load_address>0xb038</load_address>
         <run_address>0xb038</run_address>
         <size>0xb2</size>
         <input_file_ref idref="fl-44"/>
      </object_component>
      <object_component id="oc-541">
         <name>.text:init_Constants</name>
         <load_address>0xb0ea</load_address>
         <run_address>0xb0ea</run_address>
         <size>0xb0</size>
         <input_file_ref idref="fl-5"/>
      </object_component>
      <object_component id="oc-65c">
         <name>.text:__mspabi_fltlid</name>
         <load_address>0xb19a</load_address>
         <run_address>0xb19a</run_address>
         <size>0x9e</size>
         <input_file_ref idref="fl-6a"/>
      </object_component>
      <object_component id="oc-5e0">
         <name>.text:calc_freq</name>
         <load_address>0xb238</load_address>
         <run_address>0xb238</run_address>
         <size>0x88</size>
         <input_file_ref idref="fl-3"/>
      </object_component>
      <object_component id="oc-513">
         <name>.text:main</name>
         <load_address>0xb2c0</load_address>
         <run_address>0xb2c0</run_address>
         <size>0x86</size>
         <input_file_ref idref="fl-5"/>
      </object_component>
      <object_component id="oc-609">
         <name>.text:__mspabi_fltuld</name>
         <load_address>0xb346</load_address>
         <run_address>0xb346</run_address>
         <size>0x80</size>
         <input_file_ref idref="fl-4f"/>
      </object_component>
      <object_component id="oc-5f4">
         <name>.text:init_ADC</name>
         <load_address>0xb3c6</load_address>
         <run_address>0xb3c6</run_address>
         <size>0x6e</size>
         <input_file_ref idref="fl-4"/>
      </object_component>
      <object_component id="oc-59f">
         <name>.text:__TI_auto_init_nobinit_nopinit_hold_wdt:__TI_auto_init_nobinit_nopinit_hold_wdt</name>
         <load_address>0xb434</load_address>
         <run_address>0xb434</run_address>
         <size>0x6a</size>
         <input_file_ref idref="fl-61"/>
      </object_component>
      <object_component id="oc-721">
         <name>.text:__mspabi_fixdul</name>
         <load_address>0xb49e</load_address>
         <run_address>0xb49e</run_address>
         <size>0x68</size>
         <input_file_ref idref="fl-4d"/>
      </object_component>
      <object_component id="oc-5d8">
         <name>.text:__mspabi_fixdli</name>
         <load_address>0xb506</load_address>
         <run_address>0xb506</run_address>
         <size>0x66</size>
         <input_file_ref idref="fl-4b"/>
      </object_component>
      <object_component id="oc-54d">
         <name>.text:init_CS</name>
         <load_address>0xb56c</load_address>
         <run_address>0xb56c</run_address>
         <size>0x5e</size>
         <input_file_ref idref="fl-5"/>
      </object_component>
      <object_component id="oc-5fa">
         <name>.text:init_DAC</name>
         <load_address>0xb5ca</load_address>
         <run_address>0xb5ca</run_address>
         <size>0x58</size>
         <input_file_ref idref="fl-4"/>
      </object_component>
      <object_component id="oc-729">
         <name>.text</name>
         <load_address>0xb622</load_address>
         <run_address>0xb622</run_address>
         <size>0x58</size>
         <input_file_ref idref="fl-49"/>
      </object_component>
      <object_component id="oc-5e6">
         <name>.text:calc_period</name>
         <load_address>0xb67a</load_address>
         <run_address>0xb67a</run_address>
         <size>0x50</size>
         <input_file_ref idref="fl-3"/>
      </object_component>
      <object_component id="oc-48f">
         <name>.text:__memcpy_far</name>
         <load_address>0xb6ca</load_address>
         <run_address>0xb6ca</run_address>
         <size>0x40</size>
         <input_file_ref idref="fl-41"/>
      </object_component>
      <object_component id="oc-699">
         <name>.text</name>
         <load_address>0xb70a</load_address>
         <run_address>0xb70a</run_address>
         <size>0x40</size>
         <input_file_ref idref="fl-47"/>
      </object_component>
      <object_component id="oc-4ac">
         <name>.text:decompress:ZI:__TI_zero_init_nomemset:__TI_zero_init_nomemset</name>
         <load_address>0xb74a</load_address>
         <run_address>0xb74a</run_address>
         <size>0x3e</size>
         <input_file_ref idref="fl-40"/>
      </object_component>
      <object_component id="oc-547">
         <name>.text:init_GlobalVariables</name>
         <load_address>0xb788</load_address>
         <run_address>0xb788</run_address>
         <size>0x3e</size>
         <input_file_ref idref="fl-5"/>
      </object_component>
      <object_component id="oc-6a5">
         <name>.text:l_asr_const</name>
         <load_address>0xb7c6</load_address>
         <run_address>0xb7c6</run_address>
         <size>0x3e</size>
         <input_file_ref idref="fl-5a"/>
      </object_component>
      <object_component id="oc-677">
         <name>.text:l_lsl_const</name>
         <load_address>0xb804</load_address>
         <run_address>0xb804</run_address>
         <size>0x3e</size>
         <input_file_ref idref="fl-59"/>
      </object_component>
      <object_component id="oc-682">
         <name>.text:l_lsr_const</name>
         <load_address>0xb842</load_address>
         <run_address>0xb842</run_address>
         <size>0x3e</size>
         <input_file_ref idref="fl-5b"/>
      </object_component>
      <object_component id="oc-525">
         <name>.text:__mpu_init</name>
         <load_address>0xb880</load_address>
         <run_address>0xb880</run_address>
         <size>0x3c</size>
         <input_file_ref idref="fl-5f"/>
      </object_component>
      <object_component id="oc-6c">
         <name>.text:decompress:none:__TI_decompress_none</name>
         <load_address>0xb8bc</load_address>
         <run_address>0xb8bc</run_address>
         <size>0x3c</size>
         <input_file_ref idref="fl-28"/>
      </object_component>
      <object_component id="oc-5d2">
         <name>.text:__mspabi_subd</name>
         <load_address>0xb8f8</load_address>
         <run_address>0xb8f8</run_address>
         <size>0x2e</size>
         <input_file_ref idref="fl-5d"/>
      </object_component>
      <object_component id="oc-761">
         <name>.text:copysign</name>
         <load_address>0xb926</load_address>
         <run_address>0xb926</run_address>
         <size>0x2e</size>
         <input_file_ref idref="fl-70"/>
      </object_component>
      <object_component id="oc-70a">
         <name>.text:__mspabi_negd</name>
         <load_address>0xb954</load_address>
         <run_address>0xb954</run_address>
         <size>0x2a</size>
         <input_file_ref idref="fl-6e"/>
      </object_component>
      <object_component id="oc-574">
         <name>.text:__mspabi_fixdi</name>
         <load_address>0xb97e</load_address>
         <run_address>0xb97e</run_address>
         <size>0x28</size>
         <input_file_ref idref="fl-4a"/>
      </object_component>
      <object_component id="oc-6aa">
         <name>.text</name>
         <load_address>0xb9a6</load_address>
         <run_address>0xb9a6</run_address>
         <size>0x24</size>
         <input_file_ref idref="fl-55"/>
      </object_component>
      <object_component id="oc-559">
         <name>.text:ConfigureTimerB0</name>
         <load_address>0xb9ca</load_address>
         <run_address>0xb9ca</run_address>
         <size>0x1e</size>
         <input_file_ref idref="fl-3"/>
      </object_component>
      <object_component id="oc-55f">
         <name>.text:ConfigureTimerB1</name>
         <load_address>0xb9e8</load_address>
         <run_address>0xb9e8</run_address>
         <size>0x1e</size>
         <input_file_ref idref="fl-2"/>
      </object_component>
      <object_component id="oc-694">
         <name>.text</name>
         <load_address>0xba06</load_address>
         <run_address>0xba06</run_address>
         <size>0x18</size>
         <input_file_ref idref="fl-53"/>
      </object_component>
      <object_component id="oc-600">
         <name>.text:init_Switch</name>
         <load_address>0xba1e</load_address>
         <run_address>0xba1e</run_address>
         <size>0x16</size>
         <input_file_ref idref="fl-4"/>
      </object_component>
      <object_component id="oc-4ff">
         <name>.text</name>
         <load_address>0xba34</load_address>
         <run_address>0xba34</run_address>
         <size>0x16</size>
         <input_file_ref idref="fl-48"/>
      </object_component>
      <object_component id="oc-68d">
         <name>.text:__mspabi_fixdu</name>
         <load_address>0xba4a</load_address>
         <run_address>0xba4a</run_address>
         <size>0x12</size>
         <input_file_ref idref="fl-4c"/>
      </object_component>
      <object_component id="oc-553">
         <name>.text:init_HardwareSubsystems</name>
         <load_address>0xba5c</load_address>
         <run_address>0xba5c</run_address>
         <size>0x12</size>
         <input_file_ref idref="fl-4"/>
      </object_component>
      <object_component id="oc-5ee">
         <name>.text:init_Sensor_GPIO</name>
         <load_address>0xba6e</load_address>
         <run_address>0xba6e</run_address>
         <size>0x12</size>
         <input_file_ref idref="fl-4"/>
      </object_component>
      <object_component id="oc-6fa">
         <name>.text:l_asr</name>
         <load_address>0xba80</load_address>
         <run_address>0xba80</run_address>
         <size>0x10</size>
         <input_file_ref idref="fl-5a"/>
      </object_component>
      <object_component id="oc-6ff">
         <name>.text:l_lsl</name>
         <load_address>0xba90</load_address>
         <run_address>0xba90</run_address>
         <size>0x10</size>
         <input_file_ref idref="fl-59"/>
      </object_component>
      <object_component id="oc-67c">
         <name>.text:l_lsr</name>
         <load_address>0xbaa0</load_address>
         <run_address>0xbaa0</run_address>
         <size>0x10</size>
         <input_file_ref idref="fl-5b"/>
      </object_component>
      <object_component id="oc-565">
         <name>.text:__mspabi_fltud</name>
         <load_address>0xbab0</load_address>
         <run_address>0xbab0</run_address>
         <size>0x6</size>
         <input_file_ref idref="fl-4e"/>
      </object_component>
      <object_component id="oc-57b">
         <name>.text:abort</name>
         <load_address>0xbab6</load_address>
         <run_address>0xbab6</run_address>
         <size>0x6</size>
         <input_file_ref idref="fl-65"/>
      </object_component>
      <object_component id="oc-50d">
         <name>.text:_system_pre_init</name>
         <load_address>0xbabc</load_address>
         <run_address>0xbabc</run_address>
         <size>0x4</size>
         <input_file_ref idref="fl-63"/>
      </object_component>
      <object_component id="oc-632">
         <name>.text:_system_post_cinit</name>
         <load_address>0xbac0</load_address>
         <run_address>0xbac0</run_address>
         <size>0x2</size>
         <input_file_ref idref="fl-62"/>
      </object_component>
      <object_component id="oc-4a0">
         <name>.text:_isr:TimerB1ISR</name>
         <load_address>0xbac2</load_address>
         <run_address>0xbac2</run_address>
         <size>0x5c</size>
         <input_file_ref idref="fl-2"/>
      </object_component>
      <object_component id="oc-4a6">
         <name>.text:_isr:TimerB0ISR</name>
         <load_address>0xbb1e</load_address>
         <run_address>0xbb1e</run_address>
         <size>0x2a</size>
         <input_file_ref idref="fl-3"/>
      </object_component>
      <object_component id="oc-4d6">
         <name>.text:_isr:_c_int00_noargs_mpu</name>
         <load_address>0xbb48</load_address>
         <run_address>0xbb48</run_address>
         <size>0x20</size>
         <input_file_ref idref="fl-5e"/>
      </object_component>
      <object_component id="oc-49b">
         <name>.text:_isr:__TI_ISR_TRAP</name>
         <load_address>0xbb68</load_address>
         <run_address>0xbb68</run_address>
         <size>0x8</size>
         <input_file_ref idref="fl-2a"/>
      </object_component>
      <object_component id="oc-5d0">
         <name>.common:min_freq_steps</name>
         <uninitialized>true</uninitialized>
         <run_address>0x2008</run_address>
         <size>0x8</size>
      </object_component>
      <object_component id="oc-5d1">
         <name>.common:max_freq_steps</name>
         <uninitialized>true</uninitialized>
         <run_address>0x2000</run_address>
         <size>0x8</size>
      </object_component>
      <object_component id="oc-5de">
         <name>.common:freq_step_range</name>
         <uninitialized>true</uninitialized>
         <run_address>0x2014</run_address>
         <size>0x2</size>
      </object_component>
      <object_component id="oc-4fa">
         <name>.common:volume_range_data</name>
         <uninitialized>true</uninitialized>
         <run_address>0x201c</run_address>
         <size>0x2</size>
      </object_component>
      <object_component id="oc-4f3">
         <name>.common:pitch_range_data</name>
         <uninitialized>true</uninitialized>
         <run_address>0x2018</run_address>
         <size>0x2</size>
      </object_component>
      <object_component id="oc-4fc">
         <name>.common:DAC_period</name>
         <uninitialized>true</uninitialized>
         <run_address>0x2010</run_address>
         <size>0x2</size>
      </object_component>
      <object_component id="oc-4fd">
         <name>.common:next_sine_value</name>
         <uninitialized>true</uninitialized>
         <run_address>0x2016</run_address>
         <size>0x2</size>
      </object_component>
      <object_component id="oc-4fe">
         <name>.common:samps_per_cycle</name>
         <uninitialized>true</uninitialized>
         <run_address>0x201a</run_address>
         <size>0x2</size>
      </object_component>
      <object_component id="oc-504">
         <name>.common:current_array_index</name>
         <uninitialized>true</uninitialized>
         <run_address>0x2012</run_address>
         <size>0x2</size>
      </object_component>
      <object_component id="oc-653">
         <name>.data</name>
         <load_address>0x201e</load_address>
         <run_address>0x201e</run_address>
         <size>0x2</size>
         <input_file_ref idref="fl-6b"/>
      </object_component>
      <object_component id="oc-480">
         <name>.stack</name>
         <uninitialized>true</uninitialized>
         <run_address>0x2f60</run_address>
         <size>0x2</size>
         <input_file_ref idref="fl-5e"/>
      </object_component>
      <object_component id="oc-7e3">
         <name>.stack</name>
         <uninitialized>true</uninitialized>
         <run_address>0x2f60</run_address>
         <size>0x0</size>
      </object_component>
      <object_component id="oc-72">
         <name>.int22</name>
         <load_address>0xffce</load_address>
         <run_address>0xffce</run_address>
         <size>0x2</size>
         <input_file_ref idref="fl-29"/>
      </object_component>
      <object_component id="oc-73">
         <name>.int23</name>
         <load_address>0xffd0</load_address>
         <run_address>0xffd0</run_address>
         <size>0x2</size>
         <input_file_ref idref="fl-2b"/>
      </object_component>
      <object_component id="oc-74">
         <name>.int24</name>
         <load_address>0xffd2</load_address>
         <run_address>0xffd2</run_address>
         <size>0x2</size>
         <input_file_ref idref="fl-2c"/>
      </object_component>
      <object_component id="oc-75">
         <name>.int25</name>
         <load_address>0xffd4</load_address>
         <run_address>0xffd4</run_address>
         <size>0x2</size>
         <input_file_ref idref="fl-2d"/>
      </object_component>
      <object_component id="oc-76">
         <name>.int26</name>
         <load_address>0xffd6</load_address>
         <run_address>0xffd6</run_address>
         <size>0x2</size>
         <input_file_ref idref="fl-2e"/>
      </object_component>
      <object_component id="oc-77">
         <name>.int27</name>
         <load_address>0xffd8</load_address>
         <run_address>0xffd8</run_address>
         <size>0x2</size>
         <input_file_ref idref="fl-2f"/>
      </object_component>
      <object_component id="oc-78">
         <name>.int28</name>
         <load_address>0xffda</load_address>
         <run_address>0xffda</run_address>
         <size>0x2</size>
         <input_file_ref idref="fl-30"/>
      </object_component>
      <object_component id="oc-79">
         <name>.int29</name>
         <load_address>0xffdc</load_address>
         <run_address>0xffdc</run_address>
         <size>0x2</size>
         <input_file_ref idref="fl-31"/>
      </object_component>
      <object_component id="oc-7a">
         <name>.int30</name>
         <load_address>0xffde</load_address>
         <run_address>0xffde</run_address>
         <size>0x2</size>
         <input_file_ref idref="fl-32"/>
      </object_component>
      <object_component id="oc-7b">
         <name>.int31</name>
         <load_address>0xffe0</load_address>
         <run_address>0xffe0</run_address>
         <size>0x2</size>
         <input_file_ref idref="fl-33"/>
      </object_component>
      <object_component id="oc-7c">
         <name>.int32</name>
         <load_address>0xffe2</load_address>
         <run_address>0xffe2</run_address>
         <size>0x2</size>
         <input_file_ref idref="fl-34"/>
      </object_component>
      <object_component id="oc-7d">
         <name>.int33</name>
         <load_address>0xffe4</load_address>
         <run_address>0xffe4</run_address>
         <size>0x2</size>
         <input_file_ref idref="fl-35"/>
      </object_component>
      <object_component id="oc-7e">
         <name>.int34</name>
         <load_address>0xffe6</load_address>
         <run_address>0xffe6</run_address>
         <size>0x2</size>
         <input_file_ref idref="fl-36"/>
      </object_component>
      <object_component id="oc-7f">
         <name>.int35</name>
         <load_address>0xffe8</load_address>
         <run_address>0xffe8</run_address>
         <size>0x2</size>
         <input_file_ref idref="fl-37"/>
      </object_component>
      <object_component id="oc-80">
         <name>.int36</name>
         <load_address>0xffea</load_address>
         <run_address>0xffea</run_address>
         <size>0x2</size>
         <input_file_ref idref="fl-38"/>
      </object_component>
      <object_component id="oc-81">
         <name>.int37</name>
         <load_address>0xffec</load_address>
         <run_address>0xffec</run_address>
         <size>0x2</size>
         <input_file_ref idref="fl-39"/>
      </object_component>
      <object_component id="oc-82">
         <name>.int38</name>
         <load_address>0xffee</load_address>
         <run_address>0xffee</run_address>
         <size>0x2</size>
         <input_file_ref idref="fl-3a"/>
      </object_component>
      <object_component id="oc-83">
         <name>.int39</name>
         <load_address>0xfff0</load_address>
         <run_address>0xfff0</run_address>
         <size>0x2</size>
         <input_file_ref idref="fl-3b"/>
      </object_component>
      <object_component id="oc-84">
         <name>.int40</name>
         <load_address>0xfff2</load_address>
         <run_address>0xfff2</run_address>
         <size>0x2</size>
         <input_file_ref idref="fl-3c"/>
      </object_component>
      <object_component id="oc-85">
         <name>.int41</name>
         <load_address>0xfff4</load_address>
         <run_address>0xfff4</run_address>
         <size>0x2</size>
         <input_file_ref idref="fl-2"/>
      </object_component>
      <object_component id="oc-86">
         <name>.int42</name>
         <load_address>0xfff6</load_address>
         <run_address>0xfff6</run_address>
         <size>0x2</size>
         <input_file_ref idref="fl-3d"/>
      </object_component>
      <object_component id="oc-87">
         <name>.int43</name>
         <load_address>0xfff8</load_address>
         <run_address>0xfff8</run_address>
         <size>0x2</size>
         <input_file_ref idref="fl-3"/>
      </object_component>
      <object_component id="oc-88">
         <name>.int44</name>
         <load_address>0xfffa</load_address>
         <run_address>0xfffa</run_address>
         <size>0x2</size>
         <input_file_ref idref="fl-3e"/>
      </object_component>
      <object_component id="oc-89">
         <name>.int45</name>
         <load_address>0xfffc</load_address>
         <run_address>0xfffc</run_address>
         <size>0x2</size>
         <input_file_ref idref="fl-3f"/>
      </object_component>
      <object_component id="oc-483">
         <name>.reset</name>
         <load_address>0xfffe</load_address>
         <run_address>0xfffe</run_address>
         <size>0x2</size>
         <input_file_ref idref="fl-5e"/>
      </object_component>
      <object_component id="oc-4f4">
         <name>.debug_info</name>
         <load_address>0x0</load_address>
         <run_address>0x0</run_address>
         <size>0x408</size>
         <input_file_ref idref="fl-2"/>
      </object_component>
      <object_component id="oc-4a2">
         <name>.debug_info</name>
         <load_address>0x408</load_address>
         <run_address>0x408</run_address>
         <size>0x147</size>
         <input_file_ref idref="fl-2"/>
      </object_component>
      <object_component id="oc-561">
         <name>.debug_info</name>
         <load_address>0x54f</load_address>
         <run_address>0x54f</run_address>
         <size>0x152</size>
         <input_file_ref idref="fl-2"/>
      </object_component>
      <object_component id="oc-536">
         <name>.debug_info</name>
         <load_address>0x6a1</load_address>
         <run_address>0x6a1</run_address>
         <size>0x26b</size>
         <input_file_ref idref="fl-2"/>
      </object_component>
      <object_component id="oc-48a">
         <name>.debug_info</name>
         <load_address>0x90c</load_address>
         <run_address>0x90c</run_address>
         <size>0x84</size>
         <input_file_ref idref="fl-2"/>
      </object_component>
      <object_component id="oc-5bf">
         <name>.debug_info</name>
         <load_address>0x990</load_address>
         <run_address>0x990</run_address>
         <size>0x282</size>
         <input_file_ref idref="fl-2"/>
      </object_component>
      <object_component id="oc-4f6">
         <name>.debug_info</name>
         <load_address>0xc12</load_address>
         <run_address>0xc12</run_address>
         <size>0x481</size>
         <input_file_ref idref="fl-3"/>
      </object_component>
      <object_component id="oc-56c">
         <name>.debug_info</name>
         <load_address>0x1093</load_address>
         <run_address>0x1093</run_address>
         <size>0x124</size>
         <input_file_ref idref="fl-3"/>
      </object_component>
      <object_component id="oc-5e8">
         <name>.debug_info</name>
         <load_address>0x11b7</load_address>
         <run_address>0x11b7</run_address>
         <size>0x1ab</size>
         <input_file_ref idref="fl-3"/>
      </object_component>
      <object_component id="oc-5e2">
         <name>.debug_info</name>
         <load_address>0x1362</load_address>
         <run_address>0x1362</run_address>
         <size>0x219</size>
         <input_file_ref idref="fl-3"/>
      </object_component>
      <object_component id="oc-4a7">
         <name>.debug_info</name>
         <load_address>0x157b</load_address>
         <run_address>0x157b</run_address>
         <size>0x15b</size>
         <input_file_ref idref="fl-3"/>
      </object_component>
      <object_component id="oc-55a">
         <name>.debug_info</name>
         <load_address>0x16d6</load_address>
         <run_address>0x16d6</run_address>
         <size>0x152</size>
         <input_file_ref idref="fl-3"/>
      </object_component>
      <object_component id="oc-604">
         <name>.debug_info</name>
         <load_address>0x1828</load_address>
         <run_address>0x1828</run_address>
         <size>0x181</size>
         <input_file_ref idref="fl-4"/>
      </object_component>
      <object_component id="oc-5f2">
         <name>.debug_info</name>
         <load_address>0x19a9</load_address>
         <run_address>0x19a9</run_address>
         <size>0x18b</size>
         <input_file_ref idref="fl-4"/>
      </object_component>
      <object_component id="oc-5f6">
         <name>.debug_info</name>
         <load_address>0x1b34</load_address>
         <run_address>0x1b34</run_address>
         <size>0x17b</size>
         <input_file_ref idref="fl-4"/>
      </object_component>
      <object_component id="oc-5fc">
         <name>.debug_info</name>
         <load_address>0x1caf</load_address>
         <run_address>0x1caf</run_address>
         <size>0x17b</size>
         <input_file_ref idref="fl-4"/>
      </object_component>
      <object_component id="oc-554">
         <name>.debug_info</name>
         <load_address>0x1e2a</load_address>
         <run_address>0x1e2a</run_address>
         <size>0x1e0</size>
         <input_file_ref idref="fl-4"/>
      </object_component>
      <object_component id="oc-4f8">
         <name>.debug_info</name>
         <load_address>0x200a</load_address>
         <run_address>0x200a</run_address>
         <size>0x785</size>
         <input_file_ref idref="fl-5"/>
      </object_component>
      <object_component id="oc-543">
         <name>.debug_info</name>
         <load_address>0x278f</load_address>
         <run_address>0x278f</run_address>
         <size>0x1cb</size>
         <input_file_ref idref="fl-5"/>
      </object_component>
      <object_component id="oc-549">
         <name>.debug_info</name>
         <load_address>0x295a</load_address>
         <run_address>0x295a</run_address>
         <size>0x1a1</size>
         <input_file_ref idref="fl-5"/>
      </object_component>
      <object_component id="oc-54e">
         <name>.debug_info</name>
         <load_address>0x2afb</load_address>
         <run_address>0x2afb</run_address>
         <size>0x143</size>
         <input_file_ref idref="fl-5"/>
      </object_component>
      <object_component id="oc-514">
         <name>.debug_info</name>
         <load_address>0x2c3e</load_address>
         <run_address>0x2c3e</run_address>
         <size>0x203</size>
         <input_file_ref idref="fl-5"/>
      </object_component>
      <object_component id="oc-69">
         <name>.debug_info</name>
         <load_address>0x2e41</load_address>
         <run_address>0x2e41</run_address>
         <size>0x2b8</size>
         <input_file_ref idref="fl-27"/>
      </object_component>
      <object_component id="oc-52f">
         <name>.debug_info</name>
         <load_address>0x30f9</load_address>
         <run_address>0x30f9</run_address>
         <size>0x46</size>
         <input_file_ref idref="fl-27"/>
      </object_component>
      <object_component id="oc-4ea">
         <name>.debug_info</name>
         <load_address>0x313f</load_address>
         <run_address>0x313f</run_address>
         <size>0x39</size>
         <input_file_ref idref="fl-27"/>
      </object_component>
      <object_component id="oc-485">
         <name>.debug_info</name>
         <load_address>0x3178</load_address>
         <run_address>0x3178</run_address>
         <size>0x60</size>
         <input_file_ref idref="fl-27"/>
      </object_component>
      <object_component id="oc-49a">
         <name>.debug_info</name>
         <load_address>0x31d8</load_address>
         <run_address>0x31d8</run_address>
         <size>0x1da</size>
         <input_file_ref idref="fl-28"/>
      </object_component>
      <object_component id="oc-6e">
         <name>.debug_info</name>
         <load_address>0x33b2</load_address>
         <run_address>0x33b2</run_address>
         <size>0x1f2</size>
         <input_file_ref idref="fl-28"/>
      </object_component>
      <object_component id="oc-495">
         <name>.debug_info</name>
         <load_address>0x35a4</load_address>
         <run_address>0x35a4</run_address>
         <size>0x46</size>
         <input_file_ref idref="fl-28"/>
      </object_component>
      <object_component id="oc-49d">
         <name>.debug_info</name>
         <load_address>0x35ea</load_address>
         <run_address>0x35ea</run_address>
         <size>0x10f</size>
         <input_file_ref idref="fl-2a"/>
      </object_component>
      <object_component id="oc-4ad">
         <name>.debug_info</name>
         <load_address>0x36f9</load_address>
         <run_address>0x36f9</run_address>
         <size>0x1d3</size>
         <input_file_ref idref="fl-40"/>
      </object_component>
      <object_component id="oc-507">
         <name>.debug_info</name>
         <load_address>0x38cc</load_address>
         <run_address>0x38cc</run_address>
         <size>0x46</size>
         <input_file_ref idref="fl-40"/>
      </object_component>
      <object_component id="oc-490">
         <name>.debug_info</name>
         <load_address>0x3912</load_address>
         <run_address>0x3912</run_address>
         <size>0x121</size>
         <input_file_ref idref="fl-41"/>
      </object_component>
      <object_component id="oc-6ea">
         <name>.debug_info</name>
         <load_address>0x3a33</load_address>
         <run_address>0x3a33</run_address>
         <size>0x1a2</size>
         <input_file_ref idref="fl-42"/>
      </object_component>
      <object_component id="oc-657">
         <name>.debug_info</name>
         <load_address>0x3bd5</load_address>
         <run_address>0x3bd5</run_address>
         <size>0x228</size>
         <input_file_ref idref="fl-42"/>
      </object_component>
      <object_component id="oc-619">
         <name>.debug_info</name>
         <load_address>0x3dfd</load_address>
         <run_address>0x3dfd</run_address>
         <size>0x94</size>
         <input_file_ref idref="fl-42"/>
      </object_component>
      <object_component id="oc-74f">
         <name>.debug_info</name>
         <load_address>0x3e91</load_address>
         <run_address>0x3e91</run_address>
         <size>0x19b</size>
         <input_file_ref idref="fl-43"/>
      </object_component>
      <object_component id="oc-6e7">
         <name>.debug_info</name>
         <load_address>0x402c</load_address>
         <run_address>0x402c</run_address>
         <size>0x2bc</size>
         <input_file_ref idref="fl-43"/>
      </object_component>
      <object_component id="oc-775">
         <name>.debug_info</name>
         <load_address>0x42e8</load_address>
         <run_address>0x42e8</run_address>
         <size>0x16d</size>
         <input_file_ref idref="fl-44"/>
      </object_component>
      <object_component id="oc-749">
         <name>.debug_info</name>
         <load_address>0x4455</load_address>
         <run_address>0x4455</run_address>
         <size>0x1dd</size>
         <input_file_ref idref="fl-44"/>
      </object_component>
      <object_component id="oc-675">
         <name>.debug_info</name>
         <load_address>0x4632</load_address>
         <run_address>0x4632</run_address>
         <size>0x19d</size>
         <input_file_ref idref="fl-45"/>
      </object_component>
      <object_component id="oc-5cb">
         <name>.debug_info</name>
         <load_address>0x47cf</load_address>
         <run_address>0x47cf</run_address>
         <size>0x252</size>
         <input_file_ref idref="fl-45"/>
      </object_component>
      <object_component id="oc-6f4">
         <name>.debug_info</name>
         <load_address>0x4a21</load_address>
         <run_address>0x4a21</run_address>
         <size>0x16d</size>
         <input_file_ref idref="fl-46"/>
      </object_component>
      <object_component id="oc-670">
         <name>.debug_info</name>
         <load_address>0x4b8e</load_address>
         <run_address>0x4b8e</run_address>
         <size>0x5bd</size>
         <input_file_ref idref="fl-46"/>
      </object_component>
      <object_component id="oc-69b">
         <name>.debug_info</name>
         <load_address>0x514b</load_address>
         <run_address>0x514b</run_address>
         <size>0x138</size>
         <input_file_ref idref="fl-47"/>
      </object_component>
      <object_component id="oc-500">
         <name>.debug_info</name>
         <load_address>0x5283</load_address>
         <run_address>0x5283</run_address>
         <size>0x121</size>
         <input_file_ref idref="fl-48"/>
      </object_component>
      <object_component id="oc-72c">
         <name>.debug_info</name>
         <load_address>0x53a4</load_address>
         <run_address>0x53a4</run_address>
         <size>0x123</size>
         <input_file_ref idref="fl-49"/>
      </object_component>
      <object_component id="oc-576">
         <name>.debug_info</name>
         <load_address>0x54c7</load_address>
         <run_address>0x54c7</run_address>
         <size>0x17c</size>
         <input_file_ref idref="fl-4a"/>
      </object_component>
      <object_component id="oc-5d9">
         <name>.debug_info</name>
         <load_address>0x5643</load_address>
         <run_address>0x5643</run_address>
         <size>0x1b0</size>
         <input_file_ref idref="fl-4b"/>
      </object_component>
      <object_component id="oc-68e">
         <name>.debug_info</name>
         <load_address>0x57f3</load_address>
         <run_address>0x57f3</run_address>
         <size>0x176</size>
         <input_file_ref idref="fl-4c"/>
      </object_component>
      <object_component id="oc-722">
         <name>.debug_info</name>
         <load_address>0x5969</load_address>
         <run_address>0x5969</run_address>
         <size>0x1b0</size>
         <input_file_ref idref="fl-4d"/>
      </object_component>
      <object_component id="oc-566">
         <name>.debug_info</name>
         <load_address>0x5b19</load_address>
         <run_address>0x5b19</run_address>
         <size>0x166</size>
         <input_file_ref idref="fl-4e"/>
      </object_component>
      <object_component id="oc-6a4">
         <name>.debug_info</name>
         <load_address>0x5c7f</load_address>
         <run_address>0x5c7f</run_address>
         <size>0x166</size>
         <input_file_ref idref="fl-4f"/>
      </object_component>
      <object_component id="oc-60c">
         <name>.debug_info</name>
         <load_address>0x5de5</load_address>
         <run_address>0x5de5</run_address>
         <size>0x1c1</size>
         <input_file_ref idref="fl-4f"/>
      </object_component>
      <object_component id="oc-61e">
         <name>.debug_info</name>
         <load_address>0x5fa6</load_address>
         <run_address>0x5fa6</run_address>
         <size>0x19d</size>
         <input_file_ref idref="fl-50"/>
      </object_component>
      <object_component id="oc-570">
         <name>.debug_info</name>
         <load_address>0x6143</load_address>
         <run_address>0x6143</run_address>
         <size>0x263</size>
         <input_file_ref idref="fl-50"/>
      </object_component>
      <object_component id="oc-6b0">
         <name>.debug_info</name>
         <load_address>0x63a6</load_address>
         <run_address>0x63a6</run_address>
         <size>0x16d</size>
         <input_file_ref idref="fl-51"/>
      </object_component>
      <object_component id="oc-615">
         <name>.debug_info</name>
         <load_address>0x6513</load_address>
         <run_address>0x6513</run_address>
         <size>0x33d</size>
         <input_file_ref idref="fl-51"/>
      </object_component>
      <object_component id="oc-695">
         <name>.debug_info</name>
         <load_address>0x6850</load_address>
         <run_address>0x6850</run_address>
         <size>0x130</size>
         <input_file_ref idref="fl-53"/>
      </object_component>
      <object_component id="oc-6ad">
         <name>.debug_info</name>
         <load_address>0x6980</load_address>
         <run_address>0x6980</run_address>
         <size>0x130</size>
         <input_file_ref idref="fl-55"/>
      </object_component>
      <object_component id="oc-702">
         <name>.debug_info</name>
         <load_address>0x6ab0</load_address>
         <run_address>0x6ab0</run_address>
         <size>0x120</size>
         <input_file_ref idref="fl-59"/>
      </object_component>
      <object_component id="oc-678">
         <name>.debug_info</name>
         <load_address>0x6bd0</load_address>
         <run_address>0x6bd0</run_address>
         <size>0x126</size>
         <input_file_ref idref="fl-59"/>
      </object_component>
      <object_component id="oc-6fb">
         <name>.debug_info</name>
         <load_address>0x6cf6</load_address>
         <run_address>0x6cf6</run_address>
         <size>0x120</size>
         <input_file_ref idref="fl-5a"/>
      </object_component>
      <object_component id="oc-6a6">
         <name>.debug_info</name>
         <load_address>0x6e16</load_address>
         <run_address>0x6e16</run_address>
         <size>0x126</size>
         <input_file_ref idref="fl-5a"/>
      </object_component>
      <object_component id="oc-67f">
         <name>.debug_info</name>
         <load_address>0x6f3c</load_address>
         <run_address>0x6f3c</run_address>
         <size>0x120</size>
         <input_file_ref idref="fl-5b"/>
      </object_component>
      <object_component id="oc-683">
         <name>.debug_info</name>
         <load_address>0x705c</load_address>
         <run_address>0x705c</run_address>
         <size>0x126</size>
         <input_file_ref idref="fl-5b"/>
      </object_component>
      <object_component id="oc-5d3">
         <name>.debug_info</name>
         <load_address>0x7182</load_address>
         <run_address>0x7182</run_address>
         <size>0x1a3</size>
         <input_file_ref idref="fl-5d"/>
      </object_component>
      <object_component id="oc-481">
         <name>.debug_info</name>
         <load_address>0x7325</load_address>
         <run_address>0x7325</run_address>
         <size>0x100</size>
         <input_file_ref idref="fl-5e"/>
      </object_component>
      <object_component id="oc-4d8">
         <name>.debug_info</name>
         <load_address>0x7425</load_address>
         <run_address>0x7425</run_address>
         <size>0x193</size>
         <input_file_ref idref="fl-5e"/>
      </object_component>
      <object_component id="oc-529">
         <name>.debug_info</name>
         <load_address>0x75b8</load_address>
         <run_address>0x75b8</run_address>
         <size>0x1ae</size>
         <input_file_ref idref="fl-5f"/>
      </object_component>
      <object_component id="oc-5ba">
         <name>.debug_info</name>
         <load_address>0x7766</load_address>
         <run_address>0x7766</run_address>
         <size>0x18b</size>
         <input_file_ref idref="fl-5f"/>
      </object_component>
      <object_component id="oc-639">
         <name>.debug_info</name>
         <load_address>0x78f1</load_address>
         <run_address>0x78f1</run_address>
         <size>0x409</size>
         <input_file_ref idref="fl-61"/>
      </object_component>
      <object_component id="oc-5a0">
         <name>.debug_info</name>
         <load_address>0x7cfa</load_address>
         <run_address>0x7cfa</run_address>
         <size>0x216</size>
         <input_file_ref idref="fl-61"/>
      </object_component>
      <object_component id="oc-6ca">
         <name>.debug_info</name>
         <load_address>0x7f10</load_address>
         <run_address>0x7f10</run_address>
         <size>0x39</size>
         <input_file_ref idref="fl-61"/>
      </object_component>
      <object_component id="oc-6dc">
         <name>.debug_info</name>
         <load_address>0x7f49</load_address>
         <run_address>0x7f49</run_address>
         <size>0x2c</size>
         <input_file_ref idref="fl-61"/>
      </object_component>
      <object_component id="oc-644">
         <name>.debug_info</name>
         <load_address>0x7f75</load_address>
         <run_address>0x7f75</run_address>
         <size>0x2c</size>
         <input_file_ref idref="fl-61"/>
      </object_component>
      <object_component id="oc-6cf">
         <name>.debug_info</name>
         <load_address>0x7fa1</load_address>
         <run_address>0x7fa1</run_address>
         <size>0xcd</size>
         <input_file_ref idref="fl-61"/>
      </object_component>
      <object_component id="oc-633">
         <name>.debug_info</name>
         <load_address>0x806e</load_address>
         <run_address>0x806e</run_address>
         <size>0x150</size>
         <input_file_ref idref="fl-62"/>
      </object_component>
      <object_component id="oc-50e">
         <name>.debug_info</name>
         <load_address>0x81be</load_address>
         <run_address>0x81be</run_address>
         <size>0x153</size>
         <input_file_ref idref="fl-63"/>
      </object_component>
      <object_component id="oc-57c">
         <name>.debug_info</name>
         <load_address>0x8311</load_address>
         <run_address>0x8311</run_address>
         <size>0x122</size>
         <input_file_ref idref="fl-65"/>
      </object_component>
      <object_component id="oc-5c7">
         <name>.debug_info</name>
         <load_address>0x8433</load_address>
         <run_address>0x8433</run_address>
         <size>0x799</size>
         <input_file_ref idref="fl-68"/>
      </object_component>
      <object_component id="oc-6ee">
         <name>.debug_info</name>
         <load_address>0x8bcc</load_address>
         <run_address>0x8bcc</run_address>
         <size>0x46</size>
         <input_file_ref idref="fl-68"/>
      </object_component>
      <object_component id="oc-669">
         <name>.debug_info</name>
         <load_address>0x8c12</load_address>
         <run_address>0x8c12</run_address>
         <size>0x39</size>
         <input_file_ref idref="fl-68"/>
      </object_component>
      <object_component id="oc-663">
         <name>.debug_info</name>
         <load_address>0x8c4b</load_address>
         <run_address>0x8c4b</run_address>
         <size>0x1cf</size>
         <input_file_ref idref="fl-69"/>
      </object_component>
      <object_component id="oc-6ec">
         <name>.debug_info</name>
         <load_address>0x8e1a</load_address>
         <run_address>0x8e1a</run_address>
         <size>0x166</size>
         <input_file_ref idref="fl-6a"/>
      </object_component>
      <object_component id="oc-65f">
         <name>.debug_info</name>
         <load_address>0x8f80</load_address>
         <run_address>0x8f80</run_address>
         <size>0x1f3</size>
         <input_file_ref idref="fl-6a"/>
      </object_component>
      <object_component id="oc-654">
         <name>.debug_info</name>
         <load_address>0x9173</load_address>
         <run_address>0x9173</run_address>
         <size>0xfe</size>
         <input_file_ref idref="fl-6b"/>
      </object_component>
      <object_component id="oc-720">
         <name>.debug_info</name>
         <load_address>0x9271</load_address>
         <run_address>0x9271</run_address>
         <size>0x1cc</size>
         <input_file_ref idref="fl-6d"/>
      </object_component>
      <object_component id="oc-711">
         <name>.debug_info</name>
         <load_address>0x943d</load_address>
         <run_address>0x943d</run_address>
         <size>0xf8</size>
         <input_file_ref idref="fl-6d"/>
      </object_component>
      <object_component id="oc-714">
         <name>.debug_info</name>
         <load_address>0x9535</load_address>
         <run_address>0x9535</run_address>
         <size>0xfc</size>
         <input_file_ref idref="fl-6d"/>
      </object_component>
      <object_component id="oc-717">
         <name>.debug_info</name>
         <load_address>0x9631</load_address>
         <run_address>0x9631</run_address>
         <size>0xfc</size>
         <input_file_ref idref="fl-6d"/>
      </object_component>
      <object_component id="oc-689">
         <name>.debug_info</name>
         <load_address>0x972d</load_address>
         <run_address>0x972d</run_address>
         <size>0x110b</size>
         <input_file_ref idref="fl-6d"/>
      </object_component>
      <object_component id="oc-70c">
         <name>.debug_info</name>
         <load_address>0xa838</load_address>
         <run_address>0xa838</run_address>
         <size>0x163</size>
         <input_file_ref idref="fl-6e"/>
      </object_component>
      <object_component id="oc-768">
         <name>.debug_info</name>
         <load_address>0xa99b</load_address>
         <run_address>0xa99b</run_address>
         <size>0x1ab</size>
         <input_file_ref idref="fl-6f"/>
      </object_component>
      <object_component id="oc-71a">
         <name>.debug_info</name>
         <load_address>0xab46</load_address>
         <run_address>0xab46</run_address>
         <size>0x1de</size>
         <input_file_ref idref="fl-6f"/>
      </object_component>
      <object_component id="oc-769">
         <name>.debug_info</name>
         <load_address>0xad24</load_address>
         <run_address>0xad24</run_address>
         <size>0x2c</size>
         <input_file_ref idref="fl-6f"/>
      </object_component>
      <object_component id="oc-762">
         <name>.debug_info</name>
         <load_address>0xad50</load_address>
         <run_address>0xad50</run_address>
         <size>0x16b</size>
         <input_file_ref idref="fl-70"/>
      </object_component>
      <object_component id="oc-759">
         <name>.debug_info</name>
         <load_address>0xaebb</load_address>
         <run_address>0xaebb</run_address>
         <size>0x178</size>
         <input_file_ref idref="fl-71"/>
      </object_component>
      <object_component id="oc-705">
         <name>.debug_info</name>
         <load_address>0xb033</load_address>
         <run_address>0xb033</run_address>
         <size>0x300</size>
         <input_file_ref idref="fl-71"/>
      </object_component>
      <object_component id="oc-7e4">
         <name>.debug_info</name>
         <load_address>0xb333</load_address>
         <run_address>0xb333</run_address>
         <size>0xea</size>
      </object_component>
      <object_component id="oc-535">
         <name>.debug_line</name>
         <load_address>0x0</load_address>
         <run_address>0x0</run_address>
         <size>0x9a</size>
         <input_file_ref idref="fl-2"/>
      </object_component>
      <object_component id="oc-4a1">
         <name>.debug_line</name>
         <load_address>0x9a</load_address>
         <run_address>0x9a</run_address>
         <size>0x4c</size>
         <input_file_ref idref="fl-2"/>
      </object_component>
      <object_component id="oc-560">
         <name>.debug_line</name>
         <load_address>0xe6</load_address>
         <run_address>0xe6</run_address>
         <size>0x43</size>
         <input_file_ref idref="fl-2"/>
      </object_component>
      <object_component id="oc-539">
         <name>.debug_line</name>
         <load_address>0x129</load_address>
         <run_address>0x129</run_address>
         <size>0x7c</size>
         <input_file_ref idref="fl-2"/>
      </object_component>
      <object_component id="oc-48d">
         <name>.debug_line</name>
         <load_address>0x1a5</load_address>
         <run_address>0x1a5</run_address>
         <size>0x20</size>
         <input_file_ref idref="fl-2"/>
      </object_component>
      <object_component id="oc-5c2">
         <name>.debug_line</name>
         <load_address>0x1c5</load_address>
         <run_address>0x1c5</run_address>
         <size>0x80</size>
         <input_file_ref idref="fl-2"/>
      </object_component>
      <object_component id="oc-53c">
         <name>.debug_line</name>
         <load_address>0x245</load_address>
         <run_address>0x245</run_address>
         <size>0x16f</size>
         <input_file_ref idref="fl-3"/>
      </object_component>
      <object_component id="oc-611">
         <name>.debug_line</name>
         <load_address>0x3b4</load_address>
         <run_address>0x3b4</run_address>
         <size>0x2c</size>
         <input_file_ref idref="fl-3"/>
      </object_component>
      <object_component id="oc-5e7">
         <name>.debug_line</name>
         <load_address>0x3e0</load_address>
         <run_address>0x3e0</run_address>
         <size>0x4a</size>
         <input_file_ref idref="fl-3"/>
      </object_component>
      <object_component id="oc-5e1">
         <name>.debug_line</name>
         <load_address>0x42a</load_address>
         <run_address>0x42a</run_address>
         <size>0x4e</size>
         <input_file_ref idref="fl-3"/>
      </object_component>
      <object_component id="oc-4aa">
         <name>.debug_line</name>
         <load_address>0x478</load_address>
         <run_address>0x478</run_address>
         <size>0x44</size>
         <input_file_ref idref="fl-3"/>
      </object_component>
      <object_component id="oc-55d">
         <name>.debug_line</name>
         <load_address>0x4bc</load_address>
         <run_address>0x4bc</run_address>
         <size>0x46</size>
         <input_file_ref idref="fl-3"/>
      </object_component>
      <object_component id="oc-603">
         <name>.debug_line</name>
         <load_address>0x502</load_address>
         <run_address>0x502</run_address>
         <size>0x58</size>
         <input_file_ref idref="fl-4"/>
      </object_component>
      <object_component id="oc-5f0">
         <name>.debug_line</name>
         <load_address>0x55a</load_address>
         <run_address>0x55a</run_address>
         <size>0x54</size>
         <input_file_ref idref="fl-4"/>
      </object_component>
      <object_component id="oc-5f5">
         <name>.debug_line</name>
         <load_address>0x5ae</load_address>
         <run_address>0x5ae</run_address>
         <size>0x60</size>
         <input_file_ref idref="fl-4"/>
      </object_component>
      <object_component id="oc-5fb">
         <name>.debug_line</name>
         <load_address>0x60e</load_address>
         <run_address>0x60e</run_address>
         <size>0x5c</size>
         <input_file_ref idref="fl-4"/>
      </object_component>
      <object_component id="oc-557">
         <name>.debug_line</name>
         <load_address>0x66a</load_address>
         <run_address>0x66a</run_address>
         <size>0x55</size>
         <input_file_ref idref="fl-4"/>
      </object_component>
      <object_component id="oc-53e">
         <name>.debug_line</name>
         <load_address>0x6bf</load_address>
         <run_address>0x6bf</run_address>
         <size>0x127</size>
         <input_file_ref idref="fl-5"/>
      </object_component>
      <object_component id="oc-542">
         <name>.debug_line</name>
         <load_address>0x7e6</load_address>
         <run_address>0x7e6</run_address>
         <size>0x45</size>
         <input_file_ref idref="fl-5"/>
      </object_component>
      <object_component id="oc-548">
         <name>.debug_line</name>
         <load_address>0x82b</load_address>
         <run_address>0x82b</run_address>
         <size>0x4c</size>
         <input_file_ref idref="fl-5"/>
      </object_component>
      <object_component id="oc-551">
         <name>.debug_line</name>
         <load_address>0x877</load_address>
         <run_address>0x877</run_address>
         <size>0x57</size>
         <input_file_ref idref="fl-5"/>
      </object_component>
      <object_component id="oc-517">
         <name>.debug_line</name>
         <load_address>0x8ce</load_address>
         <run_address>0x8ce</run_address>
         <size>0x5e</size>
         <input_file_ref idref="fl-5"/>
      </object_component>
      <object_component id="oc-67">
         <name>.debug_line</name>
         <load_address>0x92c</load_address>
         <run_address>0x92c</run_address>
         <size>0x9d</size>
         <input_file_ref idref="fl-27"/>
      </object_component>
      <object_component id="oc-532">
         <name>.debug_line</name>
         <load_address>0x9c9</load_address>
         <run_address>0x9c9</run_address>
         <size>0x9a</size>
         <input_file_ref idref="fl-27"/>
      </object_component>
      <object_component id="oc-4ed">
         <name>.debug_line</name>
         <load_address>0xa63</load_address>
         <run_address>0xa63</run_address>
         <size>0x96</size>
         <input_file_ref idref="fl-27"/>
      </object_component>
      <object_component id="oc-488">
         <name>.debug_line</name>
         <load_address>0xaf9</load_address>
         <run_address>0xaf9</run_address>
         <size>0x3a</size>
         <input_file_ref idref="fl-27"/>
      </object_component>
      <object_component id="oc-4f1">
         <name>.debug_line</name>
         <load_address>0xb33</load_address>
         <run_address>0xb33</run_address>
         <size>0x3a</size>
         <input_file_ref idref="fl-28"/>
      </object_component>
      <object_component id="oc-70">
         <name>.debug_line</name>
         <load_address>0xb6d</load_address>
         <run_address>0xb6d</run_address>
         <size>0x50</size>
         <input_file_ref idref="fl-28"/>
      </object_component>
      <object_component id="oc-498">
         <name>.debug_line</name>
         <load_address>0xbbd</load_address>
         <run_address>0xbbd</run_address>
         <size>0x3a</size>
         <input_file_ref idref="fl-28"/>
      </object_component>
      <object_component id="oc-49c">
         <name>.debug_line</name>
         <load_address>0xbf7</load_address>
         <run_address>0xbf7</run_address>
         <size>0x3d</size>
         <input_file_ref idref="fl-2a"/>
      </object_component>
      <object_component id="oc-4b0">
[...]
      </symbol>
      <symbol id="sm-502">
         <name>init_Constants</name>
         <value>0xb0ea</value>
         <object_component_ref idref="oc-541"/>
      </symbol>
      <symbol id="sm-503">
         <name>main</name>
         <value>0xb2c0</value>
         <object_component_ref idref="oc-513"/>
      </symbol>
      <symbol id="sm-504">
         <name>init_GlobalVariables</name>
         <value>0xb788</value>
         <object_component_ref idref="oc-547"/>
      </symbol>
      <symbol id="sm-505">
         <name>init_CS</name>
         <value>0xb56c</value>
         <object_component_ref idref="oc-54d"/>
      </symbol>
      <symbol id="sm-527">
         <name>__TI_decompress_lzss</name>
         <value>0xae72</value>
         <object_component_ref idref="oc-66"/>
      </symbol>
      <symbol id="sm-538">
         <name>__TI_decompress_none</name>
         <value>0xb8bc</value>
         <object_component_ref idref="oc-6c"/>
      </symbol>
      <symbol id="sm-53b">
         <name>__TI_int22</name>
         <value>0xffce</value>
         <object_component_ref idref="oc-72"/>
      </symbol>
      <symbol id="sm-543">
         <name>__TI_ISR_TRAP</name>
         <value>0xbb68</value>
         <object_component_ref idref="oc-49b"/>
      </symbol>
      <symbol id="sm-546">
         <name>__TI_int23</name>
         <value>0xffd0</value>
         <object_component_ref idref="oc-73"/>
      </symbol>
      <symbol id="sm-549">
         <name>__TI_int24</name>
         <value>0xffd2</value>
         <object_component_ref idref="oc-74"/>
      </symbol>
      <symbol id="sm-54c">
         <name>__TI_int25</name>
         <value>0xffd4</value>
         <object_component_ref idref="oc-75"/>
      </symbol>
      <symbol id="sm-54f">
         <name>__TI_int26</name>
         <value>0xffd6</value>
         <object_component_ref idref="oc-76"/>
      </symbol>
      <symbol id="sm-552">
         <name>__TI_int27</name>
         <value>0xffd8</value>
         <object_component_ref idref="oc-77"/>
      </symbol>
      <symbol id="sm-555">
         <name>__TI_int28</name>
         <value>0xffda</value>
         <object_component_ref idref="oc-78"/>
      </symbol>
      <symbol id="sm-558">
         <name>__TI_int29</name>
         <value>0xffdc</value>
         <object_component_ref idref="oc-79"/>
      </symbol>
      <symbol id="sm-55b">
         <name>__TI_int30</name>
         <value>0xffde</value>
         <object_component_ref idref="oc-7a"/>
      </symbol>
      <symbol id="sm-55e">
         <name>__TI_int31</name>
         <value>0xffe0</value>
         <object_component_ref idref="oc-7b"/>
      </symbol>
      <symbol id="sm-561">
         <name>__TI_int32</name>
         <value>0xffe2</value>
         <object_component_ref idref="oc-7c"/>
      </symbol>
      <symbol id="sm-564">
         <name>__TI_int33</name>
         <value>0xffe4</value>
         <object_component_ref idref="oc-7d"/>
      </symbol>
      <symbol id="sm-567">
         <name>__TI_int34</name>
         <value>0xffe6</value>
         <object_component_ref idref="oc-7e"/>
      </symbol>
      <symbol id="sm-56a">
         <name>__TI_int35</name>
         <value>0xffe8</value>
         <object_component_ref idref="oc-7f"/>
      </symbol>
      <symbol id="sm-56d">
         <name>__TI_int36</name>
         <value>0xffea</value>
         <object_component_ref idref="oc-80"/>
      </symbol>
      <symbol id="sm-570">
         <name>__TI_int37</name>
         <value>0xffec</value>
         <object_component_ref idref="oc-81"/>
      </symbol>
      <symbol id="sm-573">
         <name>__TI_int38</name>
         <value>0xffee</value>
         <object_component_ref idref="oc-82"/>
      </symbol>
      <symbol id="sm-576">
         <name>__TI_int39</name>
         <value>0xfff0</value>
         <object_component_ref idref="oc-83"/>
      </symbol>
      <symbol id="sm-579">
         <name>__TI_int40</name>
         <value>0xfff2</value>
         <object_component_ref idref="oc-84"/>
      </symbol>
      <symbol id="sm-57c">
         <name>__TI_int42</name>
         <value>0xfff6</value>
         <object_component_ref idref="oc-86"/>
      </symbol>
      <symbol id="sm-57f">
         <name>__TI_int44</name>
         <value>0xfffa</value>
         <object_component_ref idref="oc-88"/>
      </symbol>
      <symbol id="sm-582">
         <name>__TI_int45</name>
         <value>0xfffc</value>
         <object_component_ref idref="oc-89"/>
      </symbol>
      <symbol id="sm-592">
         <name>__TI_zero_init_nomemset</name>
         <value>0xb74a</value>
         <object_component_ref idref="oc-4ac"/>
      </symbol>
      <symbol id="sm-59d">
         <name>__memcpy_far</name>
         <value>0xb6ca</value>
         <object_component_ref idref="oc-48f"/>
      </symbol>
      <symbol id="sm-5c4">
         <name>__mspabi_addd</name>
         <value>0x9e14</value>
         <object_component_ref idref="oc-656"/>
      </symbol>
      <symbol id="sm-5e5">
         <name>__TI_frcaddd</name>
         <value>0xa8b2</value>
         <object_component_ref idref="oc-6e3"/>
      </symbol>
      <symbol id="sm-5f9">
         <name>__TI_renormd</name>
         <value>0xb038</value>
         <object_component_ref idref="oc-748"/>
      </symbol>
      <symbol id="sm-61a">
         <name>__mspabi_divd</name>
         <value>0xaafa</value>
         <object_component_ref idref="oc-5ca"/>
      </symbol>
      <symbol id="sm-635">
         <name>__TI_frcdivd</name>
         <value>0x99ae</value>
         <object_component_ref idref="oc-66e"/>
      </symbol>
      <symbol id="sm-641">
         <name>__mspabi_remli</name>
         <value>0xb70a</value>
         <object_component_ref idref="oc-699"/>
      </symbol>
      <symbol id="sm-642">
         <name>__mspabi_divli</name>
         <value>0xb70a</value>
         <object_component_ref idref="oc-699"/>
      </symbol>
      <symbol id="sm-64c">
         <name>__mspabi_remu</name>
         <value>0xba34</value>
         <object_component_ref idref="oc-4ff"/>
      </symbol>
      <symbol id="sm-64d">
         <name>__mspabi_divu</name>
         <value>0xba34</value>
         <object_component_ref idref="oc-4ff"/>
      </symbol>
      <symbol id="sm-65b">
         <name>__mspabi_remul</name>
         <value>0xb622</value>
         <object_component_ref idref="oc-729"/>
      </symbol>
      <symbol id="sm-65c">
         <name>__mspabi_divul</name>
         <value>0xb622</value>
         <object_component_ref idref="oc-729"/>
      </symbol>
      <symbol id="sm-669">
         <name>__mspabi_fixdi</name>
         <value>0xb97e</value>
         <object_component_ref idref="oc-574"/>
      </symbol>
      <symbol id="sm-678">
         <name>__mspabi_fixdli</name>
         <value>0xb506</value>
         <object_component_ref idref="oc-5d8"/>
      </symbol>
      <symbol id="sm-683">
         <name>__mspabi_fixdu</name>
         <value>0xba4a</value>
         <object_component_ref idref="oc-68d"/>
      </symbol>
      <symbol id="sm-693">
         <name>__mspabi_fixdul</name>
         <value>0xb49e</value>
         <object_component_ref idref="oc-721"/>
      </symbol>
      <symbol id="sm-69c">
         <name>__mspabi_fltud</name>
         <value>0xbab0</value>
         <object_component_ref idref="oc-565"/>
      </symbol>
      <symbol id="sm-6b1">
         <name>__mspabi_fltuld</name>
         <value>0xb346</value>
         <object_component_ref idref="oc-609"/>
      </symbol>
      <symbol id="sm-6d2">
         <name>__mspabi_mpyd</name>
         <value>0xa64e</value>
         <object_component_ref idref="oc-56e"/>
      </symbol>
      <symbol id="sm-6e2">
         <name>__TI_frcmpyd</name>
         <value>0xa3ce</value>
         <object_component_ref idref="oc-612"/>
      </symbol>
      <symbol id="sm-6eb">
         <name>__mspabi_mpyi_f5hw</name>
         <value>0xba06</value>
         <object_component_ref idref="oc-694"/>
      </symbol>
      <symbol id="sm-6f4">
         <name>__mspabi_mpyl_f5hw</name>
         <value>0xb9a6</value>
         <object_component_ref idref="oc-6aa"/>
      </symbol>
      <symbol id="sm-707">
         <name>__mspabi_slll_9</name>
         <value>0xb81c</value>
         <object_component_ref idref="oc-677"/>
      </symbol>
      <symbol id="sm-708">
         <name>__mspabi_slll_8</name>
         <value>0xb820</value>
         <object_component_ref idref="oc-677"/>
      </symbol>
      <symbol id="sm-709">
         <name>__mspabi_slll_7</name>
         <value>0xb824</value>
         <object_component_ref idref="oc-677"/>
      </symbol>
      <symbol id="sm-70a">
         <name>__mspabi_slll_6</name>
         <value>0xb828</value>
         <object_component_ref idref="oc-677"/>
      </symbol>
      <symbol id="sm-70b">
         <name>__mspabi_slll_5</name>
         <value>0xb82c</value>
         <object_component_ref idref="oc-677"/>
      </symbol>
      <symbol id="sm-70c">
         <name>__mspabi_slll_4</name>
         <value>0xb830</value>
         <object_component_ref idref="oc-677"/>
      </symbol>
      <symbol id="sm-70d">
         <name>__mspabi_slll_3</name>
         <value>0xb834</value>
         <object_component_ref idref="oc-677"/>
      </symbol>
      <symbol id="sm-70e">
         <name>__mspabi_slll_2</name>
         <value>0xb838</value>
         <object_component_ref idref="oc-677"/>
      </symbol>
      <symbol id="sm-70f">
         <name>__mspabi_slll_1</name>
         <value>0xb83c</value>
         <object_component_ref idref="oc-677"/>
      </symbol>
      <symbol id="sm-710">
         <name>__mspabi_slll</name>
         <value>0xba90</value>
         <object_component_ref idref="oc-6ff"/>
      </symbol>
      <symbol id="sm-711">
         <name>__mspabi_slll_15</name>
         <value>0xb804</value>
         <object_component_ref idref="oc-677"/>
      </symbol>
      <symbol id="sm-712">
         <name>__mspabi_slll_14</name>
         <value>0xb808</value>
         <object_component_ref idref="oc-677"/>
      </symbol>
      <symbol id="sm-713">
         <name>__mspabi_slll_13</name>
         <value>0xb80c</value>
         <object_component_ref idref="oc-677"/>
      </symbol>
      <symbol id="sm-714">
         <name>__mspabi_slll_12</name>
         <value>0xb810</value>
         <object_component_ref idref="oc-677"/>
      </symbol>
      <symbol id="sm-715">
         <name>__mspabi_slll_11</name>
         <value>0xb814</value>
         <object_component_ref idref="oc-677"/>
      </symbol>
      <symbol id="sm-716">
         <name>__mspabi_slll_10</name>
         <value>0xb818</value>
         <object_component_ref idref="oc-677"/>
      </symbol>
      <symbol id="sm-726">
         <name>__mspabi_sral</name>
         <value>0xba80</value>
         <object_component_ref idref="oc-6fa"/>
      </symbol>
      <symbol id="sm-727">
         <name>__mspabi_sral_15</name>
         <value>0xb7c6</value>
         <object_component_ref idref="oc-6a5"/>
      </symbol>
      <symbol id="sm-728">
         <name>__mspabi_sral_14</name>
         <value>0xb7ca</value>
         <object_component_ref idref="oc-6a5"/>
      </symbol>
      <symbol id="sm-729">
         <name>__mspabi_sral_13</name>
         <value>0xb7ce</value>
         <object_component_ref idref="oc-6a5"/>
      </symbol>
      <symbol id="sm-72a">
         <name>__mspabi_sral_12</name>
         <value>0xb7d2</value>
         <object_component_ref idref="oc-6a5"/>
      </symbol>
      <symbol id="sm-72b">
         <name>__mspabi_sral_11</name>
         <value>0xb7d6</value>
         <object_component_ref idref="oc-6a5"/>
      </symbol>
      <symbol id="sm-72c">
         <name>__mspabi_sral_10</name>
         <value>0xb7da</value>
         <object_component_ref idref="oc-6a5"/>
      </symbol>
      <symbol id="sm-72d">
         <name>__mspabi_sral_8</name>
         <value>0xb7e2</value>
         <object_component_ref idref="oc-6a5"/>
      </symbol>
      <symbol id="sm-72e">
         <name>__mspabi_sral_9</name>
         <value>0xb7de</value>
         <object_component_ref idref="oc-6a5"/>
      </symbol>
      <symbol id="sm-72f">
         <name>__mspabi_sral_6</name>
         <value>0xb7ea</value>
         <object_component_ref idref="oc-6a5"/>
      </symbol>
      <symbol id="sm-730">
         <name>__mspabi_sral_7</name>
         <value>0xb7e6</value>
         <object_component_ref idref="oc-6a5"/>
      </symbol>
      <symbol id="sm-731">
         <name>__mspabi_sral_4</name>
         <value>0xb7f2</value>
         <object_component_ref idref="oc-6a5"/>
      </symbol>
      <symbol id="sm-732">
         <name>__mspabi_sral_5</name>
         <value>0xb7ee</value>
         <object_component_ref idref="oc-6a5"/>
      </symbol>
      <symbol id="sm-733">
         <name>__mspabi_sral_2</name>
         <value>0xb7fa</value>
         <object_component_ref idref="oc-6a5"/>
      </symbol>
      <symbol id="sm-734">
         <name>__mspabi_sral_3</name>
         <value>0xb7f6</value>
         <object_component_ref idref="oc-6a5"/>
      </symbol>
      <symbol id="sm-735">
         <name>__mspabi_sral_1</name>
         <value>0xb7fe</value>
         <object_component_ref idref="oc-6a5"/>
      </symbol>
      <symbol id="sm-745">
         <name>__mspabi_srll_8</name>
         <value>0xb85e</value>
         <object_component_ref idref="oc-682"/>
      </symbol>
      <symbol id="sm-746">
         <name>__mspabi_srll_9</name>
         <value>0xb85a</value>
         <object_component_ref idref="oc-682"/>
      </symbol>
      <symbol id="sm-747">
         <name>__mspabi_srll_6</name>
         <value>0xb866</value>
         <object_component_ref idref="oc-682"/>
      </symbol>
      <symbol id="sm-748">
         <name>__mspabi_srll_7</name>
         <value>0xb862</value>
         <object_component_ref idref="oc-682"/>
      </symbol>
      <symbol id="sm-749">
         <name>__mspabi_srll_4</name>
         <value>0xb86e</value>
         <object_component_ref idref="oc-682"/>
      </symbol>
      <symbol id="sm-74a">
         <name>__mspabi_srll_5</name>
         <value>0xb86a</value>
         <object_component_ref idref="oc-682"/>
      </symbol>
      <symbol id="sm-74b">
         <name>__mspabi_srll_2</name>
         <value>0xb876</value>
         <object_component_ref idref="oc-682"/>
      </symbol>
      <symbol id="sm-74c">
         <name>__mspabi_srll_3</name>
         <value>0xb872</value>
         <object_component_ref idref="oc-682"/>
      </symbol>
      <symbol id="sm-74d">
         <name>__mspabi_srll_1</name>
         <value>0xb87a</value>
         <object_component_ref idref="oc-682"/>
      </symbol>
      <symbol id="sm-74e">
         <name>__mspabi_srll_15</name>
         <value>0xb842</value>
         <object_component_ref idref="oc-682"/>
      </symbol>
      <symbol id="sm-74f">
         <name>__mspabi_srll_14</name>
         <value>0xb846</value>
         <object_component_ref idref="oc-682"/>
      </symbol>
      <symbol id="sm-750">
         <name>__mspabi_srll_13</name>
         <value>0xb84a</value>
         <object_component_ref idref="oc-682"/>
      </symbol>
      <symbol id="sm-751">
         <name>__mspabi_srll_12</name>
         <value>0xb84e</value>
         <object_component_ref idref="oc-682"/>
      </symbol>
      <symbol id="sm-752">
         <name>__mspabi_srll_11</name>
         <value>0xb852</value>
         <object_component_ref idref="oc-682"/>
      </symbol>
      <symbol id="sm-753">
         <name>__mspabi_srll_10</name>
         <value>0xb856</value>
         <object_component_ref idref="oc-682"/>
      </symbol>
      <symbol id="sm-754">
         <name>__mspabi_srll</name>
         <value>0xbaa0</value>
         <object_component_ref idref="oc-67c"/>
      </symbol>
      <symbol id="sm-75e">
         <name>__mspabi_subd</name>
         <value>0xb8f8</value>
         <object_component_ref idref="oc-5d2"/>
      </symbol>
      <symbol id="sm-76e">
         <name>_c_int00_noargs_mpu</name>
         <value>0xbb48</value>
         <object_component_ref idref="oc-4d6"/>
      </symbol>
      <symbol id="sm-76f">
         <name>_stack</name>
         <value>0x2f60</value>
         <object_component_ref idref="oc-480"/>
      </symbol>
      <symbol id="sm-770">
         <name>_reset_vector</name>
         <value>0xfffe</value>
         <object_component_ref idref="oc-483"/>
      </symbol>
      <symbol id="sm-77e">
         <name>__mpu_init</name>
         <value>0xb880</value>
         <object_component_ref idref="oc-525"/>
      </symbol>
      <symbol id="sm-7a1">
         <name>__TI_auto_init_nobinit_nopinit_hold_wdt</name>
         <value>0xb434</value>
         <object_component_ref idref="oc-59f"/>
      </symbol>
      <symbol id="sm-7aa">
         <name>_system_post_cinit</name>
         <value>0xbac0</value>
         <object_component_ref idref="oc-632"/>
      </symbol>
      <symbol id="sm-7b3">
         <name>_system_pre_init</name>
         <value>0xbabc</value>
         <object_component_ref idref="oc-50d"/>
      </symbol>
      <symbol id="sm-7be">
         <name>C$$EXIT</name>
         <value>0xbab6</value>
         <object_component_ref idref="oc-57b"/>
      </symbol>
      <symbol id="sm-7bf">
         <name>abort</name>
         <value>0xbab6</value>
         <object_component_ref idref="oc-57b"/>
      </symbol>
      <symbol id="sm-7ff">
         <name>log</name>
         <value>0x9388</value>
         <object_component_ref idref="oc-5c4"/>
      </symbol>
      <symbol id="sm-800">
         <name>logl</name>
         <value>0x9388</value>
         <object_component_ref idref="oc-5c4"/>
      </symbol>
      <symbol id="sm-81a">
         <name>__mspabi_cmpd</name>
         <value>0xaf60</value>
         <object_component_ref idref="oc-662"/>
      </symbol>
      <symbol id="sm-832">
         <name>__mspabi_fltlid</name>
         <value>0xb19a</value>
         <object_component_ref idref="oc-65c"/>
      </symbol>
      <symbol id="sm-839">
         <name>errno</name>
         <value>0x201e</value>
         <object_component_ref idref="oc-653"/>
      </symbol>
      <symbol id="sm-8c7">
         <name>pow</name>
         <value>0x8258</value>
         <object_component_ref idref="oc-687"/>
      </symbol>
      <symbol id="sm-8c8">
         <name>powl</name>
         <value>0x8258</value>
         <object_component_ref idref="oc-687"/>
      </symbol>
      <symbol id="sm-8d1">
         <name>__mspabi_negd</name>
         <value>0xb954</value>
         <object_component_ref idref="oc-70a"/>
      </symbol>
      <symbol id="sm-8ef">
         <name>scalbn</name>
         <value>0xad1a</value>
         <object_component_ref idref="oc-719"/>
      </symbol>
      <symbol id="sm-8f0">
         <name>scalbnl</name>
         <value>0xad1a</value>
         <object_component_ref idref="oc-719"/>
      </symbol>
      <symbol id="sm-8f1">
         <name>ldexpl</name>
         <value>0xad1a</value>
         <object_component_ref idref="oc-719"/>
      </symbol>
      <symbol id="sm-8f2">
         <name>ldexp</name>
         <value>0xad1a</value>
         <object_component_ref idref="oc-719"/>
      </symbol>
      <symbol id="sm-8fb">
         <name>copysign</name>
         <value>0xb926</value>
         <object_component_ref idref="oc-761"/>
      </symbol>
      <symbol id="sm-8fc">
         <name>copysignl</name>
         <value>0xb926</value>
         <object_component_ref idref="oc-761"/>
      </symbol>
      <symbol id="sm-927">
         <name>sqrtl</name>
         <value>0xa0f2</value>
         <object_component_ref idref="oc-704"/>
      </symbol>
      <symbol id="sm-928">
         <name>sqrt</name>
         <value>0xa0f2</value>
         <object_component_ref idref="oc-704"/>
      </symbol>
   </symbol_table>
   <title>Link successful</title>
</link_info>
